Archive member included to satisfy reference by file (symbol)

c:/st/stm32cubeide_1.7.0/stm32cubeide/plugins/com.st.stm32cube.ide.mcu.externaltools.gnu-tools-for-stm32.9-2020-q2-update.win32_2.0.0.202105311346/tools/bin/../lib/gcc/arm-none-eabi/9.3.1/../../../../arm-none-eabi/lib/thumb/v7e-m+fp/hard\libc_nano.a(lib_a-errno.o)
                              ./Core/Src/syscalls.o (__errno)
c:/st/stm32cubeide_1.7.0/stm32cubeide/plugins/com.st.stm32cube.ide.mcu.externaltools.gnu-tools-for-stm32.9-2020-q2-update.win32_2.0.0.202105311346/tools/bin/../lib/gcc/arm-none-eabi/9.3.1/../../../../arm-none-eabi/lib/thumb/v7e-m+fp/hard\libc_nano.a(lib_a-exit.o)
                              c:/st/stm32cubeide_1.7.0/stm32cubeide/plugins/com.st.stm32cube.ide.mcu.externaltools.gnu-tools-for-stm32.9-2020-q2-update.win32_2.0.0.202105311346/tools/bin/../lib/gcc/arm-none-eabi/9.3.1/../../../../arm-none-eabi/lib/thumb/v7e-m+fp/hard/crt0.o (exit)
c:/st/stm32cubeide_1.7.0/stm32cubeide/plugins/com.st.stm32cube.ide.mcu.externaltools.gnu-tools-for-stm32.9-2020-q2-update.win32_2.0.0.202105311346/tools/bin/../lib/gcc/arm-none-eabi/9.3.1/../../../../arm-none-eabi/lib/thumb/v7e-m+fp/hard\libc_nano.a(lib_a-impure.o)
                              c:/st/stm32cubeide_1.7.0/stm32cubeide/plugins/com.st.stm32cube.ide.mcu.externaltools.gnu-tools-for-stm32.9-2020-q2-update.win32_2.0.0.202105311346/tools/bin/../lib/gcc/arm-none-eabi/9.3.1/../../../../arm-none-eabi/lib/thumb/v7e-m+fp/hard\libc_nano.a(lib_a-exit.o) (_global_impure_ptr)
c:/st/stm32cubeide_1.7.0/stm32cubeide/plugins/com.st.stm32cube.ide.mcu.externaltools.gnu-tools-for-stm32.9-2020-q2-update.win32_2.0.0.202105311346/tools/bin/../lib/gcc/arm-none-eabi/9.3.1/../../../../arm-none-eabi/lib/thumb/v7e-m+fp/hard\libc_nano.a(lib_a-init.o)
                              c:/st/stm32cubeide_1.7.0/stm32cubeide/plugins/com.st.stm32cube.ide.mcu.externaltools.gnu-tools-for-stm32.9-2020-q2-update.win32_2.0.0.202105311346/tools/bin/../lib/gcc/arm-none-eabi/9.3.1/../../../../arm-none-eabi/lib/thumb/v7e-m+fp/hard/crt0.o (__libc_init_array)
c:/st/stm32cubeide_1.7.0/stm32cubeide/plugins/com.st.stm32cube.ide.mcu.externaltools.gnu-tools-for-stm32.9-2020-q2-update.win32_2.0.0.202105311346/tools/bin/../lib/gcc/arm-none-eabi/9.3.1/../../../../arm-none-eabi/lib/thumb/v7e-m+fp/hard\libc_nano.a(lib_a-memset.o)
                              c:/st/stm32cubeide_1.7.0/stm32cubeide/plugins/com.st.stm32cube.ide.mcu.externaltools.gnu-tools-for-stm32.9-2020-q2-update.win32_2.0.0.202105311346/tools/bin/../lib/gcc/arm-none-eabi/9.3.1/../../../../arm-none-eabi/lib/thumb/v7e-m+fp/hard/crt0.o (memset)
c:/st/stm32cubeide_1.7.0/stm32cubeide/plugins/com.st.stm32cube.ide.mcu.externaltools.gnu-tools-for-stm32.9-2020-q2-update.win32_2.0.0.202105311346/tools/bin/../lib/gcc/arm-none-eabi/9.3.1/../../../../arm-none-eabi/lib/thumb/v7e-m+fp/hard\libc_nano.a(lib_a-sprintf.o)
                              ./Core/Src/uart.o (sprintf)
c:/st/stm32cubeide_1.7.0/stm32cubeide/plugins/com.st.stm32cube.ide.mcu.externaltools.gnu-tools-for-stm32.9-2020-q2-update.win32_2.0.0.202105311346/tools/bin/../lib/gcc/arm-none-eabi/9.3.1/../../../../arm-none-eabi/lib/thumb/v7e-m+fp/hard\libc_nano.a(lib_a-strlen.o)
                              ./Core/Src/lcd.o (strlen)
c:/st/stm32cubeide_1.7.0/stm32cubeide/plugins/com.st.stm32cube.ide.mcu.externaltools.gnu-tools-for-stm32.9-2020-q2-update.win32_2.0.0.202105311346/tools/bin/../lib/gcc/arm-none-eabi/9.3.1/../../../../arm-none-eabi/lib/thumb/v7e-m+fp/hard\libc_nano.a(lib_a-nano-svfprintf.o)
                              c:/st/stm32cubeide_1.7.0/stm32cubeide/plugins/com.st.stm32cube.ide.mcu.externaltools.gnu-tools-for-stm32.9-2020-q2-update.win32_2.0.0.202105311346/tools/bin/../lib/gcc/arm-none-eabi/9.3.1/../../../../arm-none-eabi/lib/thumb/v7e-m+fp/hard\libc_nano.a(lib_a-sprintf.o) (_svfprintf_r)
c:/st/stm32cubeide_1.7.0/stm32cubeide/plugins/com.st.stm32cube.ide.mcu.externaltools.gnu-tools-for-stm32.9-2020-q2-update.win32_2.0.0.202105311346/tools/bin/../lib/gcc/arm-none-eabi/9.3.1/../../../../arm-none-eabi/lib/thumb/v7e-m+fp/hard\libc_nano.a(lib_a-nano-vfprintf_i.o)
                              c:/st/stm32cubeide_1.7.0/stm32cubeide/plugins/com.st.stm32cube.ide.mcu.externaltools.gnu-tools-for-stm32.9-2020-q2-update.win32_2.0.0.202105311346/tools/bin/../lib/gcc/arm-none-eabi/9.3.1/../../../../arm-none-eabi/lib/thumb/v7e-m+fp/hard\libc_nano.a(lib_a-nano-svfprintf.o) (_printf_i)
c:/st/stm32cubeide_1.7.0/stm32cubeide/plugins/com.st.stm32cube.ide.mcu.externaltools.gnu-tools-for-stm32.9-2020-q2-update.win32_2.0.0.202105311346/tools/bin/../lib/gcc/arm-none-eabi/9.3.1/../../../../arm-none-eabi/lib/thumb/v7e-m+fp/hard\libc_nano.a(lib_a-memchr.o)
[...]
Memory Configuration

Name             Origin             Length             Attributes
CCMRAM           0x0000000010000000 0x0000000000010000 xrw
RAM              0x0000000020000000 0x0000000000020000 xrw
FLASH            0x0000000008000000 0x0000000000100000 xr
*default*        0x0000000000000000 0xffffffffffffffff

Linker script and memory map

LOAD c:/st/stm32cubeide_1.7.0/stm32cubeide/plugins/com.st.stm32cube.ide.mcu.externaltools.gnu-tools-for-stm32.9-2020-q2-update.win32_2.0.0.202105311346/tools/bin/../lib/gcc/arm-none-eabi/9.3.1/thumb/v7e-m+fp/hard/crti.o
LOAD c:/st/stm32cubeide_1.7.0/stm32cubeide/plugins/com.st.stm32cube.ide.mcu.externaltools.gnu-tools-for-stm32.9-2020-q2-update.win32_2.0.0.202105311346/tools/bin/../lib/gcc/arm-none-eabi/9.3.1/thumb/v7e-m+fp/hard/crtbegin.o
LOAD c:/st/stm32cubeide_1.7.0/stm32cubeide/plugins/com.st.stm32cube.ide.mcu.externaltools.gnu-tools-for-stm32.9-2020-q2-update.win32_2.0.0.202105311346/tools/bin/../lib/gcc/arm-none-eabi/9.3.1/../../../../arm-none-eabi/lib/thumb/v7e-m+fp/hard/crt0.o
LOAD ./Core/Src/adc.o
LOAD ./Core/Src/button.o
LOAD ./Core/Src/buzzer.o
LOAD ./Core/Src/dma.o
LOAD ./Core/Src/ds3231.o
LOAD ./Core/Src/fsmc.o
LOAD ./Core/Src/gpio.o
LOAD ./Core/Src/i2c.o
LOAD ./Core/Src/lab6.o
LOAD ./Core/Src/lcd.o
LOAD ./Core/Src/led_7seg.o
LOAD ./Core/Src/main.o
LOAD ./Core/Src/picture.o
LOAD ./Core/Src/sensor.o
LOAD ./Core/Src/software_timer.o
LOAD ./Core/Src/spi.o
LOAD ./Core/Src/stm32f4xx_hal_msp.o
LOAD ./Core/Src/stm32f4xx_it.o
LOAD ./Core/Src/syscalls.o
LOAD ./Core/Src/sysmem.o
LOAD ./Core/Src/system_stm32f4xx.o
LOAD ./Core/Src/tim.o
LOAD ./Core/Src/uart.o
LOAD ./Core/Src/usart.o
LOAD ./Core/Src/utils.o
LOAD ./Core/Startup/startup_stm32f407zetx.o
LOAD ./Drivers/STM32F4xx_HAL_Driver/Src/stm32f4xx_hal.o
LOAD ./Drivers/STM32F4xx_HAL_Driver/Src/stm32f4xx_hal_adc.o
LOAD ./Drivers/STM32F4xx_HAL_Driver/Src/stm32f4xx_hal_adc_ex.o
LOAD ./Drivers/STM32F4xx_HAL_Driver/Src/stm32f4xx_hal_cortex.o
LOAD ./Drivers/STM32F4xx_HAL_Driver/Src/stm32f4xx_hal_dma.o
LOAD ./Drivers/STM32F4xx_HAL_Driver/Src/stm32f4xx_hal_dma_ex.o
LOAD ./Drivers/STM32F4xx_HAL_Driver/Src/stm32f4xx_hal_exti.o
LOAD ./Drivers/STM32F4xx_HAL_Driver/Src/stm32f4xx_hal_flash.o
LOAD ./Drivers/STM32F4xx_HAL_Driver/Src/stm32f4xx_hal_flash_ex.o
LOAD ./Drivers/STM32F4xx_HAL_Driver/Src/stm32f4xx_hal_flash_ramfunc.o
LOAD ./Drivers/STM32F4xx_HAL_Driver/Src/stm32f4xx_hal_gpio.o
LOAD ./Drivers/STM32F4xx_HAL_Driver/Src/stm32f4xx_hal_i2c.o
LOAD ./Drivers/STM32F4xx_HAL_Driver/Src/stm32f4xx_hal_i2c_ex.o
LOAD ./Drivers/STM32F4xx_HAL_Driver/Src/stm32f4xx_hal_pwr.o
LOAD ./Drivers/STM32F4xx_HAL_Driver/Src/stm32f4xx_hal_pwr_ex.o
LOAD ./Drivers/STM32F4xx_HAL_Driver/Src/stm32f4xx_hal_rcc.o
LOAD ./Drivers/STM32F4xx_HAL_Driver/Src/stm32f4xx_hal_rcc_ex.o
LOAD ./Drivers/STM32F4xx_HAL_Driver/Src/stm32f4xx_hal_spi.o
LOAD ./Drivers/STM32F4xx_HAL_Driver/Src/stm32f4xx_hal_sram.o
LOAD ./Drivers/STM32F4xx_HAL_Driver/Src/stm32f4xx_hal_tim.o
LOAD ./Drivers/STM32F4xx_HAL_Driver/Src/stm32f4xx_hal_tim_ex.o
LOAD ./Drivers/STM32F4xx_HAL_Driver/Src/stm32f4xx_hal_uart.o
LOAD ./Drivers/STM32F4xx_HAL_Driver/Src/stm32f4xx_ll_adc.o
LOAD ./Drivers/STM32F4xx_HAL_Driver/Src/stm32f4xx_ll_fsmc.o
START GROUP
LOAD c:/st/stm32cubeide_1.7.0/stm32cubeide/plugins/com.st.stm32cube.ide.mcu.externaltools.gnu-tools-for-stm32.9-2020-q2-update.win32_2.0.0.202105311346/tools/bin/../lib/gcc/arm-none-eabi/9.3.1/../../../../arm-none-eabi/lib/thumb/v7e-m+fp/hard\libc_nano.a
LOAD c:/st/stm32cubeide_1.7.0/stm32cubeide/plugins/com.st.stm32cube.ide.mcu.externaltools.gnu-tools-for-stm32.9-2020-q2-update.win32_2.0.0.202105311346/tools/bin/../lib/gcc/arm-none-eabi/9.3.1/../../../../arm-none-eabi/lib/thumb/v7e-m+fp/hard\libm.a
END GROUP
START GROUP
LOAD c:/st/stm32cubeide_1.7.0/stm32cubeide/plugins/com.st.stm32cube.ide.mcu.externaltools.gnu-tools-for-stm32.9-2020-q2-update.win32_2.0.0.202105311346/tools/bin/../lib/gcc/arm-none-eabi/9.3.1/thumb/v7e-m+fp/hard\libgcc.a
LOAD c:/st/stm32cubeide_1.7.0/stm32cubeide/plugins/com.st.stm32cube.ide.mcu.externaltools.gnu-tools-for-stm32.9-2020-q2-update.win32_2.0.0.202105311346/tools/bin/../lib/gcc/arm-none-eabi/9.3.1/../../../../arm-none-eabi/lib/thumb/v7e-m+fp/hard\libc_nano.a
END GROUP
START GROUP
LOAD c:/st/stm32cubeide_1.7.0/stm32cubeide/plugins/com.st.stm32cube.ide.mcu.externaltools.gnu-tools-for-stm32.9-2020-q2-update.win32_2.0.0.202105311346/tools/bin/../lib/gcc/arm-none-eabi/9.3.1/thumb/v7e-m+fp/hard\libgcc.a
LOAD c:/st/stm32cubeide_1.7.0/stm32cubeide/plugins/com.st.stm32cube.ide.mcu.externaltools.gnu-tools-for-stm32.9-2020-q2-update.win32_2.0.0.202105311346/tools/bin/../lib/gcc/arm-none-eabi/9.3.1/../../../../arm-none-eabi/lib/thumb/v7e-m+fp/hard\libc_nano.a
LOAD c:/st/stm32cubeide_1.7.0/stm32cubeide/plugins/com.st.stm32cube.ide.mcu.externaltools.gnu-tools-for-stm32.9-2020-q2-update.win32_2.0.0.202105311346/tools/bin/../lib/gcc/arm-none-eabi/9.3.1/../../../../arm-none-eabi/lib/thumb/v7e-m+fp/hard\libnosys.a
END GROUP
START GROUP
LOAD c:/st/stm32cubeide_1.7.0/stm32cubeide/plugins/com.st.stm32cube.ide.mcu.externaltools.gnu-tools-for-stm32.9-2020-q2-update.win32_2.0.0.202105311346/tools/bin/../lib/gcc/arm-none-eabi/9.3.1/thumb/v7e-m+fp/hard\libgcc.a
LOAD c:/st/stm32cubeide_1.7.0/stm32cubeide/plugins/com.st.stm32cube.ide.mcu.externaltools.gnu-tools-for-stm32.9-2020-q2-update.win32_2.0.0.202105311346/tools/bin/../lib/gcc/arm-none-eabi/9.3.1/../../../../arm-none-eabi/lib/thumb/v7e-m+fp/hard\libc_nano.a
LOAD c:/st/stm32cubeide_1.7.0/stm32cubeide/plugins/com.st.stm32cube.ide.mcu.externaltools.gnu-tools-for-stm32.9-2020-q2-update.win32_2.0.0.202105311346/tools/bin/../lib/gcc/arm-none-eabi/9.3.1/../../../../arm-none-eabi/lib/thumb/v7e-m+fp/hard\libnosys.a
END GROUP
LOAD c:/st/stm32cubeide_1.7.0/stm32cubeide/plugins/com.st.stm32cube.ide.mcu.externaltools.gnu-tools-for-stm32.9-2020-q2-update.win32_2.0.0.202105311346/tools/bin/../lib/gcc/arm-none-eabi/9.3.1/thumb/v7e-m+fp/hard/crtend.o
LOAD c:/st/stm32cubeide_1.7.0/stm32cubeide/plugins/com.st.stm32cube.ide.mcu.externaltools.gnu-tools-for-stm32.9-2020-q2-update.win32_2.0.0.202105311346/tools/bin/../lib/gcc/arm-none-eabi/9.3.1/thumb/v7e-m+fp/hard/crtn.o
                0x0000000020020000                _estack = (ORIGIN (RAM) + LENGTH (RAM))
                0x0000000000000200                _Min_Heap_Size = 0x200
                0x0000000000000400                _Min_Stack_Size = 0x400

.isr_vector     0x0000000008000000      0x188
                0x0000000008000000                . = ALIGN (0x4)
 *(.isr_vector)
 .isr_vector    0x0000000008000000      0x188 ./Core/Startup/startup_stm32f407zetx.o
                0x0000000008000000                g_pfnVectors
                0x0000000008000188                . = ALIGN (0x4)

.text           0x0000000008000188     0x8f3c
                0x0000000008000188                . = ALIGN (0x4)
 *(.text)
 .text          0x0000000008000188       0x40 c:/st/stm32cubeide_1.7.0/stm32cubeide/plugins/com.st.stm32cube.ide.mcu.externaltools.gnu-tools-for-stm32.9-2020-q2-update.win32_2.0.0.202105311346/tools/bin/../lib/gcc/arm-none-eabi/9.3.1/thumb/v7e-m+fp/hard/crtbegin.o
 .text          0x00000000080001c8       0x10 c:/st/stm32cubeide_1.7.0/stm32cubeide/plugins/com.st.stm32cube.ide.mcu.externaltools.gnu-tools-for-stm32.9-2020-q2-update.win32_2.0.0.202105311346/tools/bin/../lib/gcc/arm-none-eabi/9.3.1/../../../../arm-none-eabi/lib/thumb/v7e-m+fp/hard\libc_nano.a(lib_a-strlen.o)
                0x00000000080001c8                strlen
 .text          0x00000000080001d8      0x378 c:/st/stm32cubeide_1.7.0/stm32cubeide/plugins/com.st.stm32cube.ide.mcu.externaltools.gnu-tools-for-stm32.9-2020-q2-update.win32_2.0.0.202105311346/tools/bin/../lib/gcc/arm-none-eabi/9.3.1/thumb/v7e-m+fp/hard\libgcc.a(_arm_addsubdf3.o)
                0x00000000080001d8                __aeabi_drsub
                0x00000000080001e0                __aeabi_dsub
                0x00000000080001e0                __subdf3
                0x00000000080001e4                __aeabi_dadd
                0x00000000080001e4                __adddf3
                0x000000000800045c                __floatunsidf
                0x000000000800045c                __aeabi_ui2d
                0x000000000800047c                __floatsidf
                0x000000000800047c                __aeabi_i2d
                0x00000000080004a0                __aeabi_f2d
                0x00000000080004a0                __extendsfdf2
                0x00000000080004e4                __floatundidf
                0x00000000080004e4                __aeabi_ul2d
                0x00000000080004f4                __floatdidf
                0x00000000080004f4                __aeabi_l2d
 .text          0x0000000008000550      0x424 c:/st/stm32cubeide_1.7.0/stm32cubeide/plugins/com.st.stm32cube.ide.mcu.externaltools.gnu-tools-for-stm32.9-2020-q2-update.win32_2.0.0.202105311346/tools/bin/../lib/gcc/arm-none-eabi/9.3.1/thumb/v7e-m+fp/hard\libgcc.a(_arm_muldivdf3.o)
                0x0000000008000550                __aeabi_dmul
                0x0000000008000550                __muldf3
                0x00000000080007a4                __divdf3
                0x00000000080007a4                __aeabi_ddiv
 .text          0x0000000008000974       0xa0 c:/st/stm32cubeide_1.7.0/stm32cubeide/plugins/com.st.stm32cube.ide.mcu.externaltools.gnu-tools-for-stm32.9-2020-q2-update.win32_2.0.0.202105311346/tools/bin/../lib/gcc/arm-none-eabi/9.3.1/thumb/v7e-m+fp/hard\libgcc.a(_arm_truncdfsf2.o)
                0x0000000008000974                __truncdfsf2
                0x0000000008000974                __aeabi_d2f
 .text          0x0000000008000a14       0x30 c:/st/stm32cubeide_1.7.0/stm32cubeide/plugins/com.st.stm32cube.ide.mcu.externaltools.gnu-tools-for-stm32.9-2020-q2-update.win32_2.0.0.202105311346/tools/bin/../lib/gcc/arm-none-eabi/9.3.1/thumb/v7e-m+fp/hard\libgcc.a(_aeabi_uldivmod.o)
                0x0000000008000a14                __aeabi_uldivmod
 .text          0x0000000008000a44      0x2c4 c:/st/stm32cubeide_1.7.0/stm32cubeide/plugins/com.st.stm32cube.ide.mcu.externaltools.gnu-tools-for-stm32.9-2020-q2-update.win32_2.0.0.202105311346/tools/bin/../lib/gcc/arm-none-eabi/9.3.1/thumb/v7e-m+fp/hard\libgcc.a(_udivmoddi4.o)
                0x0000000008000a44                __udivmoddi4
 .text          0x0000000008000d08        0x4 c:/st/stm32cubeide_1.7.0/stm32cubeide/plugins/com.st.stm32cube.ide.mcu.externaltools.gnu-tools-for-stm32.9-2020-q2-update.win32_2.0.0.202105311346/tools/bin/../lib/gcc/arm-none-eabi/9.3.1/thumb/v7e-m+fp/hard\libgcc.a(_dvmd_tls.o)
                0x0000000008000d08                __aeabi_idiv0
                0x0000000008000d08                __aeabi_ldiv0
 *(.text*)
 .text.MX_ADC1_Init
                0x0000000008000d0c      0x114 ./Core/Src/adc.o
                0x0000000008000d0c                MX_ADC1_Init
 .text.HAL_ADC_MspInit
                0x0000000008000e20      0x128 ./Core/Src/adc.o
                0x0000000008000e20                HAL_ADC_MspInit
 .text.button_init
                0x0000000008000f48       0x18 ./Core/Src/button.o
                0x0000000008000f48                button_init
 .text.button_Scan
                0x0000000008000f60       0xd8 ./Core/Src/button.o
                0x0000000008000f60                button_Scan
 .text.buzzer_init
                0x0000000008001038       0x14 ./Core/Src/buzzer.o
                0x0000000008001038                buzzer_init
 .text.buzzer_SetVolume
                0x000000000800104c       0x30 ./Core/Src/buzzer.o
                0x000000000800104c                buzzer_SetVolume
 .text.MX_DMA_Init
                0x000000000800107c       0x40 ./Core/Src/dma.o
                0x000000000800107c                MX_DMA_Init
 .text.ds3231_init
                0x00000000080010bc       0x70 ./Core/Src/ds3231.o
                0x00000000080010bc                ds3231_init
 .text.ds3231_Write
                0x000000000800112c       0x44 ./Core/Src/ds3231.o
                0x000000000800112c                ds3231_Write
 .text.ds3231_ReadTime
                0x0000000008001170       0xc8 ./Core/Src/ds3231.o
                0x0000000008001170                ds3231_ReadTime
 .text.MX_FSMC_Init
                0x0000000008001238       0xf4 ./Core/Src/fsmc.o
                0x0000000008001238                MX_FSMC_Init
 .text.HAL_FSMC_MspInit
                0x000000000800132c       0x98 ./Core/Src/fsmc.o
 .text.HAL_SRAM_MspInit
                0x00000000080013c4       0x14 ./Core/Src/fsmc.o
                0x00000000080013c4                HAL_SRAM_MspInit
 .text.MX_GPIO_Init
                0x00000000080013d8      0x20c ./Core/Src/gpio.o
                0x00000000080013d8                MX_GPIO_Init
 .text.MX_I2C1_Init
                0x00000000080015e4       0x5c ./Core/Src/i2c.o
                0x00000000080015e4                MX_I2C1_Init
 .text.HAL_I2C_MspInit
                0x0000000008001640       0x90 ./Core/Src/i2c.o
                0x0000000008001640                HAL_I2C_MspInit
 .text.lab6_init
                0x00000000080016d0       0x76 ./Core/Src/lab6.o
                0x00000000080016d0                lab6_init
 .text.lab6_run
                0x0000000008001746       0x44 ./Core/Src/lab6.o
                0x0000000008001746                lab6_run
 *fill*         0x000000000800178a        0x6 
 .text.task_adc
                0x0000000008001790      0x200 ./Core/Src/lab6.o
                0x0000000008001790                task_adc
 .text.task_get_power
                0x0000000008001990       0x30 ./Core/Src/lab6.o
                0x0000000008001990                task_get_power
 .text.task_buzzer
                0x00000000080019c0       0x5c ./Core/Src/lab6.o
                0x00000000080019c0                task_buzzer
 .text.toggle_colon
                0x0000000008001a1c       0x24 ./Core/Src/lab6.o
                0x0000000008001a1c                toggle_colon
 .text.task_update_led7
                0x0000000008001a40       0x90 ./Core/Src/lab6.o
                0x0000000008001a40                task_update_led7
 .text.scale_power_to_y
                0x0000000008001ad0       0x80 ./Core/Src/lab6.o
 .text.chart_init
                0x0000000008001b50       0xa4 ./Core/Src/lab6.o
                0x0000000008001b50                chart_init
 .text.task_chart_update
                0x0000000008001bf4       0x94 ./Core/Src/lab6.o
                0x0000000008001bf4                task_chart_update
 .text.LCD_WR_REG
                0x0000000008001c88       0x20 ./Core/Src/lcd.o
                0x0000000008001c88                LCD_WR_REG
 .text.LCD_WR_DATA
                0x0000000008001ca8       0x20 ./Core/Src/lcd.o
 .text.LCD_RD_DATA
                0x0000000008001cc8       0x24 ./Core/Src/lcd.o
 .text.lcd_AddressSet
                0x0000000008001cec       0x98 ./Core/Src/lcd.o
                0x0000000008001cec                lcd_AddressSet
 .text.lcd_Clear
                0x0000000008001d84       0x64 ./Core/Src/lcd.o
                0x0000000008001d84                lcd_Clear
 .text.lcd_Fill
                0x0000000008001de8       0x6c ./Core/Src/lcd.o
                0x0000000008001de8                lcd_Fill
 .text.lcd_DrawPoint
                0x0000000008001e54       0x2e ./Core/Src/lcd.o
                0x0000000008001e54                lcd_DrawPoint
 .text.lcd_DrawLine
                0x0000000008001e82      0x108 ./Core/Src/lcd.o
                0x0000000008001e82                lcd_DrawLine
 .text.lcd_DrawRectangle
                0x0000000008001f8a       0x6e ./Core/Src/lcd.o
                0x0000000008001f8a                lcd_DrawRectangle
 .text.lcd_ShowChar
                0x0000000008001ff8      0x1a0 ./Core/Src/lcd.o
                0x0000000008001ff8                lcd_ShowChar
 .text.mypow    0x0000000008002198       0x38 ./Core/Src/lcd.o
                0x0000000008002198                mypow
 .text.lcd_ShowFloatNum
                0x00000000080021d0      0x110 ./Core/Src/lcd.o
                0x00000000080021d0                lcd_ShowFloatNum
 .text.lcd_SetDir
                0x00000000080022e0       0x48 ./Core/Src/lcd.o
                0x00000000080022e0                lcd_SetDir
 .text.lcd_init
                0x0000000008002328      0x2c0 ./Core/Src/lcd.o
                0x0000000008002328                lcd_init
 .text.lcd_ShowStr
                0x00000000080025e8       0xc8 ./Core/Src/lcd.o
                0x00000000080025e8                lcd_ShowStr
 .text.led7_init
                0x00000000080026b0       0x18 ./Core/Src/led_7seg.o
                0x00000000080026b0                led7_init
 .text.led7_Scan
                0x00000000080026c8      0x118 ./Core/Src/led_7seg.o
                0x00000000080026c8                led7_Scan
 .text.led7_SetDigit
                0x00000000080027e0       0x5c ./Core/Src/led_7seg.o
                0x00000000080027e0                led7_SetDigit
 .text.led7_SetColon
                0x000000000800283c       0x40 ./Core/Src/led_7seg.o
                0x000000000800283c                led7_SetColon
 .text.main     0x000000000800287c       0x3a ./Core/Src/main.o
                0x000000000800287c                main
 *fill*         0x00000000080028b6        0x2 
 .text.SystemClock_Config
                0x00000000080028b8       0xd4 ./Core/Src/main.o
                0x00000000080028b8                SystemClock_Config
 .text.HAL_TIM_PeriodElapsedCallback
                0x000000000800298c       0x22 ./Core/Src/main.o
                0x000000000800298c                HAL_TIM_PeriodElapsedCallback
 .text.Error_Handler
                0x00000000080029ae        0xa ./Core/Src/main.o
                0x00000000080029ae                Error_Handler
 .text.sensor_init
                0x00000000080029b8       0x1c ./Core/Src/sensor.o
                0x00000000080029b8                sensor_init
 .text.sensor_Read
                0x00000000080029d4       0x1c ./Core/Src/sensor.o
                0x00000000080029d4                sensor_Read
 .text.sensor_GetLight
                0x00000000080029f0       0x18 ./Core/Src/sensor.o
                0x00000000080029f0                sensor_GetLight
 .text.sensor_GetPotentiometer
                0x0000000008002a08       0x18 ./Core/Src/sensor.o
                0x0000000008002a08                sensor_GetPotentiometer
 .text.sensor_GetVoltage
                0x0000000008002a20       0x78 ./Core/Src/sensor.o
                0x0000000008002a20                sensor_GetVoltage
 .text.sensor_GetCurrent
                0x0000000008002a98       0xb8 ./Core/Src/sensor.o
                0x0000000008002a98                sensor_GetCurrent
 .text.sensor_GetTemperature
                0x0000000008002b50       0x3c ./Core/Src/sensor.o
                0x0000000008002b50                sensor_GetTemperature
 .text.timerInit
                0x0000000008002b8c       0x14 ./Core/Src/software_timer.o
                0x0000000008002b8c                timerInit
 .text.setTimer
                0x0000000008002ba0       0x54 ./Core/Src/software_timer.o
                0x0000000008002ba0                setTimer
 .text.checkTimerFlag
                0x0000000008002bf4       0x34 ./Core/Src/software_timer.o
                0x0000000008002bf4                checkTimerFlag
 .text.timerRun
                0x0000000008002c28       0x78 ./Core/Src/software_timer.o
                0x0000000008002c28                timerRun
 .text.MX_SPI1_Init
                0x0000000008002ca0       0x6c ./Core/Src/spi.o
                0x0000000008002ca0                MX_SPI1_Init
 .text.HAL_SPI_MspInit
                0x0000000008002d0c       0x90 ./Core/Src/spi.o
                0x0000000008002d0c                HAL_SPI_MspInit
 .text.HAL_MspInit
                0x0000000008002d9c       0x50 ./Core/Src/stm32f4xx_hal_msp.o
                0x0000000008002d9c                HAL_MspInit
 .text.NMI_Handler
                0x0000000008002dec        0x6 ./Core/Src/stm32f4xx_it.o
                0x0000000008002dec                NMI_Handler
 .text.HardFault_Handler
                0x0000000008002df2        0x6 ./Core/Src/stm32f4xx_it.o
                0x0000000008002df2                HardFault_Handler
 .text.MemManage_Handler
                0x0000000008002df8        0x6 ./Core/Src/stm32f4xx_it.o
                0x0000000008002df8                MemManage_Handler
 .text.BusFault_Handler
                0x0000000008002dfe        0x6 ./Core/Src/stm32f4xx_it.o
                0x0000000008002dfe                BusFault_Handler
 .text.UsageFault_Handler
                0x0000000008002e04        0x6 ./Core/Src/stm32f4xx_it.o
                0x0000000008002e04                UsageFault_Handler
 .text.SVC_Handler
                0x0000000008002e0a        0xe ./Core/Src/stm32f4xx_it.o
                0x0000000008002e0a                SVC_Handler
 .text.DebugMon_Handler
                0x0000000008002e18        0xe ./Core/Src/stm32f4xx_it.o
                0x0000000008002e18                DebugMon_Handler
 .text.PendSV_Handler
                0x0000000008002e26        0xe ./Core/Src/stm32f4xx_it.o
                0x0000000008002e26                PendSV_Handler
 .text.SysTick_Handler
                0x0000000008002e34        0xc ./Core/Src/stm32f4xx_it.o
                0x0000000008002e34                SysTick_Handler
 .text.TIM2_IRQHandler
                0x0000000008002e40       0x14 ./Core/Src/stm32f4xx_it.o
                0x0000000008002e40                TIM2_IRQHandler
 .text.USART1_IRQHandler
                0x0000000008002e54       0x14 ./Core/Src/stm32f4xx_it.o
                0x0000000008002e54                USART1_IRQHandler
 .text.DMA2_Stream0_IRQHandler
                0x0000000008002e68       0x14 ./Core/Src/stm32f4xx_it.o
                0x0000000008002e68                DMA2_Stream0_IRQHandler
 .text.SystemInit
                0x0000000008002e7c       0x24 ./Core/Src/system_stm32f4xx.o
                0x0000000008002e7c                SystemInit
 .text.MX_TIM2_Init
                0x0000000008002ea0       0x98 ./Core/Src/tim.o
                0x0000000008002ea0                MX_TIM2_Init
 .text.MX_TIM13_Init
                0x0000000008002f38       0x9c ./Core/Src/tim.o
                0x0000000008002f38                MX_TIM13_Init
 .text.HAL_TIM_Base_MspInit
                0x0000000008002fd4       0x78 ./Core/Src/tim.o
                0x0000000008002fd4                HAL_TIM_Base_MspInit
 .text.HAL_TIM_MspPostInit
                0x000000000800304c       0x74 ./Core/Src/tim.o
                0x000000000800304c                HAL_TIM_MspPostInit
 .text.uart_Rs232SendString
                0x00000000080030c0       0x28 ./Core/Src/uart.o
                0x00000000080030c0                uart_Rs232SendString
 .text.HAL_UART_RxCpltCallback
                0x00000000080030e8       0x34 ./Core/Src/uart.o
                0x00000000080030e8                HAL_UART_RxCpltCallback
 .text.fsm_uart
                0x000000000800311c       0xa8 ./Core/Src/uart.o
                0x000000000800311c                fsm_uart
 .text.MX_USART1_UART_Init
                0x00000000080031c4       0x54 ./Core/Src/usart.o
                0x00000000080031c4                MX_USART1_UART_Init
 .text.HAL_UART_MspInit
                0x0000000008003218       0xa0 ./Core/Src/usart.o
                0x0000000008003218                HAL_UART_MspInit
 .text.BCD2DEC  0x00000000080032b8       0x32 ./Core/Src/utils.o
                0x00000000080032b8                BCD2DEC
 *fill*         0x00000000080032ea        0x2 
 .text.DEC2BCD  0x00000000080032ec       0x48 ./Core/Src/utils.o
                0x00000000080032ec                DEC2BCD
 .text.Reset_Handler
                0x0000000008003334       0x50 ./Core/Startup/startup_stm32f407zetx.o
                0x0000000008003334                Reset_Handler
 .text.Default_Handler
                0x0000000008003384        0x2 ./Core/Startup/startup_stm32f407zetx.o
                0x0000000008003384                RTC_Alarm_IRQHandler
                0x0000000008003384                HASH_RNG_IRQHandler
                0x0000000008003384                EXTI2_IRQHandler
                0x0000000008003384                TIM8_CC_IRQHandler
                0x0000000008003384                TIM1_CC_IRQHandler
                0x0000000008003384                DMA2_Stream5_IRQHandler
                0x0000000008003384                DMA1_Stream5_IRQHandler
                0x0000000008003384                PVD_IRQHandler
                0x0000000008003384                SDIO_IRQHandler
                0x0000000008003384                TAMP_STAMP_IRQHandler
                0x0000000008003384                CAN2_RX1_IRQHandler
                0x0000000008003384                EXTI3_IRQHandler
                0x0000000008003384                TIM8_TRG_COM_TIM14_IRQHandler
                0x0000000008003384                TIM1_UP_TIM10_IRQHandler
                0x0000000008003384                TIM8_UP_TIM13_IRQHandler
                0x0000000008003384                I2C3_ER_IRQHandler
                0x0000000008003384                EXTI0_IRQHandler
                0x0000000008003384                I2C2_EV_IRQHandler
                0x0000000008003384                DMA1_Stream2_IRQHandler
                0x0000000008003384                CAN1_RX0_IRQHandler
                0x0000000008003384                FPU_IRQHandler
                0x0000000008003384                OTG_HS_WKUP_IRQHandler
                0x0000000008003384                CAN2_SCE_IRQHandler
                0x0000000008003384                DMA2_Stream2_IRQHandler
                0x0000000008003384                SPI1_IRQHandler
                0x0000000008003384                TIM6_DAC_IRQHandler
                0x0000000008003384                TIM1_BRK_TIM9_IRQHandler
                0x0000000008003384                DCMI_IRQHandler
                0x0000000008003384                CAN2_RX0_IRQHandler
                0x0000000008003384                DMA2_Stream3_IRQHandler
                0x0000000008003384                USART6_IRQHandler
                0x0000000008003384                USART3_IRQHandler
                0x0000000008003384                CAN1_RX1_IRQHandler
                0x0000000008003384                UART5_IRQHandler
                0x0000000008003384                TIM4_IRQHandler
                0x0000000008003384                I2C1_EV_IRQHandler
                0x0000000008003384                DMA1_Stream6_IRQHandler
                0x0000000008003384                DMA1_Stream1_IRQHandler
                0x0000000008003384                UART4_IRQHandler
                0x0000000008003384                TIM3_IRQHandler
                0x0000000008003384                RCC_IRQHandler
                0x0000000008003384                TIM8_BRK_TIM12_IRQHandler
                0x0000000008003384                Default_Handler
                0x0000000008003384                EXTI15_10_IRQHandler
                0x0000000008003384                ADC_IRQHandler
                0x0000000008003384                DMA1_Stream7_IRQHandler
                0x0000000008003384                TIM7_IRQHandler
                0x0000000008003384                CAN2_TX_IRQHandler
                0x0000000008003384                TIM5_IRQHandler
                0x0000000008003384                DMA2_Stream7_IRQHandler
                0x0000000008003384                I2C3_EV_IRQHandler
                0x0000000008003384                EXTI9_5_IRQHandler
                0x0000000008003384                RTC_WKUP_IRQHandler
                0x0000000008003384                ETH_WKUP_IRQHandler
                0x0000000008003384                SPI2_IRQHandler
                0x0000000008003384                OTG_HS_EP1_IN_IRQHandler
                0x0000000008003384                DMA1_Stream0_IRQHandler
                0x0000000008003384                CAN1_TX_IRQHandler
                0x0000000008003384                EXTI4_IRQHandler
                0x0000000008003384                FSMC_IRQHandler
                0x0000000008003384                ETH_IRQHandler
                0x0000000008003384                OTG_HS_EP1_OUT_IRQHandler
                0x0000000008003384                WWDG_IRQHandler
                0x0000000008003384                OTG_FS_WKUP_IRQHandler
                0x0000000008003384                TIM1_TRG_COM_TIM11_IRQHandler
                0x0000000008003384                OTG_HS_IRQHandler
                0x0000000008003384                EXTI1_IRQHandler
                0x0000000008003384                USART2_IRQHandler
                0x0000000008003384                I2C2_ER_IRQHandler
                0x0000000008003384                DMA2_Stream1_IRQHandler
                0x0000000008003384                CAN1_SCE_IRQHandler
                0x0000000008003384                FLASH_IRQHandler
                0x0000000008003384                DMA2_Stream4_IRQHandler
                0x0000000008003384                OTG_FS_IRQHandler
                0x0000000008003384                SPI3_IRQHandler
                0x0000000008003384                DMA1_Stream4_IRQHandler
                0x0000000008003384                I2C1_ER_IRQHandler
                0x0000000008003384                DMA2_Stream6_IRQHandler
                0x0000000008003384                DMA1_Stream3_IRQHandler
 *fill*         0x0000000008003386        0x2 
 .text.HAL_Init
                0x0000000008003388       0x44 ./Drivers/STM32F4xx_HAL_Driver/Src/stm32f4xx_hal.o
                0x0000000008003388                HAL_Init
 .text.HAL_InitTick
                0x00000000080033cc       0x60 ./Drivers/STM32F4xx_HAL_Driver/Src/stm32f4xx_hal.o
                0x00000000080033cc                HAL_InitTick
 .text.HAL_IncTick
                0x000000000800342c       0x28 ./Drivers/STM32F4xx_HAL_Driver/Src/stm32f4xx_hal.o
                0x000000000800342c                HAL_IncTick
 .text.HAL_GetTick
                0x0000000008003454       0x18 ./Drivers/STM32F4xx_HAL_Driver/Src/stm32f4xx_hal.o
                0x0000000008003454                HAL_GetTick
 .text.HAL_Delay
                0x000000000800346c       0x48 ./Drivers/STM32F4xx_HAL_Driver/Src/stm32f4xx_hal.o
                0x000000000800346c                HAL_Delay
 .text.HAL_ADC_Init
                0x00000000080034b4       0x86 ./Drivers/STM32F4xx_HAL_Driver/Src/stm32f4xx_hal_adc.o
                0x00000000080034b4                HAL_ADC_Init
 *fill*         0x000000000800353a        0x2 
 .text.HAL_ADC_Start_DMA
                0x000000000800353c      0x220 ./Drivers/STM32F4xx_HAL_Driver/Src/stm32f4xx_hal_adc.o
                0x000000000800353c                HAL_ADC_Start_DMA
 .text.HAL_ADC_ConvCpltCallback
                0x000000000800375c       0x14 ./Drivers/STM32F4xx_HAL_Driver/Src/stm32f4xx_hal_adc.o
                0x000000000800375c                HAL_ADC_ConvCpltCallback
 .text.HAL_ADC_ConvHalfCpltCallback
                0x0000000008003770       0x14 ./Drivers/STM32F4xx_HAL_Driver/Src/stm32f4xx_hal_adc.o
                0x0000000008003770                HAL_ADC_ConvHalfCpltCallback
 .text.HAL_ADC_ErrorCallback
                0x0000000008003784       0x14 ./Drivers/STM32F4xx_HAL_Driver/Src/stm32f4xx_hal_adc.o
                0x0000000008003784                HAL_ADC_ErrorCallback
 .text.HAL_ADC_ConfigChannel
                0x0000000008003798      0x244 ./Drivers/STM32F4xx_HAL_Driver/Src/stm32f4xx_hal_adc.o
                0x0000000008003798                HAL_ADC_ConfigChannel
 .text.ADC_Init
                0x00000000080039dc      0x1f8 ./Drivers/STM32F4xx_HAL_Driver/Src/stm32f4xx_hal_adc.o
 .text.ADC_DMAConvCplt
                0x0000000008003bd4       0xba ./Drivers/STM32F4xx_HAL_Driver/Src/stm32f4xx_hal_adc.o
 .text.ADC_DMAHalfConvCplt
                0x0000000008003c8e       0x1c ./Drivers/STM32F4xx_HAL_Driver/Src/stm32f4xx_hal_adc.o
 .text.ADC_DMAError
                0x0000000008003caa       0x2e ./Drivers/STM32F4xx_HAL_Driver/Src/stm32f4xx_hal_adc.o
 .text.__NVIC_SetPriorityGrouping
                0x0000000008003cd8       0x48 ./Drivers/STM32F4xx_HAL_Driver/Src/stm32f4xx_hal_cortex.o
 .text.__NVIC_GetPriorityGrouping
                0x0000000008003d20       0x1c ./Drivers/STM32F4xx_HAL_Driver/Src/stm32f4xx_hal_cortex.o
 .text.__NVIC_EnableIRQ
                0x0000000008003d3c       0x3c ./Drivers/STM32F4xx_HAL_Driver/Src/stm32f4xx_hal_cortex.o
 .text.__NVIC_SetPriority
                0x0000000008003d78       0x54 ./Drivers/STM32F4xx_HAL_Driver/Src/stm32f4xx_hal_cortex.o
 .text.NVIC_EncodePriority
                0x0000000008003dcc       0x66 ./Drivers/STM32F4xx_HAL_Driver/Src/stm32f4xx_hal_cortex.o
 *fill*         0x0000000008003e32        0x2 
 .text.SysTick_Config
                0x0000000008003e34       0x44 ./Drivers/STM32F4xx_HAL_Driver/Src/stm32f4xx_hal_cortex.o
 .text.HAL_NVIC_SetPriorityGrouping
                0x0000000008003e78       0x16 ./Drivers/STM32F4xx_HAL_Driver/Src/stm32f4xx_hal_cortex.o
                0x0000000008003e78                HAL_NVIC_SetPriorityGrouping
 .text.HAL_NVIC_SetPriority
                0x0000000008003e8e       0x38 ./Drivers/STM32F4xx_HAL_Driver/Src/stm32f4xx_hal_cortex.o
                0x0000000008003e8e                HAL_NVIC_SetPriority
 .text.HAL_NVIC_EnableIRQ
                0x0000000008003ec6       0x1c ./Drivers/STM32F4xx_HAL_Driver/Src/stm32f4xx_hal_cortex.o
                0x0000000008003ec6                HAL_NVIC_EnableIRQ
 .text.HAL_SYSTICK_Config
                0x0000000008003ee2       0x18 ./Drivers/STM32F4xx_HAL_Driver/Src/stm32f4xx_hal_cortex.o
                0x0000000008003ee2                HAL_SYSTICK_Config
 *fill*         0x0000000008003efa        0x2 
 .text.HAL_DMA_Init
                0x0000000008003efc      0x15c ./Drivers/STM32F4xx_HAL_Driver/Src/stm32f4xx_hal_dma.o
                0x0000000008003efc                HAL_DMA_Init
 .text.HAL_DMA_Start_IT
                0x0000000008004058       0xb0 ./Drivers/STM32F4xx_HAL_Driver/Src/stm32f4xx_hal_dma.o
                0x0000000008004058                HAL_DMA_Start_IT
 .text.HAL_DMA_Abort
                0x0000000008004108       0xe0 ./Drivers/STM32F4xx_HAL_Driver/Src/stm32f4xx_hal_dma.o
                0x0000000008004108                HAL_DMA_Abort
 .text.HAL_DMA_Abort_IT
                0x00000000080041e8       0x44 ./Drivers/STM32F4xx_HAL_Driver/Src/stm32f4xx_hal_dma.o
                0x00000000080041e8                HAL_DMA_Abort_IT
 .text.HAL_DMA_IRQHandler
                0x000000000800422c      0x314 ./Drivers/STM32F4xx_HAL_Driver/Src/stm32f4xx_hal_dma.o
                0x000000000800422c                HAL_DMA_IRQHandler
 .text.DMA_SetConfig
                0x0000000008004540       0x5c ./Drivers/STM32F4xx_HAL_Driver/Src/stm32f4xx_hal_dma.o
 .text.DMA_CalcBaseAndBitshift
                0x000000000800459c       0x6c ./Drivers/STM32F4xx_HAL_Driver/Src/stm32f4xx_hal_dma.o
 .text.DMA_CheckFifoParam
                0x0000000008004608       0xf8 ./Drivers/STM32F4xx_HAL_Driver/Src/stm32f4xx_hal_dma.o
 .text.HAL_GPIO_Init
                0x0000000008004700      0x338 ./Drivers/STM32F4xx_HAL_Driver/Src/stm32f4xx_hal_gpio.o
                0x0000000008004700                HAL_GPIO_Init
 .text.HAL_GPIO_WritePin
                0x0000000008004a38       0x32 ./Drivers/STM32F4xx_HAL_Driver/Src/stm32f4xx_hal_gpio.o
                0x0000000008004a38                HAL_GPIO_WritePin
 *fill*         0x0000000008004a6a        0x2 
 .text.HAL_I2C_Init
                0x0000000008004a6c      0x288 ./Drivers/STM32F4xx_HAL_Driver/Src/stm32f4xx_hal_i2c.o
                0x0000000008004a6c                HAL_I2C_Init
 .text.HAL_I2C_Mem_Write
                0x0000000008004cf4      0x1f4 ./Drivers/STM32F4xx_HAL_Driver/Src/stm32f4xx_hal_i2c.o
                0x0000000008004cf4                HAL_I2C_Mem_Write
 .text.HAL_I2C_Mem_Read
                0x0000000008004ee8      0x44c ./Drivers/STM32F4xx_HAL_Driver/Src/stm32f4xx_hal_i2c.o
                0x0000000008004ee8                HAL_I2C_Mem_Read
 .text.I2C_RequestMemoryWrite
                0x0000000008005334      0x12c ./Drivers/STM32F4xx_HAL_Driver/Src/stm32f4xx_hal_i2c.o
 .text.I2C_RequestMemoryRead
                0x0000000008005460      0x1d0 ./Drivers/STM32F4xx_HAL_Driver/Src/stm32f4xx_hal_i2c.o
 .text.I2C_WaitOnFlagUntilTimeout
                0x0000000008005630       0xae ./Drivers/STM32F4xx_HAL_Driver/Src/stm32f4xx_hal_i2c.o
 .text.I2C_WaitOnMasterAddressFlagUntilTimeout
                0x00000000080056de       0xfe ./Drivers/STM32F4xx_HAL_Driver/Src/stm32f4xx_hal_i2c.o
 .text.I2C_WaitOnTXEFlagUntilTimeout
                0x00000000080057dc       0x82 ./Drivers/STM32F4xx_HAL_Driver/Src/stm32f4xx_hal_i2c.o
 .text.I2C_WaitOnBTFFlagUntilTimeout
                0x000000000800585e       0x82 ./Drivers/STM32F4xx_HAL_Driver/Src/stm32f4xx_hal_i2c.o
 .text.I2C_WaitOnRXNEFlagUntilTimeout
                0x00000000080058e0       0xac ./Drivers/STM32F4xx_HAL_Driver/Src/stm32f4xx_hal_i2c.o
 .text.I2C_IsAcknowledgeFailed
                0x000000000800598c       0x5e ./Drivers/STM32F4xx_HAL_Driver/Src/stm32f4xx_hal_i2c.o
 *fill*         0x00000000080059ea        0x2 
 .text.HAL_RCC_OscConfig
                0x00000000080059ec      0x4f0 ./Drivers/STM32F4xx_HAL_Driver/Src/stm32f4xx_hal_rcc.o
                0x00000000080059ec                HAL_RCC_OscConfig
 .text.HAL_RCC_ClockConfig
                0x0000000008005edc      0x1cc ./Drivers/STM32F4xx_HAL_Driver/Src/stm32f4xx_hal_rcc.o
                0x0000000008005edc                HAL_RCC_ClockConfig
 .text.HAL_RCC_GetSysClockFreq
                0x00000000080060a8      0x1c4 ./Drivers/STM32F4xx_HAL_Driver/Src/stm32f4xx_hal_rcc.o
                0x00000000080060a8                HAL_RCC_GetSysClockFreq
 .text.HAL_RCC_GetHCLKFreq
                0x000000000800626c       0x18 ./Drivers/STM32F4xx_HAL_Driver/Src/stm32f4xx_hal_rcc.o
                0x000000000800626c                HAL_RCC_GetHCLKFreq
 .text.HAL_RCC_GetPCLK1Freq
                0x0000000008006284       0x28 ./Drivers/STM32F4xx_HAL_Driver/Src/stm32f4xx_hal_rcc.o
                0x0000000008006284                HAL_RCC_GetPCLK1Freq
 .text.HAL_RCC_GetPCLK2Freq
                0x00000000080062ac       0x28 ./Drivers/STM32F4xx_HAL_Driver/Src/stm32f4xx_hal_rcc.o
                0x00000000080062ac                HAL_RCC_GetPCLK2Freq
 .text.HAL_SPI_Init
                0x00000000080062d4      0x112 ./Drivers/STM32F4xx_HAL_Driver/Src/stm32f4xx_hal_spi.o
                0x00000000080062d4                HAL_SPI_Init
 .text.HAL_SPI_Transmit
                0x00000000080063e6      0x278 ./Drivers/STM32F4xx_HAL_Driver/Src/stm32f4xx_hal_spi.o
                0x00000000080063e6                HAL_SPI_Transmit
 .text.HAL_SPI_Receive
                0x000000000800665e      0x222 ./Drivers/STM32F4xx_HAL_Driver/Src/stm32f4xx_hal_spi.o
                0x000000000800665e                HAL_SPI_Receive
 .text.HAL_SPI_TransmitReceive
                0x0000000008006880      0x344 ./Drivers/STM32F4xx_HAL_Driver/Src/stm32f4xx_hal_spi.o
                0x0000000008006880                HAL_SPI_TransmitReceive
 .text.SPI_WaitFlagStateUntilTimeout
                0x0000000008006bc4      0x110 ./Drivers/STM32F4xx_HAL_Driver/Src/stm32f4xx_hal_spi.o
 .text.SPI_EndRxTransaction
                0x0000000008006cd4       0xca ./Drivers/STM32F4xx_HAL_Driver/Src/stm32f4xx_hal_spi.o
 *fill*         0x0000000008006d9e        0x2 
 .text.SPI_EndRxTxTransaction
                0x0000000008006da0       0x84 ./Drivers/STM32F4xx_HAL_Driver/Src/stm32f4xx_hal_spi.o
 .text.HAL_SRAM_Init
                0x0000000008006e24       0x88 ./Drivers/STM32F4xx_HAL_Driver/Src/stm32f4xx_hal_sram.o
                0x0000000008006e24                HAL_SRAM_Init
 .text.HAL_TIM_Base_Init
                0x0000000008006eac       0x9e ./Drivers/STM32F4xx_HAL_Driver/Src/stm32f4xx_hal_tim.o
                0x0000000008006eac                HAL_TIM_Base_Init
 *fill*         0x0000000008006f4a        0x2 
 .text.HAL_TIM_Base_Start_IT
                0x0000000008006f4c       0xe0 ./Drivers/STM32F4xx_HAL_Driver/Src/stm32f4xx_hal_tim.o
                0x0000000008006f4c                HAL_TIM_Base_Start_IT
 .text.HAL_TIM_PWM_Init
                0x000000000800702c       0x9e ./Drivers/STM32F4xx_HAL_Driver/Src/stm32f4xx_hal_tim.o
                0x000000000800702c                HAL_TIM_PWM_Init
 .text.HAL_TIM_PWM_MspInit
                0x00000000080070ca       0x14 ./Drivers/STM32F4xx_HAL_Driver/Src/stm32f4xx_hal_tim.o
                0x00000000080070ca                HAL_TIM_PWM_MspInit
 *fill*         0x00000000080070de        0x2 
 .text.HAL_TIM_PWM_Start
                0x00000000080070e0      0x190 ./Drivers/STM32F4xx_HAL_Driver/Src/stm32f4xx_hal_tim.o
                0x00000000080070e0                HAL_TIM_PWM_Start
 .text.HAL_TIM_IRQHandler
                0x0000000008007270      0x210 ./Drivers/STM32F4xx_HAL_Driver/Src/stm32f4xx_hal_tim.o
                0x0000000008007270                HAL_TIM_IRQHandler
 .text.HAL_TIM_PWM_ConfigChannel
                0x0000000008007480      0x184 ./Drivers/STM32F4xx_HAL_Driver/Src/stm32f4xx_hal_tim.o
                0x0000000008007480                HAL_TIM_PWM_ConfigChannel
 .text.HAL_TIM_ConfigClockSource
                0x0000000008007604      0x18e ./Drivers/STM32F4xx_HAL_Driver/Src/stm32f4xx_hal_tim.o
                0x0000000008007604                HAL_TIM_ConfigClockSource
 .text.HAL_TIM_OC_DelayElapsedCallback
                0x0000000008007792       0x14 ./Drivers/STM32F4xx_HAL_Driver/Src/stm32f4xx_hal_tim.o
                0x0000000008007792                HAL_TIM_OC_DelayElapsedCallback
 .text.HAL_TIM_IC_CaptureCallback
                0x00000000080077a6       0x14 ./Drivers/STM32F4xx_HAL_Driver/Src/stm32f4xx_hal_tim.o
                0x00000000080077a6                HAL_TIM_IC_CaptureCallback
 .text.HAL_TIM_PWM_PulseFinishedCallback
                0x00000000080077ba       0x14 ./Drivers/STM32F4xx_HAL_Driver/Src/stm32f4xx_hal_tim.o
                0x00000000080077ba                HAL_TIM_PWM_PulseFinishedCallback
 .text.HAL_TIM_TriggerCallback
                0x00000000080077ce       0x14 ./Drivers/STM32F4xx_HAL_Driver/Src/stm32f4xx_hal_tim.o
                0x00000000080077ce                HAL_TIM_TriggerCallback
 *fill*         0x00000000080077e2        0x2 
 .text.TIM_Base_SetConfig
                0x00000000080077e4      0x140 ./Drivers/STM32F4xx_HAL_Driver/Src/stm32f4xx_hal_tim.o
                0x00000000080077e4                TIM_Base_SetConfig
 .text.TIM_OC1_SetConfig
                0x0000000008007924       0xe0 ./Drivers/STM32F4xx_HAL_Driver/Src/stm32f4xx_hal_tim.o
 .text.TIM_OC2_SetConfig
                0x0000000008007a04       0xec ./Drivers/STM32F4xx_HAL_Driver/Src/stm32f4xx_hal_tim.o
                0x0000000008007a04                TIM_OC2_SetConfig
 .text.TIM_OC3_SetConfig
                0x0000000008007af0       0xe8 ./Drivers/STM32F4xx_HAL_Driver/Src/stm32f4xx_hal_tim.o
 .text.TIM_OC4_SetConfig
                0x0000000008007bd8       0xac ./Drivers/STM32F4xx_HAL_Driver/Src/stm32f4xx_hal_tim.o
 .text.TIM_TI1_ConfigInputStage
                0x0000000008007c84       0x5e ./Drivers/STM32F4xx_HAL_Driver/Src/stm32f4xx_hal_tim.o
 .text.TIM_TI2_ConfigInputStage
                0x0000000008007ce2       0x60 ./Drivers/STM32F4xx_HAL_Driver/Src/stm32f4xx_hal_tim.o
 .text.TIM_ITRx_SetConfig
                0x0000000008007d42       0x36 ./Drivers/STM32F4xx_HAL_Driver/Src/stm32f4xx_hal_tim.o
 .text.TIM_ETR_SetConfig
                0x0000000008007d78       0x40 ./Drivers/STM32F4xx_HAL_Driver/Src/stm32f4xx_hal_tim.o
                0x0000000008007d78                TIM_ETR_SetConfig
 .text.TIM_CCxChannelCmd
                0x0000000008007db8       0x4a ./Drivers/STM32F4xx_HAL_Driver/Src/stm32f4xx_hal_tim.o
                0x0000000008007db8                TIM_CCxChannelCmd
 *fill*         0x0000000008007e02        0x2 
 .text.HAL_TIMEx_MasterConfigSynchronization
                0x0000000008007e04       0xf8 ./Drivers/STM32F4xx_HAL_Driver/Src/stm32f4xx_hal_tim_ex.o
                0x0000000008007e04                HAL_TIMEx_MasterConfigSynchronization
 .text.HAL_TIMEx_CommutCallback
                0x0000000008007efc       0x14 ./Drivers/STM32F4xx_HAL_Driver/Src/stm32f4xx_hal_tim_ex.o
                0x0000000008007efc                HAL_TIMEx_CommutCallback
 .text.HAL_TIMEx_BreakCallback
                0x0000000008007f10       0x14 ./Drivers/STM32F4xx_HAL_Driver/Src/stm32f4xx_hal_tim_ex.o
                0x0000000008007f10                HAL_TIMEx_BreakCallback
 .text.HAL_UART_Init
                0x0000000008007f24       0x9a ./Drivers/STM32F4xx_HAL_Driver/Src/stm32f4xx_hal_uart.o
                0x0000000008007f24                HAL_UART_Init
 .text.HAL_UART_Transmit
                0x0000000008007fbe      0x124 ./Drivers/STM32F4xx_HAL_Driver/Src/stm32f4xx_hal_uart.o
                0x0000000008007fbe                HAL_UART_Transmit
 .text.HAL_UART_Receive_IT
                0x00000000080080e2       0x60 ./Drivers/STM32F4xx_HAL_Driver/Src/stm32f4xx_hal_uart.o
                0x00000000080080e2                HAL_UART_Receive_IT
 *fill*         0x0000000008008142        0x2 
 .text.HAL_UART_IRQHandler
                0x0000000008008144      0x51c ./Drivers/STM32F4xx_HAL_Driver/Src/stm32f4xx_hal_uart.o
                0x0000000008008144                HAL_UART_IRQHandler
 .text.HAL_UART_TxCpltCallback
                0x0000000008008660       0x14 ./Drivers/STM32F4xx_HAL_Driver/Src/stm32f4xx_hal_uart.o
                0x0000000008008660                HAL_UART_TxCpltCallback
 .text.HAL_UART_ErrorCallback
                0x0000000008008674       0x14 ./Drivers/STM32F4xx_HAL_Driver/Src/stm32f4xx_hal_uart.o
                0x0000000008008674                HAL_UART_ErrorCallback
 .text.HAL_UARTEx_RxEventCallback
                0x0000000008008688       0x18 ./Drivers/STM32F4xx_HAL_Driver/Src/stm32f4xx_hal_uart.o
                0x0000000008008688                HAL_UARTEx_RxEventCallback
 .text.UART_WaitOnFlagUntilTimeout
                0x00000000080086a0       0xdc ./Drivers/STM32F4xx_HAL_Driver/Src/stm32f4xx_hal_uart.o
 .text.UART_Start_Receive_IT
                0x000000000800877c       0x74 ./Drivers/STM32F4xx_HAL_Driver/Src/stm32f4xx_hal_uart.o
                0x000000000800877c                UART_Start_Receive_IT
 .text.UART_EndRxTransfer
                0x00000000080087f0       0xc6 ./Drivers/STM32F4xx_HAL_Driver/Src/stm32f4xx_hal_uart.o
 .text.UART_DMAAbortOnError
                0x00000000080088b6       0x28 ./Drivers/STM32F4xx_HAL_Driver/Src/stm32f4xx_hal_uart.o
 .text.UART_Transmit_IT
                0x00000000080088de       0xa0 ./Drivers/STM32F4xx_HAL_Driver/Src/stm32f4xx_hal_uart.o
 .text.UART_EndTransmit_IT
                0x000000000800897e       0x30 ./Drivers/STM32F4xx_HAL_Driver/Src/stm32f4xx_hal_uart.o
 .text.UART_Receive_IT
                0x00000000080089ae      0x176 ./Drivers/STM32F4xx_HAL_Driver/Src/stm32f4xx_hal_uart.o
 .text.UART_SetConfig
                0x0000000008008b24      0x390 ./Drivers/STM32F4xx_HAL_Driver/Src/stm32f4xx_hal_uart.o
 .text.FSMC_NORSRAM_Init
                0x0000000008008eb4       0xa4 ./Drivers/STM32F4xx_HAL_Driver/Src/stm32f4xx_ll_fsmc.o
                0x0000000008008eb4                FSMC_NORSRAM_Init
 .text.FSMC_NORSRAM_Timing_Init
                0x0000000008008f58       0x7a ./Drivers/STM32F4xx_HAL_Driver/Src/stm32f4xx_ll_fsmc.o
                0x0000000008008f58                FSMC_NORSRAM_Timing_Init
 *fill*         0x0000000008008fd2        0x2 
 .text.FSMC_NORSRAM_Extended_Timing_Init
                0x0000000008008fd4       0x80 ./Drivers/STM32F4xx_HAL_Driver/Src/stm32f4xx_ll_fsmc.o
                0x0000000008008fd4                FSMC_NORSRAM_Extended_Timing_Init
 .text.__libc_init_array
                0x0000000008009054       0x48 c:/st/stm32cubeide_1.7.0/stm32cubeide/plugins/com.st.stm32cube.ide.mcu.externaltools.gnu-tools-for-stm32.9-2020-q2-update.win32_2.0.0.202105311346/tools/bin/../lib/gcc/arm-none-eabi/9.3.1/../../../../arm-none-eabi/lib/thumb/v7e-m+fp/hard\libc_nano.a(lib_a-init.o)
                0x0000000008009054                __libc_init_array
 .text.memset   0x000000000800909c       0x10 c:/st/stm32cubeide_1.7.0/stm32cubeide/plugins/com.st.stm32cube.ide.mcu.externaltools.gnu-tools-for-stm32.9-2020-q2-update.win32_2.0.0.202105311346/tools/bin/../lib/gcc/arm-none-eabi/9.3.1/../../../../arm-none-eabi/lib/thumb/v7e-m+fp/hard\libc_nano.a(lib_a-memset.o)
                0x000000000800909c                memset
 *(.glue_7)
 .glue_7        0x00000000080090ac        0x0 linker stubs
 *(.glue_7t)
 .glue_7t       0x00000000080090ac        0x0 linker stubs
 *(.eh_frame)
 .eh_frame      0x00000000080090ac        0x0 c:/st/stm32cubeide_1.7.0/stm32cubeide/plugins/com.st.stm32cube.ide.mcu.externaltools.gnu-tools-for-stm32.9-2020-q2-update.win32_2.0.0.202105311346/tools/bin/../lib/gcc/arm-none-eabi/9.3.1/thumb/v7e-m+fp/hard/crtbegin.o
 *(.init)
 .init          0x00000000080090ac        0x4 c:/st/stm32cubeide_1.7.0/stm32cubeide/plugins/com.st.stm32cube.ide.mcu.externaltools.gnu-tools-for-stm32.9-2020-q2-update.win32_2.0.0.202105311346/tools/bin/../lib/gcc/arm-none-eabi/9.3.1/thumb/v7e-m+fp/hard/crti.o
                0x00000000080090ac                _init
 .init          0x00000000080090b0        0x8 c:/st/stm32cubeide_1.7.0/stm32cubeide/plugins/com.st.stm32cube.ide.mcu.externaltools.gnu-tools-for-stm32.9-2020-q2-update.win32_2.0.0.202105311346/tools/bin/../lib/gcc/arm-none-eabi/9.3.1/thumb/v7e-m+fp/hard/crtn.o
 *(.fini)
 .fini          0x00000000080090b8        0x4 c:/st/stm32cubeide_1.7.0/stm32cubeide/plugins/com.st.stm32cube.ide.mcu.externaltools.gnu-tools-for-stm32.9-2020-q2-update.win32_2.0.0.202105311346/tools/bin/../lib/gcc/arm-none-eabi/9.3.1/thumb/v7e-m+fp/hard/crti.o
                0x00000000080090b8                _fini
 .fini          0x00000000080090bc        0x8 c:/st/stm32cubeide_1.7.0/stm32cubeide/plugins/com.st.stm32cube.ide.mcu.externaltools.gnu-tools-for-stm32.9-2020-q2-update.win32_2.0.0.202105311346/tools/bin/../lib/gcc/arm-none-eabi/9.3.1/thumb/v7e-m+fp/hard/crtn.o
                0x00000000080090c4                . = ALIGN (0x4)
                0x00000000080090c4                _etext = .

.vfp11_veneer   0x00000000080090c4        0x0
 .vfp11_veneer  0x00000000080090c4        0x0 linker stubs

.v4_bx          0x00000000080090c4        0x0
 .v4_bx         0x00000000080090c4        0x0 linker stubs

.iplt           0x00000000080090c4        0x0
 .iplt          0x00000000080090c4        0x0 c:/st/stm32cubeide_1.7.0/stm32cubeide/plugins/com.st.stm32cube.ide.mcu.externaltools.gnu-tools-for-stm32.9-2020-q2-update.win32_2.0.0.202105311346/tools/bin/../lib/gcc/arm-none-eabi/9.3.1/thumb/v7e-m+fp/hard/crtbegin.o

.rodata         0x00000000080090c4     0x3028
                0x00000000080090c4                . = ALIGN (0x4)
 *(.rodata)
 .rodata        0x00000000080090c4       0x86 ./Core/Src/lab6.o
 *(.rodata*)
 *fill*         0x000000000800914a        0x2 
 .rodata.ascii_1608
                0x000000000800914c      0x5f0 ./Core/Src/lcd.o
                0x000000000800914c                ascii_1608
 .rodata.ascii_2412
                0x000000000800973c     0x11d0 ./Core/Src/lcd.o
                0x000000000800973c                ascii_2412
 .rodata.ascii_3216
                0x000000000800a90c     0x17c0 ./Core/Src/lcd.o
                0x000000000800a90c                ascii_3216
 .rodata.AHBPrescTable
                0x000000000800c0cc       0x10 ./Core/Src/system_stm32f4xx.o
                0x000000000800c0cc                AHBPrescTable
 .rodata.APBPrescTable
                0x000000000800c0dc        0x8 ./Core/Src/system_stm32f4xx.o
                0x000000000800c0dc                APBPrescTable
 .rodata.flagBitshiftOffset.9376
                0x000000000800c0e4        0x8 ./Drivers/STM32F4xx_HAL_Driver/Src/stm32f4xx_hal_dma.o
                0x000000000800c0ec                . = ALIGN (0x4)

.ARM.extab      0x000000000800c0ec        0x0
                0x000000000800c0ec                . = ALIGN (0x4)
 *(.ARM.extab* .gnu.linkonce.armextab.*)
                0x000000000800c0ec                . = ALIGN (0x4)

.ARM            0x000000000800c0ec        0x8
                0x000000000800c0ec                . = ALIGN (0x4)
                0x000000000800c0ec                __exidx_start = .
 *(.ARM.exidx*)
 .ARM.exidx     0x000000000800c0ec        0x8 c:/st/stm32cubeide_1.7.0/stm32cubeide/plugins/com.st.stm32cube.ide.mcu.externaltools.gnu-tools-for-stm32.9-2020-q2-update.win32_2.0.0.202105311346/tools/bin/../lib/gcc/arm-none-eabi/9.3.1/thumb/v7e-m+fp/hard\libgcc.a(_udivmoddi4.o)
                0x000000000800c0f4                __exidx_end = .
                0x000000000800c0f4                . = ALIGN (0x4)

.rel.dyn        0x000000000800c0f4        0x0
 .rel.iplt      0x000000000800c0f4        0x0 c:/st/stm32cubeide_1.7.0/stm32cubeide/plugins/com.st.stm32cube.ide.mcu.externaltools.gnu-tools-for-stm32.9-2020-q2-update.win32_2.0.0.202105311346/tools/bin/../lib/gcc/arm-none-eabi/9.3.1/thumb/v7e-m+fp/hard/crtbegin.o

.preinit_array  0x000000000800c0f4        0x0
                0x000000000800c0f4                . = ALIGN (0x4)
                0x000000000800c0f4                PROVIDE (__preinit_array_start = .)
 *(.preinit_array*)
                0x000000000800c0f4                PROVIDE (__preinit_array_end = .)
                0x000000000800c0f4                . = ALIGN (0x4)

.init_array     0x000000000800c0f4        0x4
                0x000000000800c0f4                . = ALIGN (0x4)
                0x000000000800c0f4                PROVIDE (__init_array_start = .)
 *(SORT_BY_NAME(.init_array.*))
 *(.init_array*)
 .init_array    0x000000000800c0f4        0x4 c:/st/stm32cubeide_1.7.0/stm32cubeide/plugins/com.st.stm32cube.ide.mcu.externaltools.gnu-tools-for-stm32.9-2020-q2-update.win32_2.0.0.202105311346/tools/bin/../lib/gcc/arm-none-eabi/9.3.1/thumb/v7e-m+fp/hard/crtbegin.o
                0x000000000800c0f8                PROVIDE (__init_array_end = .)
                0x000000000800c0f8                . = ALIGN (0x4)

.fini_array     0x000000000800c0f8        0x4
                0x000000000800c0f8                . = ALIGN (0x4)
                [!provide]                        PROVIDE (__fini_array_start = .)
 *(SORT_BY_NAME(.fini_array.*))
 *(.fini_array*)
 .fini_array    0x000000000800c0f8        0x4 c:/st/stm32cubeide_1.7.0/stm32cubeide/plugins/com.st.stm32cube.ide.mcu.externaltools.gnu-tools-for-stm32.9-2020-q2-update.win32_2.0.0.202105311346/tools/bin/../lib/gcc/arm-none-eabi/9.3.1/thumb/v7e-m+fp/hard/crtbegin.o
                [!provide]                        PROVIDE (__fini_array_end = .)
                0x000000000800c0fc                . = ALIGN (0x4)
                0x000000000800c0fc                _sidata = LOADADDR (.data)

.data           0x0000000020000000       0x2c load address 0x000000000800c0fc
                0x0000000020000000                . = ALIGN (0x4)
                0x0000000020000000                _sdata = .
 *(.data)
 *(.data*)
 .data.alert_state
                0x0000000020000000        0x4 ./Core/Src/lab6.o
                0x0000000020000000                alert_state
 .data.colon_state
                0x0000000020000004        0x4 ./Core/Src/lab6.o
                0x0000000020000004                colon_state
 .data.g_current_x
                0x0000000020000008        0x2 ./Core/Src/lab6.o
 .data.g_last_y
                0x000000002000000a        0x2 ./Core/Src/lab6.o
 .data.led7seg  0x000000002000000c        0x4 ./Core/Src/led_7seg.o
                0x000000002000000c                led7seg
 .data.arrayOfNum
                0x0000000020000010        0xa ./Core/Src/led_7seg.o
                0x0000000020000010                arrayOfNum
 .data.spi_buffer
                0x000000002000001a        0x2 ./Core/Src/led_7seg.o
                0x000000002000001a                spi_buffer
 .data.TIMER_CYCLE
                0x000000002000001c        0x4 ./Core/Src/software_timer.o
                0x000000002000001c                TIMER_CYCLE
 .data.SystemCoreClock
                0x0000000020000020        0x4 ./Core/Src/system_stm32f4xx.o
                0x0000000020000020                SystemCoreClock
 .data.uwTickPrio
                0x0000000020000024        0x4 ./Drivers/STM32F4xx_HAL_Driver/Src/stm32f4xx_hal.o
                0x0000000020000024                uwTickPrio
 .data.uwTickFreq
                0x0000000020000028        0x1 ./Drivers/STM32F4xx_HAL_Driver/Src/stm32f4xx_hal.o
                0x0000000020000028                uwTickFreq
 *(.RamFunc)
 *(.RamFunc*)
                0x000000002000002c                . = ALIGN (0x4)
 *fill*         0x0000000020000029        0x3 
                0x000000002000002c                _edata = .
                0x000000000800c128                _siccmram = LOADADDR (.ccmram)

.igot.plt       0x000000002000002c        0x0 load address 0x000000000800c128
 .igot.plt      0x000000002000002c        0x0 c:/st/stm32cubeide_1.7.0/stm32cubeide/plugins/com.st.stm32cube.ide.mcu.externaltools.gnu-tools-for-stm32.9-2020-q2-update.win32_2.0.0.202105311346/tools/bin/../lib/gcc/arm-none-eabi/9.3.1/thumb/v7e-m+fp/hard/crtbegin.o

.ccmram         0x0000000010000000        0x0 load address 0x000000000800c128
                0x0000000010000000                . = ALIGN (0x4)
                0x0000000010000000                _sccmram = .
 *(.ccmram)
 *(.ccmram*)
                0x0000000010000000                . = ALIGN (0x4)
                0x0000000010000000                _eccmram = .
                0x0000000010000000                . = ALIGN (0x4)

.bss            0x000000002000002c      0x40c
                0x000000002000002c                _sbss = .
                0x000000002000002c                __bss_start__ = _sbss
 *(.bss)
 .bss           0x000000002000002c       0x1c c:/st/stm32cubeide_1.7.0/stm32cubeide/plugins/com.st.stm32cube.ide.mcu.externaltools.gnu-tools-for-stm32.9-2020-q2-update.win32_2.0.0.202105311346/tools/bin/../lib/gcc/arm-none-eabi/9.3.1/thumb/v7e-m+fp/hard/crtbegin.o
 *(.bss*)
 .bss.spi_button
                0x0000000020000048        0x2 ./Core/Src/button.o
                0x0000000020000048                spi_button
 .bss.duty_cycle
                0x000000002000004a        0x1 ./Core/Src/buzzer.o
                0x000000002000004a                duty_cycle
 *fill*         0x000000002000004b        0x1 
 .bss.FSMC_Initialized
                0x000000002000004c        0x4 ./Core/Src/fsmc.o
 .bss.count_adc
                0x0000000020000050        0x1 ./Core/Src/lab6.o
                0x0000000020000050                count_adc
 *fill*         0x0000000020000051        0x3 
 .bss.led7_index
                0x0000000020000054        0x4 ./Core/Src/led_7seg.o
                0x0000000020000054                led7_index
 .bss.timer_counter
                0x0000000020000058       0x28 ./Core/Src/software_timer.o
                0x0000000020000058                timer_counter
 .bss.timer_buffer
                0x0000000020000080       0x28 ./Core/Src/software_timer.o
                0x0000000020000080                timer_buffer
 .bss.timer_flag
                0x00000000200000a8       0x28 ./Core/Src/software_timer.o
                0x00000000200000a8                timer_flag
 .bss.receive_buffer1
                0x00000000200000d0        0x1 ./Core/Src/uart.o
                0x00000000200000d0                receive_buffer1
 .bss.flag_buffer
                0x00000000200000d1        0x1 ./Core/Src/uart.o
                0x00000000200000d1                flag_buffer
 .bss.buffer_index
                0x00000000200000d2        0x2 ./Core/Src/uart.o
                0x00000000200000d2                buffer_index
 .bss.bufferState
                0x00000000200000d4        0x1 ./Core/Src/uart.o
                0x00000000200000d4                bufferState
 *(COMMON)
 *fill*         0x00000000200000d5        0x3 
 COMMON         0x00000000200000d8       0xa8 ./Core/Src/adc.o
                0x00000000200000d8                hadc1
                0x0000000020000120                hdma_adc1
 COMMON         0x0000000020000180       0x20 ./Core/Src/button.o
                0x0000000020000180                button_count
 COMMON         0x00000000200001a0        0xf ./Core/Src/ds3231.o
                0x00000000200001a0                ds3231_sec
                0x00000000200001a1                ds3231_year
                0x00000000200001a2                ds3231_min
                0x00000000200001a3                ds3231_date
                0x00000000200001a4                ds3231_day
                0x00000000200001a5                ds3231_hours
                0x00000000200001a6                ds3231_month
                0x00000000200001a8                ds3231_buffer
 *fill*         0x00000000200001af        0x1 
 COMMON         0x00000000200001b0       0x50 ./Core/Src/fsmc.o
                0x00000000200001b0                hsram1
 COMMON         0x0000000020000200       0x54 ./Core/Src/i2c.o
                0x0000000020000200                hi2c1
 COMMON         0x0000000020000254        0x8 ./Core/Src/lab6.o
                0x0000000020000254                humi
                0x0000000020000258                power
 COMMON         0x000000002000025c       0x3a ./Core/Src/lcd.o
                0x000000002000025c                lcddev
                0x0000000020000264                s
 *fill*         0x0000000020000296        0x2 
 COMMON         0x0000000020000298        0xa ./Core/Src/sensor.o
                0x0000000020000298                adc_receive
 *fill*         0x00000000200002a2        0x2 
 COMMON         0x00000000200002a4       0x58 ./Core/Src/spi.o
                0x00000000200002a4                hspi1
 COMMON         0x00000000200002fc       0x90 ./Core/Src/tim.o
                0x00000000200002fc                htim13
                0x0000000020000344                htim2
 COMMON         0x000000002000038c       0x64 ./Core/Src/uart.o
                0x000000002000038c                msg
 COMMON         0x00000000200003f0       0x44 ./Core/Src/usart.o
                0x00000000200003f0                huart1
 COMMON         0x0000000020000434        0x4 ./Drivers/STM32F4xx_HAL_Driver/Src/stm32f4xx_hal.o
                0x0000000020000434                uwTick
                0x0000000020000438                . = ALIGN (0x4)
                0x0000000020000438                _ebss = .
                0x0000000020000438                __bss_end__ = _ebss

._user_heap_stack
                0x0000000020000438      0x600
                0x0000000020000438                . = ALIGN (0x8)
                [!provide]                        PROVIDE (end = .)
                0x0000000020000438                PROVIDE (_end = .)
                0x0000000020000638                . = (. + _Min_Heap_Size)
 *fill*         0x0000000020000438      0x200 
                0x0000000020000a38                . = (. + _Min_Stack_Size)
 *fill*         0x0000000020000638      0x400 
                0x0000000020000a38                . = ALIGN (0x8)

/DISCARD/
 libc.a(*)
 libm.a(*)
 libgcc.a(*)

.ARM.attributes
                0x0000000000000000       0x30
 *(.ARM.attributes)
 .ARM.attributes
                0x0000000000000000       0x1e c:/st/stm32cubeide_1.7.0/stm32cubeide/plugins/com.st.stm32cube.ide.mcu.externaltools.gnu-tools-for-stm32.9-2020-q2-update.win32_2.0.0.202105311346/tools/bin/../lib/gcc/arm-none-eabi/9.3.1/thumb/v7e-m+fp/hard/crti.o
 .ARM.attributes
                0x000000000000001e       0x34 c:/st/stm32cubeide_1.7.0/stm32cubeide/plugins/com.st.stm32cube.ide.mcu.externaltools.gnu-tools-for-stm32.9-2020-q2-update.win32_2.0.0.202105311346/tools/bin/../lib/gcc/arm-none-eabi/9.3.1/thumb/v7e-m+fp/hard/crtbegin.o
 .ARM.attributes
                0x0000000000000052       0x34 ./Core/Src/adc.o
 .ARM.attributes
                0x0000000000000086       0x34 ./Core/Src/button.o
 .ARM.attributes
                0x00000000000000ba       0x34 ./Core/Src/buzzer.o
 .ARM.attributes
                0x00000000000000ee       0x34 ./Core/Src/dma.o
 .ARM.attributes
                0x0000000000000122       0x34 ./Core/Src/ds3231.o
 .ARM.attributes
                0x0000000000000156       0x34 ./Core/Src/fsmc.o
 .ARM.attributes
                0x000000000000018a       0x34 ./Core/Src/gpio.o
 .ARM.attributes
                0x00000000000001be       0x34 ./Core/Src/i2c.o
 .ARM.attributes
                0x00000000000001f2       0x34 ./Core/Src/lab6.o
 .ARM.attributes
                0x0000000000000226       0x34 ./Core/Src/lcd.o
 .ARM.attributes
                0x000000000000025a       0x34 ./Core/Src/led_7seg.o
 .ARM.attributes
                0x000000000000028e       0x34 ./Core/Src/main.o
 .ARM.attributes
                0x00000000000002c2       0x34 ./Core/Src/sensor.o
 .ARM.attributes
                0x00000000000002f6       0x34 ./Core/Src/software_timer.o
 .ARM.attributes
                0x000000000000032a       0x34 ./Core/Src/spi.o
 .ARM.attributes
                0x000000000000035e       0x34 ./Core/Src/stm32f4xx_hal_msp.o
 .ARM.attributes
                0x0000000000000392       0x34 ./Core/Src/stm32f4xx_it.o
 .ARM.attributes
                0x00000000000003c6       0x34 ./Core/Src/system_stm32f4xx.o
 .ARM.attributes
                0x00000000000003fa       0x34 ./Core/Src/tim.o
 .ARM.attributes
                0x000000000000042e       0x34 ./Core/Src/uart.o
 .ARM.attributes
                0x0000000000000462       0x34 ./Core/Src/usart.o
 .ARM.attributes
                0x0000000000000496       0x34 ./Core/Src/utils.o
 .ARM.attributes
                0x00000000000004ca       0x21 ./Core/Startup/startup_stm32f407zetx.o
 .ARM.attributes
                0x00000000000004eb       0x34 ./Drivers/STM32F4xx_HAL_Driver/Src/stm32f4xx_hal.o
 .ARM.attributes
                0x000000000000051f       0x34 ./Drivers/STM32F4xx_HAL_Driver/Src/stm32f4xx_hal_adc.o
 .ARM.attributes
                0x0000000000000553       0x34 ./Drivers/STM32F4xx_HAL_Driver/Src/stm32f4xx_hal_cortex.o
 .ARM.attributes
                0x0000000000000587       0x34 ./Drivers/STM32F4xx_HAL_Driver/Src/stm32f4xx_hal_dma.o
 .ARM.attributes
                0x00000000000005bb       0x34 ./Drivers/STM32F4xx_HAL_Driver/Src/stm32f4xx_hal_gpio.o
 .ARM.attributes
                0x00000000000005ef       0x34 ./Drivers/STM32F4xx_HAL_Driver/Src/stm32f4xx_hal_i2c.o
 .ARM.attributes
                0x0000000000000623       0x34 ./Drivers/STM32F4xx_HAL_Driver/Src/stm32f4xx_hal_rcc.o
 .ARM.attributes
                0x0000000000000657       0x34 ./Drivers/STM32F4xx_HAL_Driver/Src/stm32f4xx_hal_spi.o
 .ARM.attributes
                0x000000000000068b       0x34 ./Drivers/STM32F4xx_HAL_Driver/Src/stm32f4xx_hal_sram.o
 .ARM.attributes
                0x00000000000006bf       0x34 ./Drivers/STM32F4xx_HAL_Driver/Src/stm32f4xx_hal_tim.o
 .ARM.attributes
                0x00000000000006f3       0x34 ./Drivers/STM32F4xx_HAL_Driver/Src/stm32f4xx_hal_tim_ex.o
 .ARM.attributes
                0x0000000000000727       0x34 ./Drivers/STM32F4xx_HAL_Driver/Src/stm32f4xx_hal_uart.o
 .ARM.attributes
                0x000000000000075b       0x34 ./Drivers/STM32F4xx_HAL_Driver/Src/stm32f4xx_ll_fsmc.o
 .ARM.attributes
                0x000000000000078f       0x34 c:/st/stm32cubeide_1.7.0/stm32cubeide/plugins/com.st.stm32cube.ide.mcu.externaltools.gnu-tools-for-stm32.9-2020-q2-update.win32_2.0.0.202105311346/tools/bin/../lib/gcc/arm-none-eabi/9.3.1/../../../../arm-none-eabi/lib/thumb/v7e-m+fp/hard\libc_nano.a(lib_a-init.o)
 .ARM.attributes
                0x00000000000007c3       0x34 c:/st/stm32cubeide_1.7.0/stm32cubeide/plugins/com.st.stm32cube.ide.mcu.externaltools.gnu-tools-for-stm32.9-2020-q2-update.win32_2.0.0.202105311346/tools/bin/../lib/gcc/arm-none-eabi/9.3.1/../../../../arm-none-eabi/lib/thumb/v7e-m+fp/hard\libc_nano.a(lib_a-memset.o)
 .ARM.attributes
                0x00000000000007f7       0x17 c:/st/stm32cubeide_1.7.0/stm32cubeide/plugins/com.st.stm32cube.ide.mcu.externaltools.gnu-tools-for-stm32.9-2020-q2-update.win32_2.0.0.202105311346/tools/bin/../lib/gcc/arm-none-eabi/9.3.1/../../../../arm-none-eabi/lib/thumb/v7e-m+fp/hard\libc_nano.a(lib_a-strlen.o)
 .ARM.attributes
                0x000000000000080e       0x1e c:/st/stm32cubeide_1.7.0/stm32cubeide/plugins/com.st.stm32cube.ide.mcu.externaltools.gnu-tools-for-stm32.9-2020-q2-update.win32_2.0.0.202105311346/tools/bin/../lib/gcc/arm-none-eabi/9.3.1/thumb/v7e-m+fp/hard\libgcc.a(_arm_addsubdf3.o)
 .ARM.attributes
                0x000000000000082c       0x1e c:/st/stm32cubeide_1.7.0/stm32cubeide/plugins/com.st.stm32cube.ide.mcu.externaltools.gnu-tools-for-stm32.9-2020-q2-update.win32_2.0.0.202105311346/tools/bin/../lib/gcc/arm-none-eabi/9.3.1/thumb/v7e-m+fp/hard\libgcc.a(_arm_muldivdf3.o)
 .ARM.attributes
                0x000000000000084a       0x1e c:/st/stm32cubeide_1.7.0/stm32cubeide/plugins/com.st.stm32cube.ide.mcu.externaltools.gnu-tools-for-stm32.9-2020-q2-update.win32_2.0.0.202105311346/tools/bin/../lib/gcc/arm-none-eabi/9.3.1/thumb/v7e-m+fp/hard\libgcc.a(_arm_truncdfsf2.o)
 .ARM.attributes
                0x0000000000000868       0x1e c:/st/stm32cubeide_1.7.0/stm32cubeide/plugins/com.st.stm32cube.ide.mcu.externaltools.gnu-tools-for-stm32.9-2020-q2-update.win32_2.0.0.202105311346/tools/bin/../lib/gcc/arm-none-eabi/9.3.1/thumb/v7e-m+fp/hard\libgcc.a(_aeabi_uldivmod.o)
 .ARM.attributes
                0x0000000000000886       0x34 c:/st/stm32cubeide_1.7.0/stm32cubeide/plugins/com.st.stm32cube.ide.mcu.externaltools.gnu-tools-for-stm32.9-2020-q2-update.win32_2.0.0.202105311346/tools/bin/../lib/gcc/arm-none-eabi/9.3.1/thumb/v7e-m+fp/hard\libgcc.a(_udivmoddi4.o)
 .ARM.attributes
                0x00000000000008ba       0x1e c:/st/stm32cubeide_1.7.0/stm32cubeide/plugins/com.st.stm32cube.ide.mcu.externaltools.gnu-tools-for-stm32.9-2020-q2-update.win32_2.0.0.202105311346/tools/bin/../lib/gcc/arm-none-eabi/9.3.1/thumb/v7e-m+fp/hard\libgcc.a(_dvmd_tls.o)
 .ARM.attributes
                0x00000000000008d8       0x1e c:/st/stm32cubeide_1.7.0/stm32cubeide/plugins/com.st.stm32cube.ide.mcu.externaltools.gnu-tools-for-stm32.9-2020-q2-update.win32_2.0.0.202105311346/tools/bin/../lib/gcc/arm-none-eabi/9.3.1/thumb/v7e-m+fp/hard/crtn.o
OUTPUT(Lab678.elf elf32-littlearm)
LOAD linker stubs
LOAD c:/st/stm32cubeide_1.7.0/stm32cubeide/plugins/com.st.stm32cube.ide.mcu.externaltools.gnu-tools-for-stm32.9-2020-q2-update.win32_2.0.0.202105311346/tools/bin/../lib/gcc/arm-none-eabi/9.3.1/../../../../arm-none-eabi/lib/thumb/v7e-m+fp/hard\libc.a
LOAD c:/st/stm32cubeide_1.7.0/stm32cubeide/plugins/com.st.stm32cube.ide.mcu.externaltools.gnu-tools-for-stm32.9-2020-q2-update.win32_2.0.0.202105311346/tools/bin/../lib/gcc/arm-none-eabi/9.3.1/../../../../arm-none-eabi/lib/thumb/v7e-m+fp/hard\libm.a
LOAD c:/st/stm32cubeide_1.7.0/stm32cubeide/plugins/com.st.stm32cube.ide.mcu.externaltools.gnu-tools-for-stm32.9-2020-q2-update.win32_2.0.0.202105311346/tools/bin/../lib/gcc/arm-none-eabi/9.3.1/thumb/v7e-m+fp/hard\libgcc.a

.debug_info     0x0000000000000000    0x206bc
 .debug_info    0x0000000000000000      0xabd ./Core/Src/adc.o
 .debug_info    0x0000000000000abd      0x7f4 ./Core/Src/button.o
 .debug_info    0x00000000000012b1      0x7a3 ./Core/Src/buzzer.o
 .debug_info    0x0000000000001a54      0x59c ./Core/Src/dma.o
 .debug_info    0x0000000000001ff0      0x824 ./Core/Src/ds3231.o
 .debug_info    0x0000000000002814      0xa96 ./Core/Src/fsmc.o
 .debug_info    0x00000000000032aa      0x586 ./Core/Src/gpio.o
 .debug_info    0x0000000000003830      0xa7d ./Core/Src/i2c.o
 .debug_info    0x00000000000042ad     0x1cfd ./Core/Src/lab6.o
 .debug_info    0x0000000000005faa     0x1759 ./Core/Src/lcd.o
 .debug_info    0x0000000000007703      0x89c ./Core/Src/led_7seg.o
 .debug_info    0x0000000000007f9f     0x21c1 ./Core/Src/main.o
 .debug_info    0x000000000000a160      0x744 ./Core/Src/sensor.o
 .debug_info    0x000000000000a8a4      0x860 ./Core/Src/software_timer.o
 .debug_info    0x000000000000b104      0xa5a ./Core/Src/spi.o
 .debug_info    0x000000000000bb5e      0x394 ./Core/Src/stm32f4xx_hal_msp.o
 .debug_info    0x000000000000bef2      0xa8d ./Core/Src/stm32f4xx_it.o
 .debug_info    0x000000000000c97f      0x5a4 ./Core/Src/system_stm32f4xx.o
 .debug_info    0x000000000000cf23      0xebe ./Core/Src/tim.o
 .debug_info    0x000000000000dde1     0x10fb ./Core/Src/uart.o
 .debug_info    0x000000000000eedc      0xc29 ./Core/Src/usart.o
 .debug_info    0x000000000000fb05       0xd8 ./Core/Src/utils.o
 .debug_info    0x000000000000fbdd       0x22 ./Core/Startup/startup_stm32f407zetx.o
 .debug_info    0x000000000000fbff      0x9b2 ./Drivers/STM32F4xx_HAL_Driver/Src/stm32f4xx_hal.o
 .debug_info    0x00000000000105b1      0xdbc ./Drivers/STM32F4xx_HAL_Driver/Src/stm32f4xx_hal_adc.o
 .debug_info    0x000000000001136d      0xed7 ./Drivers/STM32F4xx_HAL_Driver/Src/stm32f4xx_hal_cortex.o
 .debug_info    0x0000000000012244      0x9f1 ./Drivers/STM32F4xx_HAL_Driver/Src/stm32f4xx_hal_dma.o
 .debug_info    0x0000000000012c35      0x83e ./Drivers/STM32F4xx_HAL_Driver/Src/stm32f4xx_hal_gpio.o
 .debug_info    0x0000000000013473     0x264d ./Drivers/STM32F4xx_HAL_Driver/Src/stm32f4xx_hal_i2c.o
 .debug_info    0x0000000000015ac0      0x996 ./Drivers/STM32F4xx_HAL_Driver/Src/stm32f4xx_hal_rcc.o
 .debug_info    0x0000000000016456     0x17c0 ./Drivers/STM32F4xx_HAL_Driver/Src/stm32f4xx_hal_spi.o
 .debug_info    0x0000000000017c16      0xbab ./Drivers/STM32F4xx_HAL_Driver/Src/stm32f4xx_hal_sram.o
 .debug_info    0x00000000000187c1     0x2c22 ./Drivers/STM32F4xx_HAL_Driver/Src/stm32f4xx_hal_tim.o
 .debug_info    0x000000000001b3e3     0x15a2 ./Drivers/STM32F4xx_HAL_Driver/Src/stm32f4xx_hal_tim_ex.o
 .debug_info    0x000000000001c985     0x31de ./Drivers/STM32F4xx_HAL_Driver/Src/stm32f4xx_hal_uart.o
 .debug_info    0x000000000001fb63      0xb59 ./Drivers/STM32F4xx_HAL_Driver/Src/stm32f4xx_ll_fsmc.o

.debug_abbrev   0x0000000000000000     0x4562
 .debug_abbrev  0x0000000000000000      0x1ce ./Core/Src/adc.o
 .debug_abbrev  0x00000000000001ce      0x1bf ./Core/Src/button.o
 .debug_abbrev  0x000000000000038d      0x19a ./Core/Src/buzzer.o
 .debug_abbrev  0x0000000000000527      0x11b ./Core/Src/dma.o
 .debug_abbrev  0x0000000000000642      0x1a7 ./Core/Src/ds3231.o
 .debug_abbrev  0x00000000000007e9      0x1e2 ./Core/Src/fsmc.o
 .debug_abbrev  0x00000000000009cb      0x14e ./Core/Src/gpio.o
 .debug_abbrev  0x0000000000000b19      0x1bb ./Core/Src/i2c.o
 .debug_abbrev  0x0000000000000cd4      0x259 ./Core/Src/lab6.o
 .debug_abbrev  0x0000000000000f2d      0x3aa ./Core/Src/lcd.o
 .debug_abbrev  0x00000000000012d7      0x1a9 ./Core/Src/led_7seg.o
 .debug_abbrev  0x0000000000001480      0x28c ./Core/Src/main.o
 .debug_abbrev  0x000000000000170c      0x19f ./Core/Src/sensor.o
 .debug_abbrev  0x00000000000018ab      0x20c ./Core/Src/software_timer.o
 .debug_abbrev  0x0000000000001ab7      0x1bb ./Core/Src/spi.o
 .debug_abbrev  0x0000000000001c72      0x11d ./Core/Src/stm32f4xx_hal_msp.o
 .debug_abbrev  0x0000000000001d8f      0x176 ./Core/Src/stm32f4xx_it.o
 .debug_abbrev  0x0000000000001f05      0x145 ./Core/Src/system_stm32f4xx.o
 .debug_abbrev  0x000000000000204a      0x1d7 ./Core/Src/tim.o
 .debug_abbrev  0x0000000000002221      0x28c ./Core/Src/uart.o
 .debug_abbrev  0x00000000000024ad      0x1c4 ./Core/Src/usart.o
 .debug_abbrev  0x0000000000002671       0x87 ./Core/Src/utils.o
 .debug_abbrev  0x00000000000026f8       0x12 ./Core/Startup/startup_stm32f407zetx.o
 .debug_abbrev  0x000000000000270a      0x1ed ./Drivers/STM32F4xx_HAL_Driver/Src/stm32f4xx_hal.o
 .debug_abbrev  0x00000000000028f7      0x22f ./Drivers/STM32F4xx_HAL_Driver/Src/stm32f4xx_hal_adc.o
 .debug_abbrev  0x0000000000002b26      0x33c ./Drivers/STM32F4xx_HAL_Driver/Src/stm32f4xx_hal_cortex.o
 .debug_abbrev  0x0000000000002e62      0x259 ./Drivers/STM32F4xx_HAL_Driver/Src/stm32f4xx_hal_dma.o
 .debug_abbrev  0x00000000000030bb      0x1f1 ./Drivers/STM32F4xx_HAL_Driver/Src/stm32f4xx_hal_gpio.o
 .debug_abbrev  0x00000000000032ac      0x282 ./Drivers/STM32F4xx_HAL_Driver/Src/stm32f4xx_hal_i2c.o
 .debug_abbrev  0x000000000000352e      0x275 ./Drivers/STM32F4xx_HAL_Driver/Src/stm32f4xx_hal_rcc.o
 .debug_abbrev  0x00000000000037a3      0x26e ./Drivers/STM32F4xx_HAL_Driver/Src/stm32f4xx_hal_spi.o
 .debug_abbrev  0x0000000000003a11      0x1f4 ./Drivers/STM32F4xx_HAL_Driver/Src/stm32f4xx_hal_sram.o
 .debug_abbrev  0x0000000000003c05      0x25e ./Drivers/STM32F4xx_HAL_Driver/Src/stm32f4xx_hal_tim.o
 .debug_abbrev  0x0000000000003e63      0x266 ./Drivers/STM32F4xx_HAL_Driver/Src/stm32f4xx_hal_tim_ex.o
 .debug_abbrev  0x00000000000040c9      0x2eb ./Drivers/STM32F4xx_HAL_Driver/Src/stm32f4xx_hal_uart.o
 .debug_abbrev  0x00000000000043b4      0x1ae ./Drivers/STM32F4xx_HAL_Driver/Src/stm32f4xx_ll_fsmc.o

.debug_aranges  0x0000000000000000     0x1700
 .debug_aranges
                0x0000000000000000       0x30 ./Core/Src/adc.o
 .debug_aranges
                0x0000000000000030       0x28 ./Core/Src/button.o
 .debug_aranges
                0x0000000000000058       0x28 ./Core/Src/buzzer.o
 .debug_aranges
                0x0000000000000080       0x20 ./Core/Src/dma.o
 .debug_aranges
                0x00000000000000a0       0x30 ./Core/Src/ds3231.o
 .debug_aranges
                0x00000000000000d0       0x40 ./Core/Src/fsmc.o
 .debug_aranges
                0x0000000000000110       0x20 ./Core/Src/gpio.o
 .debug_aranges
                0x0000000000000130       0x30 ./Core/Src/i2c.o
 .debug_aranges
                0x0000000000000160       0x68 ./Core/Src/lab6.o
 .debug_aranges
                0x00000000000001c8       0xd8 ./Core/Src/lcd.o
 .debug_aranges
                0x00000000000002a0       0x48 ./Core/Src/led_7seg.o
 .debug_aranges
                0x00000000000002e8       0x38 ./Core/Src/main.o
 .debug_aranges
                0x0000000000000320       0x50 ./Core/Src/sensor.o
 .debug_aranges
                0x0000000000000370       0x38 ./Core/Src/software_timer.o
 .debug_aranges
                0x00000000000003a8       0x30 ./Core/Src/spi.o
 .debug_aranges
                0x00000000000003d8       0x20 ./Core/Src/stm32f4xx_hal_msp.o
 .debug_aranges
                0x00000000000003f8       0x78 ./Core/Src/stm32f4xx_it.o
 .debug_aranges
                0x0000000000000470       0x28 ./Core/Src/system_stm32f4xx.o
 .debug_aranges
                0x0000000000000498       0x40 ./Core/Src/tim.o
 .debug_aranges
                0x00000000000004d8       0x58 ./Core/Src/uart.o
 .debug_aranges
                0x0000000000000530       0x30 ./Core/Src/usart.o
 .debug_aranges
                0x0000000000000560       0x28 ./Core/Src/utils.o
 .debug_aranges
                0x0000000000000588       0x28 ./Core/Startup/startup_stm32f407zetx.o
 .debug_aranges
                0x00000000000005b0       0xf0 ./Drivers/STM32F4xx_HAL_Driver/Src/stm32f4xx_hal.o
 .debug_aranges
                0x00000000000006a0       0xe8 ./Drivers/STM32F4xx_HAL_Driver/Src/stm32f4xx_hal_adc.o
 .debug_aranges
                0x0000000000000788      0x118 ./Drivers/STM32F4xx_HAL_Driver/Src/stm32f4xx_hal_cortex.o
 .debug_aranges
                0x00000000000008a0       0x90 ./Drivers/STM32F4xx_HAL_Driver/Src/stm32f4xx_hal_dma.o
 .debug_aranges
                0x0000000000000930       0x58 ./Drivers/STM32F4xx_HAL_Driver/Src/stm32f4xx_hal_gpio.o
 .debug_aranges
                0x0000000000000988      0x2a0 ./Drivers/STM32F4xx_HAL_Driver/Src/stm32f4xx_hal_i2c.o
 .debug_aranges
                0x0000000000000c28       0x88 ./Drivers/STM32F4xx_HAL_Driver/Src/stm32f4xx_hal_rcc.o
 .debug_aranges
                0x0000000000000cb0      0x1d0 ./Drivers/STM32F4xx_HAL_Driver/Src/stm32f4xx_hal_spi.o
 .debug_aranges
                0x0000000000000e80       0xa0 ./Drivers/STM32F4xx_HAL_Driver/Src/stm32f4xx_hal_sram.o
 .debug_aranges
                0x0000000000000f20      0x3d0 ./Drivers/STM32F4xx_HAL_Driver/Src/stm32f4xx_hal_tim.o
 .debug_aranges
                0x00000000000012f0      0x168 ./Drivers/STM32F4xx_HAL_Driver/Src/stm32f4xx_hal_tim_ex.o
 .debug_aranges
                0x0000000000001458      0x200 ./Drivers/STM32F4xx_HAL_Driver/Src/stm32f4xx_hal_uart.o
 .debug_aranges
                0x0000000000001658       0xa8 ./Drivers/STM32F4xx_HAL_Driver/Src/stm32f4xx_ll_fsmc.o

.debug_ranges   0x0000000000000000     0x1520
 .debug_ranges  0x0000000000000000       0x20 ./Core/Src/adc.o
 .debug_ranges  0x0000000000000020       0x18 ./Core/Src/button.o
 .debug_ranges  0x0000000000000038       0x18 ./Core/Src/buzzer.o
 .debug_ranges  0x0000000000000050       0x10 ./Core/Src/dma.o
 .debug_ranges  0x0000000000000060       0x20 ./Core/Src/ds3231.o
 .debug_ranges  0x0000000000000080       0x30 ./Core/Src/fsmc.o
 .debug_ranges  0x00000000000000b0       0x10 ./Core/Src/gpio.o
 .debug_ranges  0x00000000000000c0       0x20 ./Core/Src/i2c.o
 .debug_ranges  0x00000000000000e0       0x58 ./Core/Src/lab6.o
 .debug_ranges  0x0000000000000138       0xc8 ./Core/Src/lcd.o
 .debug_ranges  0x0000000000000200       0x38 ./Core/Src/led_7seg.o
 .debug_ranges  0x0000000000000238       0x28 ./Core/Src/main.o
 .debug_ranges  0x0000000000000260       0x40 ./Core/Src/sensor.o
 .debug_ranges  0x00000000000002a0       0x28 ./Core/Src/software_timer.o
 .debug_ranges  0x00000000000002c8       0x20 ./Core/Src/spi.o
 .debug_ranges  0x00000000000002e8       0x10 ./Core/Src/stm32f4xx_hal_msp.o
 .debug_ranges  0x00000000000002f8       0x68 ./Core/Src/stm32f4xx_it.o
 .debug_ranges  0x0000000000000360       0x18 ./Core/Src/system_stm32f4xx.o
 .debug_ranges  0x0000000000000378       0x30 ./Core/Src/tim.o
 .debug_ranges  0x00000000000003a8       0x48 ./Core/Src/uart.o
 .debug_ranges  0x00000000000003f0       0x20 ./Core/Src/usart.o
 .debug_ranges  0x0000000000000410       0x18 ./Core/Src/utils.o
 .debug_ranges  0x0000000000000428       0x20 ./Core/Startup/startup_stm32f407zetx.o
 .debug_ranges  0x0000000000000448       0xe0 ./Drivers/STM32F4xx_HAL_Driver/Src/stm32f4xx_hal.o
 .debug_ranges  0x0000000000000528       0xd8 ./Drivers/STM32F4xx_HAL_Driver/Src/stm32f4xx_hal_adc.o
 .debug_ranges  0x0000000000000600      0x108 ./Drivers/STM32F4xx_HAL_Driver/Src/stm32f4xx_hal_cortex.o
 .debug_ranges  0x0000000000000708       0x80 ./Drivers/STM32F4xx_HAL_Driver/Src/stm32f4xx_hal_dma.o
 .debug_ranges  0x0000000000000788       0x48 ./Drivers/STM32F4xx_HAL_Driver/Src/stm32f4xx_hal_gpio.o
 .debug_ranges  0x00000000000007d0      0x2b8 ./Drivers/STM32F4xx_HAL_Driver/Src/stm32f4xx_hal_i2c.o
 .debug_ranges  0x0000000000000a88       0x78 ./Drivers/STM32F4xx_HAL_Driver/Src/stm32f4xx_hal_rcc.o
 .debug_ranges  0x0000000000000b00      0x1c0 ./Drivers/STM32F4xx_HAL_Driver/Src/stm32f4xx_hal_spi.o
 .debug_ranges  0x0000000000000cc0       0x90 ./Drivers/STM32F4xx_HAL_Driver/Src/stm32f4xx_hal_sram.o
 .debug_ranges  0x0000000000000d50      0x3c0 ./Drivers/STM32F4xx_HAL_Driver/Src/stm32f4xx_hal_tim.o
 .debug_ranges  0x0000000000001110      0x158 ./Drivers/STM32F4xx_HAL_Driver/Src/stm32f4xx_hal_tim_ex.o
 .debug_ranges  0x0000000000001268      0x220 ./Drivers/STM32F4xx_HAL_Driver/Src/stm32f4xx_hal_uart.o
 .debug_ranges  0x0000000000001488       0x98 ./Drivers/STM32F4xx_HAL_Driver/Src/stm32f4xx_ll_fsmc.o

.debug_macro    0x0000000000000000    0x26e06
 .debug_macro   0x0000000000000000      0x24e ./Core/Src/adc.o
 .debug_macro   0x000000000000024e      0xaa8 ./Core/Src/adc.o
 .debug_macro   0x0000000000000cf6      0x2b3 ./Core/Src/adc.o
 .debug_macro   0x0000000000000fa9       0x2e ./Core/Src/adc.o
 .debug_macro   0x0000000000000fd7       0x2f ./Core/Src/adc.o
 .debug_macro   0x0000000000001006       0x22 ./Core/Src/adc.o
 .debug_macro   0x0000000000001028       0x8e ./Core/Src/adc.o
 .debug_macro   0x00000000000010b6       0x51 ./Core/Src/adc.o
 .debug_macro   0x0000000000001107      0x103 ./Core/Src/adc.o
 .debug_macro   0x000000000000120a       0x6a ./Core/Src/adc.o
 .debug_macro   0x0000000000001274      0x1df ./Core/Src/adc.o
 .debug_macro   0x0000000000001453       0x1c ./Core/Src/adc.o
 .debug_macro   0x000000000000146f       0x22 ./Core/Src/adc.o
 .debug_macro   0x0000000000001491       0xdf ./Core/Src/adc.o
 .debug_macro   0x0000000000001570     0x102d ./Core/Src/adc.o
 .debug_macro   0x000000000000259d      0x11f ./Core/Src/adc.o
 .debug_macro   0x00000000000026bc    0x15e58 ./Core/Src/adc.o
 .debug_macro   0x0000000000018514       0x6d ./Core/Src/adc.o
 .debug_macro   0x0000000000018581     0x3666 ./Core/Src/adc.o
 .debug_macro   0x000000000001bbe7      0x174 ./Core/Src/adc.o
 .debug_macro   0x000000000001bd5b       0x5c ./Core/Src/adc.o
 .debug_macro   0x000000000001bdb7      0x96b ./Core/Src/adc.o
 .debug_macro   0x000000000001c722      0x9fe ./Core/Src/adc.o
 .debug_macro   0x000000000001d120      0x116 ./Core/Src/adc.o
 .debug_macro   0x000000000001d236      0x13e ./Core/Src/adc.o
 .debug_macro   0x000000000001d374       0xa5 ./Core/Src/adc.o
 .debug_macro   0x000000000001d419      0x174 ./Core/Src/adc.o
 .debug_macro   0x000000000001d58d      0x287 ./Core/Src/adc.o
 .debug_macro   0x000000000001d814       0x5f ./Core/Src/adc.o
 .debug_macro   0x000000000001d873      0x236 ./Core/Src/adc.o
 .debug_macro   0x000000000001daa9      0xb5b ./Core/Src/adc.o
 .debug_macro   0x000000000001e604      0x38b ./Core/Src/adc.o
 .debug_macro   0x000000000001e98f      0x176 ./Core/Src/adc.o
 .debug_macro   0x000000000001eb05       0xf9 ./Core/Src/adc.o
 .debug_macro   0x000000000001ebfe      0x12c ./Core/Src/adc.o
 .debug_macro   0x000000000001ed2a      0x21e ./Core/Src/adc.o
 .debug_macro   0x000000000001ef48       0x2e ./Core/Src/adc.o
 .debug_macro   0x000000000001ef76      0x543 ./Core/Src/adc.o
 .debug_macro   0x000000000001f4b9      0x1b5 ./Core/Src/adc.o
 .debug_macro   0x000000000001f66e       0xd6 ./Core/Src/adc.o
 .debug_macro   0x000000000001f744      0x11a ./Core/Src/adc.o
 .debug_macro   0x000000000001f85e       0x7e ./Core/Src/adc.o
 .debug_macro   0x000000000001f8dc       0x89 ./Core/Src/adc.o
 .debug_macro   0x000000000001f965      0x225 ./Core/Src/adc.o
 .debug_macro   0x000000000001fb8a      0x8d1 ./Core/Src/adc.o
 .debug_macro   0x000000000002045b       0x47 ./Core/Src/adc.o
 .debug_macro   0x00000000000204a2      0x295 ./Core/Src/adc.o
 .debug_macro   0x0000000000020737      0x12d ./Core/Src/adc.o
 .debug_macro   0x0000000000020864       0x88 ./Core/Src/adc.o
 .debug_macro   0x00000000000208ec      0x262 ./Core/Src/button.o
 .debug_macro   0x0000000000020b4e      0x258 ./Core/Src/buzzer.o
 .debug_macro   0x0000000000020da6      0x24e ./Core/Src/dma.o
 .debug_macro   0x0000000000020ff4      0x26d ./Core/Src/ds3231.o
 .debug_macro   0x0000000000021261       0x2e ./Core/Src/ds3231.o
 .debug_macro   0x000000000002128f      0x24e ./Core/Src/fsmc.o
 .debug_macro   0x00000000000214dd      0x24e ./Core/Src/gpio.o
 .debug_macro   0x000000000002172b      0x24e ./Core/Src/i2c.o
 .debug_macro   0x0000000000021979      0x4c0 ./Core/Src/lab6.o
 .debug_macro   0x0000000000021e39       0x18 ./Core/Src/lab6.o
 .debug_macro   0x0000000000021e51       0x52 ./Core/Src/lab6.o
 .debug_macro   0x0000000000021ea3       0x3c ./Core/Src/lab6.o
 .debug_macro   0x0000000000021edf       0x34 ./Core/Src/lab6.o
 .debug_macro   0x0000000000021f13       0x16 ./Core/Src/lab6.o
 .debug_macro   0x0000000000021f29       0x35 ./Core/Src/lab6.o
 .debug_macro   0x0000000000021f5e       0x16 ./Core/Src/lab6.o
 .debug_macro   0x0000000000021f74       0x43 ./Core/Src/lab6.o
 .debug_macro   0x0000000000021fb7       0x34 ./Core/Src/lab6.o
 .debug_macro   0x0000000000021feb       0x10 ./Core/Src/lab6.o
 .debug_macro   0x0000000000021ffb       0x58 ./Core/Src/lab6.o
 .debug_macro   0x0000000000022053       0x71 ./Core/Src/lab6.o
 .debug_macro   0x00000000000220c4       0x1c ./Core/Src/lab6.o
 .debug_macro   0x00000000000220e0      0x12a ./Core/Src/lab6.o
 .debug_macro   0x000000000002220a      0x333 ./Core/Src/lab6.o
 .debug_macro   0x000000000002253d       0x16 ./Core/Src/lab6.o
 .debug_macro   0x0000000000022553       0x29 ./Core/Src/lab6.o
 .debug_macro   0x000000000002257c       0x16 ./Core/Src/lab6.o
 .debug_macro   0x0000000000022592       0x20 ./Core/Src/lab6.o
 .debug_macro   0x00000000000225b2       0xca ./Core/Src/lab6.o
 .debug_macro   0x000000000002267c       0x1c ./Core/Src/lab6.o
 .debug_macro   0x0000000000022698       0x10 ./Core/Src/lab6.o
 .debug_macro   0x00000000000226a8       0x10 ./Core/Src/lab6.o
 .debug_macro   0x00000000000226b8       0x1c ./Core/Src/lab6.o
 .debug_macro   0x00000000000226d4       0x52 ./Core/Src/lab6.o
 .debug_macro   0x0000000000022726       0x22 ./Core/Src/lab6.o
 .debug_macro   0x0000000000022748       0x10 ./Core/Src/lab6.o
 .debug_macro   0x0000000000022758       0x40 ./Core/Src/lab6.o
 .debug_macro   0x0000000000022798       0xd5 ./Core/Src/lab6.o
 .debug_macro   0x000000000002286d       0x1c ./Core/Src/lab6.o
 .debug_macro   0x0000000000022889       0x3d ./Core/Src/lab6.o
 .debug_macro   0x00000000000228c6       0x16 ./Core/Src/lab6.o
 .debug_macro   0x00000000000228dc      0x145 ./Core/Src/lab6.o
 .debug_macro   0x0000000000022a21       0x34 ./Core/Src/lab6.o
 .debug_macro   0x0000000000022a55      0x363 ./Core/Src/lcd.o
 .debug_macro   0x0000000000022db8      0x258 ./Core/Src/led_7seg.o
 .debug_macro   0x0000000000023010      0x4fa ./Core/Src/main.o
 .debug_macro   0x000000000002350a       0x16 ./Core/Src/main.o
 .debug_macro   0x0000000000023520      0x258 ./Core/Src/sensor.o
 .debug_macro   0x0000000000023778      0x25e ./Core/Src/software_timer.o
 .debug_macro   0x00000000000239d6      0x24e ./Core/Src/spi.o
 .debug_macro   0x0000000000023c24      0x244 ./Core/Src/stm32f4xx_hal_msp.o
 .debug_macro   0x0000000000023e68      0x24e ./Core/Src/stm32f4xx_it.o
 .debug_macro   0x00000000000240b6      0x235 ./Core/Src/system_stm32f4xx.o
 .debug_macro   0x00000000000242eb      0x24e ./Core/Src/tim.o
 .debug_macro   0x0000000000024539      0x408 ./Core/Src/uart.o
 .debug_macro   0x0000000000024941       0x10 ./Core/Src/uart.o
 .debug_macro   0x0000000000024951      0x460 ./Core/Src/uart.o
 .debug_macro   0x0000000000024db1      0x24e ./Core/Src/usart.o
 .debug_macro   0x0000000000024fff       0x6d ./Core/Src/utils.o
 .debug_macro   0x000000000002506c      0x295 ./Drivers/STM32F4xx_HAL_Driver/Src/stm32f4xx_hal.o
 .debug_macro   0x0000000000025301      0x236 ./Drivers/STM32F4xx_HAL_Driver/Src/stm32f4xx_hal_adc.o
 .debug_macro   0x0000000000025537      0x235 ./Drivers/STM32F4xx_HAL_Driver/Src/stm32f4xx_hal_cortex.o
 .debug_macro   0x000000000002576c      0x23b ./Drivers/STM32F4xx_HAL_Driver/Src/stm32f4xx_hal_dma.o
 .debug_macro   0x00000000000259a7      0x23b ./Drivers/STM32F4xx_HAL_Driver/Src/stm32f4xx_hal_gpio.o
 .debug_macro   0x0000000000025be2      0x27c ./Drivers/STM32F4xx_HAL_Driver/Src/stm32f4xx_hal_i2c.o
 .debug_macro   0x0000000000025e5e      0x259 ./Drivers/STM32F4xx_HAL_Driver/Src/stm32f4xx_hal_rcc.o
 .debug_macro   0x00000000000260b7      0x244 ./Drivers/STM32F4xx_HAL_Driver/Src/stm32f4xx_hal_spi.o
 .debug_macro   0x00000000000262fb      0x235 ./Drivers/STM32F4xx_HAL_Driver/Src/stm32f4xx_hal_sram.o
 .debug_macro   0x0000000000026530      0x236 ./Drivers/STM32F4xx_HAL_Driver/Src/stm32f4xx_hal_tim.o
 .debug_macro   0x0000000000026766      0x235 ./Drivers/STM32F4xx_HAL_Driver/Src/stm32f4xx_hal_tim_ex.o
 .debug_macro   0x000000000002699b      0x236 ./Drivers/STM32F4xx_HAL_Driver/Src/stm32f4xx_hal_uart.o
 .debug_macro   0x0000000000026bd1      0x235 ./Drivers/STM32F4xx_HAL_Driver/Src/stm32f4xx_ll_fsmc.o

.debug_line     0x0000000000000000    0x20063
 .debug_line    0x0000000000000000      0x874 ./Core/Src/adc.o
 .debug_line    0x0000000000000874      0x810 ./Core/Src/button.o
 .debug_line    0x0000000000001084      0x7a7 ./Core/Src/buzzer.o
 .debug_line    0x000000000000182b      0x780 ./Core/Src/dma.o
 .debug_line    0x0000000000001fab      0x81b ./Core/Src/ds3231.o
 .debug_line    0x00000000000027c6      0x885 ./Core/Src/fsmc.o
 .debug_line    0x000000000000304b      0x7e4 ./Core/Src/gpio.o
 .debug_line    0x000000000000382f      0x7ee ./Core/Src/i2c.o
 .debug_line    0x000000000000401d      0xc5e ./Core/Src/lab6.o
 .debug_line    0x0000000000004c7b     0x100f ./Core/Src/lcd.o
 .debug_line    0x0000000000005c8a      0x886 ./Core/Src/led_7seg.o
 .debug_line    0x0000000000006510      0xb27 ./Core/Src/main.o
 .debug_line    0x0000000000007037      0x841 ./Core/Src/sensor.o
 .debug_line    0x0000000000007878      0x826 ./Core/Src/software_timer.o
 .debug_line    0x000000000000809e      0x7f6 ./Core/Src/spi.o
 .debug_line    0x0000000000008894      0x785 ./Core/Src/stm32f4xx_hal_msp.o
 .debug_line    0x0000000000009019      0x88f ./Core/Src/stm32f4xx_it.o
 .debug_line    0x00000000000098a8      0x806 ./Core/Src/system_stm32f4xx.o
 .debug_line    0x000000000000a0ae      0x893 ./Core/Src/tim.o
 .debug_line    0x000000000000a941      0xad8 ./Core/Src/uart.o
 .debug_line    0x000000000000b419      0x7f1 ./Core/Src/usart.o
 .debug_line    0x000000000000bc0a      0x3c2 ./Core/Src/utils.o
 .debug_line    0x000000000000bfcc       0x88 ./Core/Startup/startup_stm32f407zetx.o
 .debug_line    0x000000000000c054      0xa6c ./Drivers/STM32F4xx_HAL_Driver/Src/stm32f4xx_hal.o
 .debug_line    0x000000000000cac0     0x12f6 ./Drivers/STM32F4xx_HAL_Driver/Src/stm32f4xx_hal_adc.o
 .debug_line    0x000000000000ddb6      0xd1b ./Drivers/STM32F4xx_HAL_Driver/Src/stm32f4xx_hal_cortex.o
 .debug_line    0x000000000000ead1      0xfd1 ./Drivers/STM32F4xx_HAL_Driver/Src/stm32f4xx_hal_dma.o
 .debug_line    0x000000000000faa2      0xbe2 ./Drivers/STM32F4xx_HAL_Driver/Src/stm32f4xx_hal_gpio.o
 .debug_line    0x0000000000010684     0x3a18 ./Drivers/STM32F4xx_HAL_Driver/Src/stm32f4xx_hal_i2c.o
 .debug_line    0x000000000001409c      0xde8 ./Drivers/STM32F4xx_HAL_Driver/Src/stm32f4xx_hal_rcc.o
 .debug_line    0x0000000000014e84     0x1cf4 ./Drivers/STM32F4xx_HAL_Driver/Src/stm32f4xx_hal_spi.o
 .debug_line    0x0000000000016b78      0xc0e ./Drivers/STM32F4xx_HAL_Driver/Src/stm32f4xx_hal_sram.o
 .debug_line    0x0000000000017786     0x3760 ./Drivers/STM32F4xx_HAL_Driver/Src/stm32f4xx_hal_tim.o
 .debug_line    0x000000000001aee6     0x1a69 ./Drivers/STM32F4xx_HAL_Driver/Src/stm32f4xx_hal_tim_ex.o
 .debug_line    0x000000000001c94f     0x2af3 ./Drivers/STM32F4xx_HAL_Driver/Src/stm32f4xx_hal_uart.o
 .debug_line    0x000000000001f442      0xc21 ./Drivers/STM32F4xx_HAL_Driver/Src/stm32f4xx_ll_fsmc.o
