Archive member included to satisfy reference by file (symbol)

c:/st/stm32cubeide_1.7.0/stm32cubeide/plugins/com.st.stm32cube.ide.mcu.externaltools.gnu-tools-for-stm32.9-2020-q2-update.win32_2.0.0.202105311346/tools/bin/../lib/gcc/arm-none-eabi/9.3.1/../../../../arm-none-eabi/lib/thumb/v7e-m+fp/hard\libc_nano.a(lib_a-errno.o)
                              ./Core/Src/syscalls.o (__errno)
c:/st/stm32cubeide_1.7.0/stm32cubeide/plugins/com.st.stm32cube.ide.mcu.externaltools.gnu-tools-for-stm32.9-2020-q2-update.win32_2.0.0.202105311346/tools/bin/../lib/gcc/arm-none-eabi/9.3.1/../../../../arm-none-eabi/lib/thumb/v7e-m+fp/hard\libc_nano.a(lib_a-exit.o)
                              c:/st/stm32cubeide_1.7.0/stm32cubeide/plugins/com.st.stm32cube.ide.mcu.externaltools.gnu-tools-for-stm32.9-2020-q2-update.win32_2.0.0.202105311346/tools/bin/../lib/gcc/arm-none-eabi/9.3.1/../../../../arm-none-eabi/lib/thumb/v7e-m+fp/hard/crt0.o (exit)
c:/st/stm32cubeide_1.7.0/stm32cubeide/plugins/com.st.stm32cube.ide.mcu.externaltools.gnu-tools-for-stm32.9-2020-q2-update.win32_2.0.0.202105311346/tools/bin/../lib/gcc/arm-none-eabi/9.3.1/../../../../arm-none-eabi/lib/thumb/v7e-m+fp/hard\libc_nano.a(lib_a-impure.o)
                              c:/st/stm32cubeide_1.7.0/stm32cubeide/plugins/com.st.stm32cube.ide.mcu.externaltools.gnu-tools-for-stm32.9-2020-q2-update.win32_2.0.0.202105311346/tools/bin/../lib/gcc/arm-none-eabi/9.3.1/../../../../arm-none-eabi/lib/thumb/v7e-m+fp/hard\libc_nano.a(lib_a-exit.o) (_global_impure_ptr)
c:/st/stm32cubeide_1.7.0/stm32cubeide/plugins/com.st.stm32cube.ide.mcu.externaltools.gnu-tools-for-stm32.9-2020-q2-update.win32_2.0.0.202105311346/tools/bin/../lib/gcc/arm-none-eabi/9.3.1/../../../../arm-none-eabi/lib/thumb/v7e-m+fp/hard\libc_nano.a(lib_a-init.o)
                              c:/st/stm32cubeide_1.7.0/stm32cubeide/plugins/com.st.stm32cube.ide.mcu.externaltools.gnu-tools-for-stm32.9-2020-q2-update.win32_2.0.0.202105311346/tools/bin/../lib/gcc/arm-none-eabi/9.3.1/../../../../arm-none-eabi/lib/thumb/v7e-m+fp/hard/crt0.o (__libc_init_array)
c:/st/stm32cubeide_1.7.0/stm32cubeide/plugins/com.st.stm32cube.ide.mcu.externaltools.gnu-tools-for-stm32.9-2020-q2-update.win32_2.0.0.202105311346/tools/bin/../lib/gcc/arm-none-eabi/9.3.1/../../../../arm-none-eabi/lib/thumb/v7e-m+fp/hard\libc_nano.a(lib_a-memset.o)
                              c:/st/stm32cubeide_1.7.0/stm32cubeide/plugins/com.st.stm32cube.ide.mcu.externaltools.gnu-tools-for-stm32.9-2020-q2-update.win32_2.0.0.202105311346/tools/bin/../lib/gcc/arm-none-eabi/9.3.1/../../../../arm-none-eabi/lib/thumb/v7e-m+fp/hard/crt0.o (memset)
c:/st/stm32cubeide_1.7.0/stm32cubeide/plugins/com.st.stm32cube.ide.mcu.externaltools.gnu-tools-for-stm32.9-2020-q2-update.win32_2.0.0.202105311346/tools/bin/../lib/gcc/arm-none-eabi/9.3.1/../../../../arm-none-eabi/lib/thumb/v7e-m+fp/hard\libc_nano.a(lib_a-strlen.o)
                              ./Core/Src/lcd.o (strlen)
c:/st/stm32cubeide_1.7.0/stm32cubeide/plugins/com.st.stm32cube.ide.mcu.externaltools.gnu-tools-for-stm32.9-2020-q2-update.win32_2.0.0.202105311346/tools/bin/../lib/gcc/arm-none-eabi/9.3.1/thumb/v7e-m+fp/hard\libgcc.a(_arm_muldf3.o)
                              ./Core/Src/sensor.o (__aeabi_dmul)
c:/st/stm32cubeide_1.7.0/stm32cubeide/plugins/com.st.stm32cube.ide.mcu.externaltools.gnu-tools-for-stm32.9-2020-q2-update.win32_2.0.0.202105311346/tools/bin/../lib/gcc/arm-none-eabi/9.3.1/thumb/v7e-m+fp/hard\libgcc.a(_arm_addsubdf3.o)
                              ./Core/Src/sensor.o (__aeabi_dsub)
c:/st/stm32cubeide_1.7.0/stm32cubeide/plugins/com.st.stm32cube.ide.mcu.externaltools.gnu-tools-for-stm32.9-2020-q2-update.win32_2.0.0.202105311346/tools/bin/../lib/gcc/arm-none-eabi/9.3.1/thumb/v7e-m+fp/hard\libgcc.a(_arm_muldivdf3.o)
                              ./Core/Src/sensor.o (__aeabi_ddiv)
c:/st/stm32cubeide_1.7.0/stm32cubeide/plugins/com.st.stm32cube.ide.mcu.externaltools.gnu-tools-for-stm32.9-2020-q2-update.win32_2.0.0.202105311346/tools/bin/../lib/gcc/arm-none-eabi/9.3.1/thumb/v7e-m+fp/hard\libgcc.a(_arm_truncdfsf2.o)
                              ./Core/Src/sensor.o (__aeabi_d2f)
c:/st/stm32cubeide_1.7.0/stm32cubeide/plugins/com.st.stm32cube.ide.mcu.externaltools.gnu-tools-for-stm32.9-2020-q2-update.win32_2.0.0.202105311346/tools/bin/../lib/gcc/arm-none-eabi/9.3.1/thumb/v7e-m+fp/hard\libgcc.a(_aeabi_uldivmod.o)
                              ./Drivers/STM32F4xx_HAL_Driver/Src/stm32f4xx_hal_rcc.o (__aeabi_uldivmod)
c:/st/stm32cubeide_1.7.0/stm32cubeide/plugins/com.st.stm32cube.ide.mcu.externaltools.gnu-tools-for-stm32.9-2020-q2-update.win32_2.0.0.202105311346/tools/bin/../lib/gcc/arm-none-eabi/9.3.1/thumb/v7e-m+fp/hard\libgcc.a(_udivmoddi4.o)
                              c:/st/stm32cubeide_1.7.0/stm32cubeide/plugins/com.st.stm32cube.ide.mcu.externaltools.gnu-tools-for-stm32.9-2020-q2-update.win32_2.0.0.202105311346/tools/bin/../lib/gcc/arm-none-eabi/9.3.1/thumb/v7e-m+fp/hard\libgcc.a(_aeabi_uldivmod.o) (__udivmoddi4)
[...]
Memory Configuration

Name             Origin             Length             Attributes
CCMRAM           0x0000000010000000 0x0000000000010000 xrw
RAM              0x0000000020000000 0x0000000000020000 xrw
FLASH            0x0000000008000000 0x0000000000100000 xr
*default*        0x0000000000000000 0xffffffffffffffff

Linker script and memory map

LOAD c:/st/stm32cubeide_1.7.0/stm32cubeide/plugins/com.st.stm32cube.ide.mcu.externaltools.gnu-tools-for-stm32.9-2020-q2-update.win32_2.0.0.202105311346/tools/bin/../lib/gcc/arm-none-eabi/9.3.1/thumb/v7e-m+fp/hard/crti.o
LOAD c:/st/stm32cubeide_1.7.0/stm32cubeide/plugins/com.st.stm32cube.ide.mcu.externaltools.gnu-tools-for-stm32.9-2020-q2-update.win32_2.0.0.202105311346/tools/bin/../lib/gcc/arm-none-eabi/9.3.1/thumb/v7e-m+fp/hard/crtbegin.o
LOAD c:/st/stm32cubeide_1.7.0/stm32cubeide/plugins/com.st.stm32cube.ide.mcu.externaltools.gnu-tools-for-stm32.9-2020-q2-update.win32_2.0.0.202105311346/tools/bin/../lib/gcc/arm-none-eabi/9.3.1/../../../../arm-none-eabi/lib/thumb/v7e-m+fp/hard/crt0.o
LOAD ./Core/Src/adc.o
LOAD ./Core/Src/button.o
LOAD ./Core/Src/buzzer.o
LOAD ./Core/Src/dma.o
LOAD ./Core/Src/ds3231.o
LOAD ./Core/Src/fsmc.o
LOAD ./Core/Src/gpio.o
LOAD ./Core/Src/i2c.o
LOAD ./Core/Src/lcd.o
LOAD ./Core/Src/led_7seg.o
LOAD ./Core/Src/main.o
LOAD ./Core/Src/picture.o
LOAD ./Core/Src/sensor.o
LOAD ./Core/Src/software_timer.o
LOAD ./Core/Src/spi.o
LOAD ./Core/Src/stm32f4xx_hal_msp.o
LOAD ./Core/Src/stm32f4xx_it.o
LOAD ./Core/Src/syscalls.o
LOAD ./Core/Src/sysmem.o
LOAD ./Core/Src/system_stm32f4xx.o
LOAD ./Core/Src/tim.o
LOAD ./Core/Src/usart.o
LOAD ./Core/Src/utils.o
LOAD ./Core/Startup/startup_stm32f407zetx.o
LOAD ./Drivers/STM32F4xx_HAL_Driver/Src/stm32f4xx_hal.o
LOAD ./Drivers/STM32F4xx_HAL_Driver/Src/stm32f4xx_hal_adc.o
LOAD ./Drivers/STM32F4xx_HAL_Driver/Src/stm32f4xx_hal_adc_ex.o
LOAD ./Drivers/STM32F4xx_HAL_Driver/Src/stm32f4xx_hal_cortex.o
LOAD ./Drivers/STM32F4xx_HAL_Driver/Src/stm32f4xx_hal_dma.o
LOAD ./Drivers/STM32F4xx_HAL_Driver/Src/stm32f4xx_hal_dma_ex.o
LOAD ./Drivers/STM32F4xx_HAL_Driver/Src/stm32f4xx_hal_exti.o
LOAD ./Drivers/STM32F4xx_HAL_Driver/Src/stm32f4xx_hal_flash.o
LOAD ./Drivers/STM32F4xx_HAL_Driver/Src/stm32f4xx_hal_flash_ex.o
LOAD ./Drivers/STM32F4xx_HAL_Driver/Src/stm32f4xx_hal_flash_ramfunc.o
LOAD ./Drivers/STM32F4xx_HAL_Driver/Src/stm32f4xx_hal_gpio.o
LOAD ./Drivers/STM32F4xx_HAL_Driver/Src/stm32f4xx_hal_i2c.o
LOAD ./Drivers/STM32F4xx_HAL_Driver/Src/stm32f4xx_hal_i2c_ex.o
LOAD ./Drivers/STM32F4xx_HAL_Driver/Src/stm32f4xx_hal_pwr.o
LOAD ./Drivers/STM32F4xx_HAL_Driver/Src/stm32f4xx_hal_pwr_ex.o
LOAD ./Drivers/STM32F4xx_HAL_Driver/Src/stm32f4xx_hal_rcc.o
LOAD ./Drivers/STM32F4xx_HAL_Driver/Src/stm32f4xx_hal_rcc_ex.o
LOAD ./Drivers/STM32F4xx_HAL_Driver/Src/stm32f4xx_hal_spi.o
LOAD ./Drivers/STM32F4xx_HAL_Driver/Src/stm32f4xx_hal_sram.o
LOAD ./Drivers/STM32F4xx_HAL_Driver/Src/stm32f4xx_hal_tim.o
LOAD ./Drivers/STM32F4xx_HAL_Driver/Src/stm32f4xx_hal_tim_ex.o
LOAD ./Drivers/STM32F4xx_HAL_Driver/Src/stm32f4xx_hal_uart.o
LOAD ./Drivers/STM32F4xx_HAL_Driver/Src/stm32f4xx_ll_adc.o
LOAD ./Drivers/STM32F4xx_HAL_Driver/Src/stm32f4xx_ll_fsmc.o
START GROUP
LOAD c:/st/stm32cubeide_1.7.0/stm32cubeide/plugins/com.st.stm32cube.ide.mcu.externaltools.gnu-tools-for-stm32.9-2020-q2-update.win32_2.0.0.202105311346/tools/bin/../lib/gcc/arm-none-eabi/9.3.1/../../../../arm-none-eabi/lib/thumb/v7e-m+fp/hard\libc_nano.a
LOAD c:/st/stm32cubeide_1.7.0/stm32cubeide/plugins/com.st.stm32cube.ide.mcu.externaltools.gnu-tools-for-stm32.9-2020-q2-update.win32_2.0.0.202105311346/tools/bin/../lib/gcc/arm-none-eabi/9.3.1/../../../../arm-none-eabi/lib/thumb/v7e-m+fp/hard\libm.a
END GROUP
START GROUP
LOAD c:/st/stm32cubeide_1.7.0/stm32cubeide/plugins/com.st.stm32cube.ide.mcu.externaltools.gnu-tools-for-stm32.9-2020-q2-update.win32_2.0.0.202105311346/tools/bin/../lib/gcc/arm-none-eabi/9.3.1/thumb/v7e-m+fp/hard\libgcc.a
LOAD c:/st/stm32cubeide_1.7.0/stm32cubeide/plugins/com.st.stm32cube.ide.mcu.externaltools.gnu-tools-for-stm32.9-2020-q2-update.win32_2.0.0.202105311346/tools/bin/../lib/gcc/arm-none-eabi/9.3.1/../../../../arm-none-eabi/lib/thumb/v7e-m+fp/hard\libc_nano.a
END GROUP
START GROUP
LOAD c:/st/stm32cubeide_1.7.0/stm32cubeide/plugins/com.st.stm32cube.ide.mcu.externaltools.gnu-tools-for-stm32.9-2020-q2-update.win32_2.0.0.202105311346/tools/bin/../lib/gcc/arm-none-eabi/9.3.1/thumb/v7e-m+fp/hard\libgcc.a
LOAD c:/st/stm32cubeide_1.7.0/stm32cubeide/plugins/com.st.stm32cube.ide.mcu.externaltools.gnu-tools-for-stm32.9-2020-q2-update.win32_2.0.0.202105311346/tools/bin/../lib/gcc/arm-none-eabi/9.3.1/../../../../arm-none-eabi/lib/thumb/v7e-m+fp/hard\libc_nano.a
LOAD c:/st/stm32cubeide_1.7.0/stm32cubeide/plugins/com.st.stm32cube.ide.mcu.externaltools.gnu-tools-for-stm32.9-2020-q2-update.win32_2.0.0.202105311346/tools/bin/../lib/gcc/arm-none-eabi/9.3.1/../../../../arm-none-eabi/lib/thumb/v7e-m+fp/hard\libnosys.a
END GROUP
START GROUP
LOAD c:/st/stm32cubeide_1.7.0/stm32cubeide/plugins/com.st.stm32cube.ide.mcu.externaltools.gnu-tools-for-stm32.9-2020-q2-update.win32_2.0.0.202105311346/tools/bin/../lib/gcc/arm-none-eabi/9.3.1/thumb/v7e-m+fp/hard\libgcc.a
LOAD c:/st/stm32cubeide_1.7.0/stm32cubeide/plugins/com.st.stm32cube.ide.mcu.externaltools.gnu-tools-for-stm32.9-2020-q2-update.win32_2.0.0.202105311346/tools/bin/../lib/gcc/arm-none-eabi/9.3.1/../../../../arm-none-eabi/lib/thumb/v7e-m+fp/hard\libc_nano.a
LOAD c:/st/stm32cubeide_1.7.0/stm32cubeide/plugins/com.st.stm32cube.ide.mcu.externaltools.gnu-tools-for-stm32.9-2020-q2-update.win32_2.0.0.202105311346/tools/bin/../lib/gcc/arm-none-eabi/9.3.1/../../../../arm-none-eabi/lib/thumb/v7e-m+fp/hard\libnosys.a
END GROUP
LOAD c:/st/stm32cubeide_1.7.0/stm32cubeide/plugins/com.st.stm32cube.ide.mcu.externaltools.gnu-tools-for-stm32.9-2020-q2-update.win32_2.0.0.202105311346/tools/bin/../lib/gcc/arm-none-eabi/9.3.1/thumb/v7e-m+fp/hard/crtend.o
LOAD c:/st/stm32cubeide_1.7.0/stm32cubeide/plugins/com.st.stm32cube.ide.mcu.externaltools.gnu-tools-for-stm32.9-2020-q2-update.win32_2.0.0.202105311346/tools/bin/../lib/gcc/arm-none-eabi/9.3.1/thumb/v7e-m+fp/hard/crtn.o
                0x0000000020020000                _estack = (ORIGIN (RAM) + LENGTH (RAM))
                0x0000000000000200                _Min_Heap_Size = 0x200
                0x0000000000000400                _Min_Stack_Size = 0x400

.isr_vector     0x0000000008000000      0x188
                0x0000000008000000                . = ALIGN (0x4)
 *(.isr_vector)
 .isr_vector    0x0000000008000000      0x188 ./Core/Startup/startup_stm32f407zetx.o
                0x0000000008000000                g_pfnVectors
                0x0000000008000188                . = ALIGN (0x4)

.text           0x0000000008000188     0x7774
                0x0000000008000188                . = ALIGN (0x4)
 *(.text)
 .text          0x0000000008000188       0x40 c:/st/stm32cubeide_1.7.0/stm32cubeide/plugins/com.st.stm32cube.ide.mcu.externaltools.gnu-tools-for-stm32.9-2020-q2-update.win32_2.0.0.202105311346/tools/bin/../lib/gcc/arm-none-eabi/9.3.1/thumb/v7e-m+fp/hard/crtbegin.o
 .text          0x00000000080001c8      0x378 c:/st/stm32cubeide_1.7.0/stm32cubeide/plugins/com.st.stm32cube.ide.mcu.externaltools.gnu-tools-for-stm32.9-2020-q2-update.win32_2.0.0.202105311346/tools/bin/../lib/gcc/arm-none-eabi/9.3.1/thumb/v7e-m+fp/hard\libgcc.a(_arm_addsubdf3.o)
                0x00000000080001c8                __aeabi_drsub
                0x00000000080001d0                __aeabi_dsub
                0x00000000080001d0                __subdf3
                0x00000000080001d4                __aeabi_dadd
                0x00000000080001d4                __adddf3
                0x000000000800044c                __floatunsidf
                0x000000000800044c                __aeabi_ui2d
                0x000000000800046c                __floatsidf
                0x000000000800046c                __aeabi_i2d
                0x0000000008000490                __aeabi_f2d
                0x0000000008000490                __extendsfdf2
                0x00000000080004d4                __floatundidf
                0x00000000080004d4                __aeabi_ul2d
                0x00000000080004e4                __floatdidf
                0x00000000080004e4                __aeabi_l2d
 .text          0x0000000008000540      0x424 c:/st/stm32cubeide_1.7.0/stm32cubeide/plugins/com.st.stm32cube.ide.mcu.externaltools.gnu-tools-for-stm32.9-2020-q2-update.win32_2.0.0.202105311346/tools/bin/../lib/gcc/arm-none-eabi/9.3.1/thumb/v7e-m+fp/hard\libgcc.a(_arm_muldivdf3.o)
                0x0000000008000540                __aeabi_dmul
                0x0000000008000540                __muldf3
                0x0000000008000794                __divdf3
                0x0000000008000794                __aeabi_ddiv
 .text          0x0000000008000964       0xa0 c:/st/stm32cubeide_1.7.0/stm32cubeide/plugins/com.st.stm32cube.ide.mcu.externaltools.gnu-tools-for-stm32.9-2020-q2-update.win32_2.0.0.202105311346/tools/bin/../lib/gcc/arm-none-eabi/9.3.1/thumb/v7e-m+fp/hard\libgcc.a(_arm_truncdfsf2.o)
                0x0000000008000964                __truncdfsf2
                0x0000000008000964                __aeabi_d2f
 .text          0x0000000008000a04       0x30 c:/st/stm32cubeide_1.7.0/stm32cubeide/plugins/com.st.stm32cube.ide.mcu.externaltools.gnu-tools-for-stm32.9-2020-q2-update.win32_2.0.0.202105311346/tools/bin/../lib/gcc/arm-none-eabi/9.3.1/thumb/v7e-m+fp/hard\libgcc.a(_aeabi_uldivmod.o)
                0x0000000008000a04                __aeabi_uldivmod
 .text          0x0000000008000a34      0x2c4 c:/st/stm32cubeide_1.7.0/stm32cubeide/plugins/com.st.stm32cube.ide.mcu.externaltools.gnu-tools-for-stm32.9-2020-q2-update.win32_2.0.0.202105311346/tools/bin/../lib/gcc/arm-none-eabi/9.3.1/thumb/v7e-m+fp/hard\libgcc.a(_udivmoddi4.o)
                0x0000000008000a34                __udivmoddi4
 .text          0x0000000008000cf8        0x4 c:/st/stm32cubeide_1.7.0/stm32cubeide/plugins/com.st.stm32cube.ide.mcu.externaltools.gnu-tools-for-stm32.9-2020-q2-update.win32_2.0.0.202105311346/tools/bin/../lib/gcc/arm-none-eabi/9.3.1/thumb/v7e-m+fp/hard\libgcc.a(_dvmd_tls.o)
                0x0000000008000cf8                __aeabi_idiv0
                0x0000000008000cf8                __aeabi_ldiv0
 *(.text*)
 .text.MX_ADC1_Init
                0x0000000008000cfc      0x114 ./Core/Src/adc.o
                0x0000000008000cfc                MX_ADC1_Init
 .text.HAL_ADC_MspInit
                0x0000000008000e10      0x128 ./Core/Src/adc.o
                0x0000000008000e10                HAL_ADC_MspInit
 .text.button_init
                0x0000000008000f38       0x18 ./Core/Src/button.o
                0x0000000008000f38                button_init
 .text.button_Scan
                0x0000000008000f50       0xd8 ./Core/Src/button.o
                0x0000000008000f50                button_Scan
 .text.buzzer_init
                0x0000000008001028       0x14 ./Core/Src/buzzer.o
                0x0000000008001028                buzzer_init
 .text.buzzer_SetVolume
                0x000000000800103c       0x30 ./Core/Src/buzzer.o
                0x000000000800103c                buzzer_SetVolume
 .text.MX_DMA_Init
                0x000000000800106c       0x40 ./Core/Src/dma.o
                0x000000000800106c                MX_DMA_Init
 .text.MX_FSMC_Init
                0x00000000080010ac       0xf4 ./Core/Src/fsmc.o
                0x00000000080010ac                MX_FSMC_Init
 .text.HAL_FSMC_MspInit
                0x00000000080011a0       0x98 ./Core/Src/fsmc.o
 .text.HAL_SRAM_MspInit
                0x0000000008001238       0x14 ./Core/Src/fsmc.o
                0x0000000008001238                HAL_SRAM_MspInit
 .text.MX_GPIO_Init
                0x000000000800124c      0x20c ./Core/Src/gpio.o
                0x000000000800124c                MX_GPIO_Init
 .text.MX_I2C1_Init
                0x0000000008001458       0x5c ./Core/Src/i2c.o
                0x0000000008001458                MX_I2C1_Init
 .text.HAL_I2C_MspInit
                0x00000000080014b4       0x90 ./Core/Src/i2c.o
                0x00000000080014b4                HAL_I2C_MspInit
 .text.LCD_WR_REG
                0x0000000008001544       0x20 ./Core/Src/lcd.o
                0x0000000008001544                LCD_WR_REG
 .text.LCD_WR_DATA
                0x0000000008001564       0x20 ./Core/Src/lcd.o
 .text.LCD_RD_DATA
                0x0000000008001584       0x24 ./Core/Src/lcd.o
 .text.lcd_AddressSet
                0x00000000080015a8       0x98 ./Core/Src/lcd.o
                0x00000000080015a8                lcd_AddressSet
 .text.lcd_Clear
                0x0000000008001640       0x64 ./Core/Src/lcd.o
                0x0000000008001640                lcd_Clear
 .text.lcd_DrawPoint
                0x00000000080016a4       0x2e ./Core/Src/lcd.o
                0x00000000080016a4                lcd_DrawPoint
 *fill*         0x00000000080016d2        0x2 
 .text.lcd_ShowChar
                0x00000000080016d4      0x1a0 ./Core/Src/lcd.o
                0x00000000080016d4                lcd_ShowChar
 .text.mypow    0x0000000008001874       0x38 ./Core/Src/lcd.o
                0x0000000008001874                mypow
 .text.lcd_ShowIntNum
                0x00000000080018ac       0xfc ./Core/Src/lcd.o
                0x00000000080018ac                lcd_ShowIntNum
 .text.lcd_ShowFloatNum
                0x00000000080019a8      0x110 ./Core/Src/lcd.o
                0x00000000080019a8                lcd_ShowFloatNum
 .text.lcd_SetDir
                0x0000000008001ab8       0x48 ./Core/Src/lcd.o
                0x0000000008001ab8                lcd_SetDir
 .text.lcd_init
                0x0000000008001b00      0x2c0 ./Core/Src/lcd.o
                0x0000000008001b00                lcd_init
 .text.lcd_ShowStr
                0x0000000008001dc0       0xc8 ./Core/Src/lcd.o
                0x0000000008001dc0                lcd_ShowStr
 .text.led7_Scan
                0x0000000008001e88      0x118 ./Core/Src/led_7seg.o
                0x0000000008001e88                led7_Scan
 .text.main     0x0000000008001fa0       0x60 ./Core/Src/main.o
                0x0000000008001fa0                main
 .text.SystemClock_Config
                0x0000000008002000       0xd4 ./Core/Src/main.o
                0x0000000008002000                SystemClock_Config
 .text.system_init
                0x00000000080020d4       0x22 ./Core/Src/main.o
                0x00000000080020d4                system_init
 *fill*         0x00000000080020f6        0x2 
 .text.test_LedDebug
                0x00000000080020f8       0x48 ./Core/Src/main.o
                0x00000000080020f8                test_LedDebug
 .text.isButtonUp
                0x0000000008002140       0x20 ./Core/Src/main.o
                0x0000000008002140                isButtonUp
 .text.isButtonDown
                0x0000000008002160       0x20 ./Core/Src/main.o
                0x0000000008002160                isButtonDown
 .text.isButtonRight
                0x0000000008002180       0x20 ./Core/Src/main.o
                0x0000000008002180                isButtonRight
 .text.test_Adc
                0x00000000080021a0      0x180 ./Core/Src/main.o
                0x00000000080021a0                test_Adc
 .text.test_Buzzer
                0x0000000008002320       0x38 ./Core/Src/main.o
                0x0000000008002320                test_Buzzer
 .text.Error_Handler
                0x0000000008002358        0xa ./Core/Src/main.o
                0x0000000008002358                Error_Handler
 *fill*         0x0000000008002362        0x2 
 .text.sensor_init
                0x0000000008002364       0x1c ./Core/Src/sensor.o
                0x0000000008002364                sensor_init
 .text.sensor_Read
                0x0000000008002380       0x1c ./Core/Src/sensor.o
                0x0000000008002380                sensor_Read
 .text.sensor_GetLight
                0x000000000800239c       0x18 ./Core/Src/sensor.o
                0x000000000800239c                sensor_GetLight
 .text.sensor_GetPotentiometer
                0x00000000080023b4       0x18 ./Core/Src/sensor.o
                0x00000000080023b4                sensor_GetPotentiometer
 *fill*         0x00000000080023cc        0x4 
 .text.sensor_GetVoltage
                0x00000000080023d0       0x78 ./Core/Src/sensor.o
                0x00000000080023d0                sensor_GetVoltage
 .text.sensor_GetCurrent
                0x0000000008002448       0xb8 ./Core/Src/sensor.o
                0x0000000008002448                sensor_GetCurrent
 .text.sensor_GetTemperature
                0x0000000008002500       0x3c ./Core/Src/sensor.o
                0x0000000008002500                sensor_GetTemperature
 .text.timer_init
                0x000000000800253c       0x14 ./Core/Src/software_timer.o
                0x000000000800253c                timer_init
 .text.setTimer2
                0x0000000008002550       0x38 ./Core/Src/software_timer.o
                0x0000000008002550                setTimer2
 .text.HAL_TIM_PeriodElapsedCallback
                0x0000000008002588       0x54 ./Core/Src/software_timer.o
                0x0000000008002588                HAL_TIM_PeriodElapsedCallback
 .text.MX_SPI1_Init
                0x00000000080025dc       0x6c ./Core/Src/spi.o
                0x00000000080025dc                MX_SPI1_Init
 .text.HAL_SPI_MspInit
                0x0000000008002648       0x90 ./Core/Src/spi.o
                0x0000000008002648                HAL_SPI_MspInit
 .text.HAL_MspInit
                0x00000000080026d8       0x50 ./Core/Src/stm32f4xx_hal_msp.o
                0x00000000080026d8                HAL_MspInit
 .text.NMI_Handler
                0x0000000008002728        0x6 ./Core/Src/stm32f4xx_it.o
                0x0000000008002728                NMI_Handler
 .text.HardFault_Handler
                0x000000000800272e        0x6 ./Core/Src/stm32f4xx_it.o
                0x000000000800272e                HardFault_Handler
 .text.MemManage_Handler
                0x0000000008002734        0x6 ./Core/Src/stm32f4xx_it.o
                0x0000000008002734                MemManage_Handler
 .text.BusFault_Handler
                0x000000000800273a        0x6 ./Core/Src/stm32f4xx_it.o
                0x000000000800273a                BusFault_Handler
 .text.UsageFault_Handler
                0x0000000008002740        0x6 ./Core/Src/stm32f4xx_it.o
                0x0000000008002740                UsageFault_Handler
 .text.SVC_Handler
                0x0000000008002746        0xe ./Core/Src/stm32f4xx_it.o
                0x0000000008002746                SVC_Handler
 .text.DebugMon_Handler
                0x0000000008002754        0xe ./Core/Src/stm32f4xx_it.o
                0x0000000008002754                DebugMon_Handler
 .text.PendSV_Handler
                0x0000000008002762        0xe ./Core/Src/stm32f4xx_it.o
                0x0000000008002762                PendSV_Handler
 .text.SysTick_Handler
                0x0000000008002770        0xc ./Core/Src/stm32f4xx_it.o
                0x0000000008002770                SysTick_Handler
 .text.TIM2_IRQHandler
                0x000000000800277c       0x14 ./Core/Src/stm32f4xx_it.o
                0x000000000800277c                TIM2_IRQHandler
 .text.USART1_IRQHandler
                0x0000000008002790       0x14 ./Core/Src/stm32f4xx_it.o
                0x0000000008002790                USART1_IRQHandler
 .text.DMA2_Stream0_IRQHandler
                0x00000000080027a4       0x14 ./Core/Src/stm32f4xx_it.o
                0x00000000080027a4                DMA2_Stream0_IRQHandler
 .text.SystemInit
                0x00000000080027b8       0x24 ./Core/Src/system_stm32f4xx.o
                0x00000000080027b8                SystemInit
 .text.MX_TIM2_Init
                0x00000000080027dc       0x98 ./Core/Src/tim.o
                0x00000000080027dc                MX_TIM2_Init
 .text.MX_TIM13_Init
                0x0000000008002874       0x9c ./Core/Src/tim.o
                0x0000000008002874                MX_TIM13_Init
 .text.HAL_TIM_Base_MspInit
                0x0000000008002910       0x78 ./Core/Src/tim.o
                0x0000000008002910                HAL_TIM_Base_MspInit
 .text.HAL_TIM_MspPostInit
                0x0000000008002988       0x74 ./Core/Src/tim.o
                0x0000000008002988                HAL_TIM_MspPostInit
 .text.MX_USART1_UART_Init
                0x00000000080029fc       0x54 ./Core/Src/usart.o
                0x00000000080029fc                MX_USART1_UART_Init
 .text.HAL_UART_MspInit
                0x0000000008002a50       0xa0 ./Core/Src/usart.o
                0x0000000008002a50                HAL_UART_MspInit
 .text.Reset_Handler
                0x0000000008002af0       0x50 ./Core/Startup/startup_stm32f407zetx.o
                0x0000000008002af0                Reset_Handler
 .text.Default_Handler
                0x0000000008002b40        0x2 ./Core/Startup/startup_stm32f407zetx.o
                0x0000000008002b40                RTC_Alarm_IRQHandler
                0x0000000008002b40                HASH_RNG_IRQHandler
                0x0000000008002b40                EXTI2_IRQHandler
                0x0000000008002b40                TIM8_CC_IRQHandler
                0x0000000008002b40                TIM1_CC_IRQHandler
                0x0000000008002b40                DMA2_Stream5_IRQHandler
                0x0000000008002b40                DMA1_Stream5_IRQHandler
                0x0000000008002b40                PVD_IRQHandler
                0x0000000008002b40                SDIO_IRQHandler
                0x0000000008002b40                TAMP_STAMP_IRQHandler
                0x0000000008002b40                CAN2_RX1_IRQHandler
                0x0000000008002b40                EXTI3_IRQHandler
                0x0000000008002b40                TIM8_TRG_COM_TIM14_IRQHandler
                0x0000000008002b40                TIM1_UP_TIM10_IRQHandler
                0x0000000008002b40                TIM8_UP_TIM13_IRQHandler
                0x0000000008002b40                I2C3_ER_IRQHandler
                0x0000000008002b40                EXTI0_IRQHandler
                0x0000000008002b40                I2C2_EV_IRQHandler
                0x0000000008002b40                DMA1_Stream2_IRQHandler
                0x0000000008002b40                CAN1_RX0_IRQHandler
                0x0000000008002b40                FPU_IRQHandler
                0x0000000008002b40                OTG_HS_WKUP_IRQHandler
                0x0000000008002b40                CAN2_SCE_IRQHandler
                0x0000000008002b40                DMA2_Stream2_IRQHandler
                0x0000000008002b40                SPI1_IRQHandler
                0x0000000008002b40                TIM6_DAC_IRQHandler
                0x0000000008002b40                TIM1_BRK_TIM9_IRQHandler
                0x0000000008002b40                DCMI_IRQHandler
                0x0000000008002b40                CAN2_RX0_IRQHandler
                0x0000000008002b40                DMA2_Stream3_IRQHandler
                0x0000000008002b40                USART6_IRQHandler
                0x0000000008002b40                USART3_IRQHandler
                0x0000000008002b40                CAN1_RX1_IRQHandler
                0x0000000008002b40                UART5_IRQHandler
                0x0000000008002b40                TIM4_IRQHandler
                0x0000000008002b40                I2C1_EV_IRQHandler
                0x0000000008002b40                DMA1_Stream6_IRQHandler
                0x0000000008002b40                DMA1_Stream1_IRQHandler
                0x0000000008002b40                UART4_IRQHandler
                0x0000000008002b40                TIM3_IRQHandler
                0x0000000008002b40                RCC_IRQHandler
                0x0000000008002b40                TIM8_BRK_TIM12_IRQHandler
                0x0000000008002b40                Default_Handler
                0x0000000008002b40                EXTI15_10_IRQHandler
                0x0000000008002b40                ADC_IRQHandler
                0x0000000008002b40                DMA1_Stream7_IRQHandler
                0x0000000008002b40                TIM7_IRQHandler
                0x0000000008002b40                CAN2_TX_IRQHandler
                0x0000000008002b40                TIM5_IRQHandler
                0x0000000008002b40                DMA2_Stream7_IRQHandler
                0x0000000008002b40                I2C3_EV_IRQHandler
                0x0000000008002b40                EXTI9_5_IRQHandler
                0x0000000008002b40                RTC_WKUP_IRQHandler
                0x0000000008002b40                ETH_WKUP_IRQHandler
                0x0000000008002b40                SPI2_IRQHandler
                0x0000000008002b40                OTG_HS_EP1_IN_IRQHandler
                0x0000000008002b40                DMA1_Stream0_IRQHandler
                0x0000000008002b40                CAN1_TX_IRQHandler
                0x0000000008002b40                EXTI4_IRQHandler
                0x0000000008002b40                FSMC_IRQHandler
                0x0000000008002b40                ETH_IRQHandler
                0x0000000008002b40                OTG_HS_EP1_OUT_IRQHandler
                0x0000000008002b40                WWDG_IRQHandler
                0x0000000008002b40                OTG_FS_WKUP_IRQHandler
                0x0000000008002b40                TIM1_TRG_COM_TIM11_IRQHandler
                0x0000000008002b40                OTG_HS_IRQHandler
                0x0000000008002b40                EXTI1_IRQHandler
                0x0000000008002b40                USART2_IRQHandler
                0x0000000008002b40                I2C2_ER_IRQHandler
                0x0000000008002b40                DMA2_Stream1_IRQHandler
                0x0000000008002b40                CAN1_SCE_IRQHandler
                0x0000000008002b40                FLASH_IRQHandler
                0x0000000008002b40                DMA2_Stream4_IRQHandler
                0x0000000008002b40                OTG_FS_IRQHandler
                0x0000000008002b40                SPI3_IRQHandler
                0x0000000008002b40                DMA1_Stream4_IRQHandler
                0x0000000008002b40                I2C1_ER_IRQHandler
                0x0000000008002b40                DMA2_Stream6_IRQHandler
                0x0000000008002b40                DMA1_Stream3_IRQHandler
 *fill*         0x0000000008002b42        0x2 
 .text.HAL_Init
                0x0000000008002b44       0x44 ./Drivers/STM32F4xx_HAL_Driver/Src/stm32f4xx_hal.o
                0x0000000008002b44                HAL_Init
 .text.HAL_InitTick
                0x0000000008002b88       0x60 ./Drivers/STM32F4xx_HAL_Driver/Src/stm32f4xx_hal.o
                0x0000000008002b88                HAL_InitTick
 .text.HAL_IncTick
                0x0000000008002be8       0x28 ./Drivers/STM32F4xx_HAL_Driver/Src/stm32f4xx_hal.o
                0x0000000008002be8                HAL_IncTick
 .text.HAL_GetTick
                0x0000000008002c10       0x18 ./Drivers/STM32F4xx_HAL_Driver/Src/stm32f4xx_hal.o
                0x0000000008002c10                HAL_GetTick
 .text.HAL_Delay
                0x0000000008002c28       0x48 ./Drivers/STM32F4xx_HAL_Driver/Src/stm32f4xx_hal.o
                0x0000000008002c28                HAL_Delay
 .text.HAL_ADC_Init
                0x0000000008002c70       0x86 ./Drivers/STM32F4xx_HAL_Driver/Src/stm32f4xx_hal_adc.o
                0x0000000008002c70                HAL_ADC_Init
 *fill*         0x0000000008002cf6        0x2 
 .text.HAL_ADC_Start_DMA
                0x0000000008002cf8      0x220 ./Drivers/STM32F4xx_HAL_Driver/Src/stm32f4xx_hal_adc.o
                0x0000000008002cf8                HAL_ADC_Start_DMA
 .text.HAL_ADC_ConvCpltCallback
                0x0000000008002f18       0x14 ./Drivers/STM32F4xx_HAL_Driver/Src/stm32f4xx_hal_adc.o
                0x0000000008002f18                HAL_ADC_ConvCpltCallback
 .text.HAL_ADC_ConvHalfCpltCallback
                0x0000000008002f2c       0x14 ./Drivers/STM32F4xx_HAL_Driver/Src/stm32f4xx_hal_adc.o
                0x0000000008002f2c                HAL_ADC_ConvHalfCpltCallback
 .text.HAL_ADC_ErrorCallback
                0x0000000008002f40       0x14 ./Drivers/STM32F4xx_HAL_Driver/Src/stm32f4xx_hal_adc.o
                0x0000000008002f40                HAL_ADC_ErrorCallback
 .text.HAL_ADC_ConfigChannel
                0x0000000008002f54      0x244 ./Drivers/STM32F4xx_HAL_Driver/Src/stm32f4xx_hal_adc.o
                0x0000000008002f54                HAL_ADC_ConfigChannel
 .text.ADC_Init
                0x0000000008003198      0x1f8 ./Drivers/STM32F4xx_HAL_Driver/Src/stm32f4xx_hal_adc.o
 .text.ADC_DMAConvCplt
                0x0000000008003390       0xba ./Drivers/STM32F4xx_HAL_Driver/Src/stm32f4xx_hal_adc.o
 .text.ADC_DMAHalfConvCplt
                0x000000000800344a       0x1c ./Drivers/STM32F4xx_HAL_Driver/Src/stm32f4xx_hal_adc.o
 .text.ADC_DMAError
                0x0000000008003466       0x2e ./Drivers/STM32F4xx_HAL_Driver/Src/stm32f4xx_hal_adc.o
 .text.__NVIC_SetPriorityGrouping
                0x0000000008003494       0x48 ./Drivers/STM32F4xx_HAL_Driver/Src/stm32f4xx_hal_cortex.o
 .text.__NVIC_GetPriorityGrouping
                0x00000000080034dc       0x1c ./Drivers/STM32F4xx_HAL_Driver/Src/stm32f4xx_hal_cortex.o
 .text.__NVIC_EnableIRQ
                0x00000000080034f8       0x3c ./Drivers/STM32F4xx_HAL_Driver/Src/stm32f4xx_hal_cortex.o
 .text.__NVIC_SetPriority
                0x0000000008003534       0x54 ./Drivers/STM32F4xx_HAL_Driver/Src/stm32f4xx_hal_cortex.o
 .text.NVIC_EncodePriority
                0x0000000008003588       0x66 ./Drivers/STM32F4xx_HAL_Driver/Src/stm32f4xx_hal_cortex.o
 *fill*         0x00000000080035ee        0x2 
 .text.SysTick_Config
                0x00000000080035f0       0x44 ./Drivers/STM32F4xx_HAL_Driver/Src/stm32f4xx_hal_cortex.o
 .text.HAL_NVIC_SetPriorityGrouping
                0x0000000008003634       0x16 ./Drivers/STM32F4xx_HAL_Driver/Src/stm32f4xx_hal_cortex.o
                0x0000000008003634                HAL_NVIC_SetPriorityGrouping
 .text.HAL_NVIC_SetPriority
                0x000000000800364a       0x38 ./Drivers/STM32F4xx_HAL_Driver/Src/stm32f4xx_hal_cortex.o
                0x000000000800364a                HAL_NVIC_SetPriority
 .text.HAL_NVIC_EnableIRQ
                0x0000000008003682       0x1c ./Drivers/STM32F4xx_HAL_Driver/Src/stm32f4xx_hal_cortex.o
                0x0000000008003682                HAL_NVIC_EnableIRQ
 .text.HAL_SYSTICK_Config
                0x000000000800369e       0x18 ./Drivers/STM32F4xx_HAL_Driver/Src/stm32f4xx_hal_cortex.o
                0x000000000800369e                HAL_SYSTICK_Config
 *fill*         0x00000000080036b6        0x2 
 .text.HAL_DMA_Init
                0x00000000080036b8      0x15c ./Drivers/STM32F4xx_HAL_Driver/Src/stm32f4xx_hal_dma.o
                0x00000000080036b8                HAL_DMA_Init
 .text.HAL_DMA_Start_IT
                0x0000000008003814       0xb0 ./Drivers/STM32F4xx_HAL_Driver/Src/stm32f4xx_hal_dma.o
                0x0000000008003814                HAL_DMA_Start_IT
 .text.HAL_DMA_Abort
                0x00000000080038c4       0xe0 ./Drivers/STM32F4xx_HAL_Driver/Src/stm32f4xx_hal_dma.o
                0x00000000080038c4                HAL_DMA_Abort
 .text.HAL_DMA_Abort_IT
                0x00000000080039a4       0x44 ./Drivers/STM32F4xx_HAL_Driver/Src/stm32f4xx_hal_dma.o
                0x00000000080039a4                HAL_DMA_Abort_IT
 .text.HAL_DMA_IRQHandler
                0x00000000080039e8      0x314 ./Drivers/STM32F4xx_HAL_Driver/Src/stm32f4xx_hal_dma.o
                0x00000000080039e8                HAL_DMA_IRQHandler
 .text.DMA_SetConfig
                0x0000000008003cfc       0x5c ./Drivers/STM32F4xx_HAL_Driver/Src/stm32f4xx_hal_dma.o
 .text.DMA_CalcBaseAndBitshift
                0x0000000008003d58       0x6c ./Drivers/STM32F4xx_HAL_Driver/Src/stm32f4xx_hal_dma.o
 .text.DMA_CheckFifoParam
                0x0000000008003dc4       0xf8 ./Drivers/STM32F4xx_HAL_Driver/Src/stm32f4xx_hal_dma.o
 .text.HAL_GPIO_Init
                0x0000000008003ebc      0x338 ./Drivers/STM32F4xx_HAL_Driver/Src/stm32f4xx_hal_gpio.o
                0x0000000008003ebc                HAL_GPIO_Init
 .text.HAL_GPIO_WritePin
                0x00000000080041f4       0x32 ./Drivers/STM32F4xx_HAL_Driver/Src/stm32f4xx_hal_gpio.o
                0x00000000080041f4                HAL_GPIO_WritePin
 .text.HAL_GPIO_TogglePin
                0x0000000008004226       0x34 ./Drivers/STM32F4xx_HAL_Driver/Src/stm32f4xx_hal_gpio.o
                0x0000000008004226                HAL_GPIO_TogglePin
 *fill*         0x000000000800425a        0x2 
 .text.HAL_I2C_Init
                0x000000000800425c      0x288 ./Drivers/STM32F4xx_HAL_Driver/Src/stm32f4xx_hal_i2c.o
                0x000000000800425c                HAL_I2C_Init
 .text.HAL_RCC_OscConfig
                0x00000000080044e4      0x4f0 ./Drivers/STM32F4xx_HAL_Driver/Src/stm32f4xx_hal_rcc.o
                0x00000000080044e4                HAL_RCC_OscConfig
 .text.HAL_RCC_ClockConfig
                0x00000000080049d4      0x1cc ./Drivers/STM32F4xx_HAL_Driver/Src/stm32f4xx_hal_rcc.o
                0x00000000080049d4                HAL_RCC_ClockConfig
 .text.HAL_RCC_GetSysClockFreq
                0x0000000008004ba0      0x1c4 ./Drivers/STM32F4xx_HAL_Driver/Src/stm32f4xx_hal_rcc.o
                0x0000000008004ba0                HAL_RCC_GetSysClockFreq
 .text.HAL_RCC_GetHCLKFreq
                0x0000000008004d64       0x18 ./Drivers/STM32F4xx_HAL_Driver/Src/stm32f4xx_hal_rcc.o
                0x0000000008004d64                HAL_RCC_GetHCLKFreq
 .text.HAL_RCC_GetPCLK1Freq
                0x0000000008004d7c       0x28 ./Drivers/STM32F4xx_HAL_Driver/Src/stm32f4xx_hal_rcc.o
                0x0000000008004d7c                HAL_RCC_GetPCLK1Freq
 .text.HAL_RCC_GetPCLK2Freq
                0x0000000008004da4       0x28 ./Drivers/STM32F4xx_HAL_Driver/Src/stm32f4xx_hal_rcc.o
                0x0000000008004da4                HAL_RCC_GetPCLK2Freq
 .text.HAL_SPI_Init
                0x0000000008004dcc      0x112 ./Drivers/STM32F4xx_HAL_Driver/Src/stm32f4xx_hal_spi.o
                0x0000000008004dcc                HAL_SPI_Init
 .text.HAL_SPI_Transmit
                0x0000000008004ede      0x278 ./Drivers/STM32F4xx_HAL_Driver/Src/stm32f4xx_hal_spi.o
                0x0000000008004ede                HAL_SPI_Transmit
 .text.HAL_SPI_Receive
                0x0000000008005156      0x222 ./Drivers/STM32F4xx_HAL_Driver/Src/stm32f4xx_hal_spi.o
                0x0000000008005156                HAL_SPI_Receive
 .text.HAL_SPI_TransmitReceive
                0x0000000008005378      0x344 ./Drivers/STM32F4xx_HAL_Driver/Src/stm32f4xx_hal_spi.o
                0x0000000008005378                HAL_SPI_TransmitReceive
 .text.SPI_WaitFlagStateUntilTimeout
                0x00000000080056bc      0x110 ./Drivers/STM32F4xx_HAL_Driver/Src/stm32f4xx_hal_spi.o
 .text.SPI_EndRxTransaction
                0x00000000080057cc       0xca ./Drivers/STM32F4xx_HAL_Driver/Src/stm32f4xx_hal_spi.o
 *fill*         0x0000000008005896        0x2 
 .text.SPI_EndRxTxTransaction
                0x0000000008005898       0x84 ./Drivers/STM32F4xx_HAL_Driver/Src/stm32f4xx_hal_spi.o
 .text.HAL_SRAM_Init
                0x000000000800591c       0x88 ./Drivers/STM32F4xx_HAL_Driver/Src/stm32f4xx_hal_sram.o
                0x000000000800591c                HAL_SRAM_Init
 .text.HAL_TIM_Base_Init
                0x00000000080059a4       0x9e ./Drivers/STM32F4xx_HAL_Driver/Src/stm32f4xx_hal_tim.o
                0x00000000080059a4                HAL_TIM_Base_Init
 *fill*         0x0000000008005a42        0x2 
 .text.HAL_TIM_Base_Start_IT
                0x0000000008005a44       0xe0 ./Drivers/STM32F4xx_HAL_Driver/Src/stm32f4xx_hal_tim.o
                0x0000000008005a44                HAL_TIM_Base_Start_IT
 .text.HAL_TIM_PWM_Init
                0x0000000008005b24       0x9e ./Drivers/STM32F4xx_HAL_Driver/Src/stm32f4xx_hal_tim.o
                0x0000000008005b24                HAL_TIM_PWM_Init
 .text.HAL_TIM_PWM_MspInit
                0x0000000008005bc2       0x14 ./Drivers/STM32F4xx_HAL_Driver/Src/stm32f4xx_hal_tim.o
                0x0000000008005bc2                HAL_TIM_PWM_MspInit
 *fill*         0x0000000008005bd6        0x2 
 .text.HAL_TIM_PWM_Start
                0x0000000008005bd8      0x190 ./Drivers/STM32F4xx_HAL_Driver/Src/stm32f4xx_hal_tim.o
                0x0000000008005bd8                HAL_TIM_PWM_Start
 .text.HAL_TIM_IRQHandler
                0x0000000008005d68      0x210 ./Drivers/STM32F4xx_HAL_Driver/Src/stm32f4xx_hal_tim.o
                0x0000000008005d68                HAL_TIM_IRQHandler
 .text.HAL_TIM_PWM_ConfigChannel
                0x0000000008005f78      0x184 ./Drivers/STM32F4xx_HAL_Driver/Src/stm32f4xx_hal_tim.o
                0x0000000008005f78                HAL_TIM_PWM_ConfigChannel
 .text.HAL_TIM_ConfigClockSource
                0x00000000080060fc      0x18e ./Drivers/STM32F4xx_HAL_Driver/Src/stm32f4xx_hal_tim.o
                0x00000000080060fc                HAL_TIM_ConfigClockSource
 .text.HAL_TIM_OC_DelayElapsedCallback
                0x000000000800628a       0x14 ./Drivers/STM32F4xx_HAL_Driver/Src/stm32f4xx_hal_tim.o
                0x000000000800628a                HAL_TIM_OC_DelayElapsedCallback
 .text.HAL_TIM_IC_CaptureCallback
                0x000000000800629e       0x14 ./Drivers/STM32F4xx_HAL_Driver/Src/stm32f4xx_hal_tim.o
                0x000000000800629e                HAL_TIM_IC_CaptureCallback
 .text.HAL_TIM_PWM_PulseFinishedCallback
                0x00000000080062b2       0x14 ./Drivers/STM32F4xx_HAL_Driver/Src/stm32f4xx_hal_tim.o
                0x00000000080062b2                HAL_TIM_PWM_PulseFinishedCallback
 .text.HAL_TIM_TriggerCallback
                0x00000000080062c6       0x14 ./Drivers/STM32F4xx_HAL_Driver/Src/stm32f4xx_hal_tim.o
                0x00000000080062c6                HAL_TIM_TriggerCallback
 *fill*         0x00000000080062da        0x2 
 .text.TIM_Base_SetConfig
                0x00000000080062dc      0x140 ./Drivers/STM32F4xx_HAL_Driver/Src/stm32f4xx_hal_tim.o
                0x00000000080062dc                TIM_Base_SetConfig
 .text.TIM_OC1_SetConfig
                0x000000000800641c       0xe0 ./Drivers/STM32F4xx_HAL_Driver/Src/stm32f4xx_hal_tim.o
 .text.TIM_OC2_SetConfig
                0x00000000080064fc       0xec ./Drivers/STM32F4xx_HAL_Driver/Src/stm32f4xx_hal_tim.o
                0x00000000080064fc                TIM_OC2_SetConfig
 .text.TIM_OC3_SetConfig
                0x00000000080065e8       0xe8 ./Drivers/STM32F4xx_HAL_Driver/Src/stm32f4xx_hal_tim.o
 .text.TIM_OC4_SetConfig
                0x00000000080066d0       0xac ./Drivers/STM32F4xx_HAL_Driver/Src/stm32f4xx_hal_tim.o
 .text.TIM_TI1_ConfigInputStage
                0x000000000800677c       0x5e ./Drivers/STM32F4xx_HAL_Driver/Src/stm32f4xx_hal_tim.o
 .text.TIM_TI2_ConfigInputStage
                0x00000000080067da       0x60 ./Drivers/STM32F4xx_HAL_Driver/Src/stm32f4xx_hal_tim.o
 .text.TIM_ITRx_SetConfig
                0x000000000800683a       0x36 ./Drivers/STM32F4xx_HAL_Driver/Src/stm32f4xx_hal_tim.o
 .text.TIM_ETR_SetConfig
                0x0000000008006870       0x40 ./Drivers/STM32F4xx_HAL_Driver/Src/stm32f4xx_hal_tim.o
                0x0000000008006870                TIM_ETR_SetConfig
 .text.TIM_CCxChannelCmd
                0x00000000080068b0       0x4a ./Drivers/STM32F4xx_HAL_Driver/Src/stm32f4xx_hal_tim.o
                0x00000000080068b0                TIM_CCxChannelCmd
 *fill*         0x00000000080068fa        0x2 
 .text.HAL_TIMEx_MasterConfigSynchronization
                0x00000000080068fc       0xf8 ./Drivers/STM32F4xx_HAL_Driver/Src/stm32f4xx_hal_tim_ex.o
                0x00000000080068fc                HAL_TIMEx_MasterConfigSynchronization
 .text.HAL_TIMEx_CommutCallback
                0x00000000080069f4       0x14 ./Drivers/STM32F4xx_HAL_Driver/Src/stm32f4xx_hal_tim_ex.o
                0x00000000080069f4                HAL_TIMEx_CommutCallback
 .text.HAL_TIMEx_BreakCallback
                0x0000000008006a08       0x14 ./Drivers/STM32F4xx_HAL_Driver/Src/stm32f4xx_hal_tim_ex.o
                0x0000000008006a08                HAL_TIMEx_BreakCallback
 .text.HAL_UART_Init
                0x0000000008006a1c       0x9a ./Drivers/STM32F4xx_HAL_Driver/Src/stm32f4xx_hal_uart.o
                0x0000000008006a1c                HAL_UART_Init
 *fill*         0x0000000008006ab6        0x2 
 .text.HAL_UART_IRQHandler
                0x0000000008006ab8      0x51c ./Drivers/STM32F4xx_HAL_Driver/Src/stm32f4xx_hal_uart.o
                0x0000000008006ab8                HAL_UART_IRQHandler
 .text.HAL_UART_TxCpltCallback
                0x0000000008006fd4       0x14 ./Drivers/STM32F4xx_HAL_Driver/Src/stm32f4xx_hal_uart.o
                0x0000000008006fd4                HAL_UART_TxCpltCallback
 .text.HAL_UART_RxCpltCallback
                0x0000000008006fe8       0x14 ./Drivers/STM32F4xx_HAL_Driver/Src/stm32f4xx_hal_uart.o
                0x0000000008006fe8                HAL_UART_RxCpltCallback
 .text.HAL_UART_ErrorCallback
                0x0000000008006ffc       0x14 ./Drivers/STM32F4xx_HAL_Driver/Src/stm32f4xx_hal_uart.o
                0x0000000008006ffc                HAL_UART_ErrorCallback
 .text.HAL_UARTEx_RxEventCallback
                0x0000000008007010       0x18 ./Drivers/STM32F4xx_HAL_Driver/Src/stm32f4xx_hal_uart.o
                0x0000000008007010                HAL_UARTEx_RxEventCallback
 .text.UART_EndRxTransfer
                0x0000000008007028       0xc6 ./Drivers/STM32F4xx_HAL_Driver/Src/stm32f4xx_hal_uart.o
 .text.UART_DMAAbortOnError
                0x00000000080070ee       0x28 ./Drivers/STM32F4xx_HAL_Driver/Src/stm32f4xx_hal_uart.o
 .text.UART_Transmit_IT
                0x0000000008007116       0xa0 ./Drivers/STM32F4xx_HAL_Driver/Src/stm32f4xx_hal_uart.o
 .text.UART_EndTransmit_IT
                0x00000000080071b6       0x30 ./Drivers/STM32F4xx_HAL_Driver/Src/stm32f4xx_hal_uart.o
 .text.UART_Receive_IT
                0x00000000080071e6      0x176 ./Drivers/STM32F4xx_HAL_Driver/Src/stm32f4xx_hal_uart.o
 .text.UART_SetConfig
                0x000000000800735c      0x390 ./Drivers/STM32F4xx_HAL_Driver/Src/stm32f4xx_hal_uart.o
 .text.FSMC_NORSRAM_Init
                0x00000000080076ec       0xa4 ./Drivers/STM32F4xx_HAL_Driver/Src/stm32f4xx_ll_fsmc.o
                0x00000000080076ec                FSMC_NORSRAM_Init
 .text.FSMC_NORSRAM_Timing_Init
                0x0000000008007790       0x7a ./Drivers/STM32F4xx_HAL_Driver/Src/stm32f4xx_ll_fsmc.o
                0x0000000008007790                FSMC_NORSRAM_Timing_Init
 *fill*         0x000000000800780a        0x2 
 .text.FSMC_NORSRAM_Extended_Timing_Init
                0x000000000800780c       0x80 ./Drivers/STM32F4xx_HAL_Driver/Src/stm32f4xx_ll_fsmc.o
                0x000000000800780c                FSMC_NORSRAM_Extended_Timing_Init
 .text.__libc_init_array
                0x000000000800788c       0x48 c:/st/stm32cubeide_1.7.0/stm32cubeide/plugins/com.st.stm32cube.ide.mcu.externaltools.gnu-tools-for-stm32.9-2020-q2-update.win32_2.0.0.202105311346/tools/bin/../lib/gcc/arm-none-eabi/9.3.1/../../../../arm-none-eabi/lib/thumb/v7e-m+fp/hard\libc_nano.a(lib_a-init.o)
                0x000000000800788c                __libc_init_array
 .text.memset   0x00000000080078d4       0x10 c:/st/stm32cubeide_1.7.0/stm32cubeide/plugins/com.st.stm32cube.ide.mcu.externaltools.gnu-tools-for-stm32.9-2020-q2-update.win32_2.0.0.202105311346/tools/bin/../lib/gcc/arm-none-eabi/9.3.1/../../../../arm-none-eabi/lib/thumb/v7e-m+fp/hard\libc_nano.a(lib_a-memset.o)
                0x00000000080078d4                memset
 *(.glue_7)
 .glue_7        0x00000000080078e4        0x0 linker stubs
 *(.glue_7t)
 .glue_7t       0x00000000080078e4        0x0 linker stubs
 *(.eh_frame)
 .eh_frame      0x00000000080078e4        0x0 c:/st/stm32cubeide_1.7.0/stm32cubeide/plugins/com.st.stm32cube.ide.mcu.externaltools.gnu-tools-for-stm32.9-2020-q2-update.win32_2.0.0.202105311346/tools/bin/../lib/gcc/arm-none-eabi/9.3.1/thumb/v7e-m+fp/hard/crtbegin.o
 *(.init)
 .init          0x00000000080078e4        0x4 c:/st/stm32cubeide_1.7.0/stm32cubeide/plugins/com.st.stm32cube.ide.mcu.externaltools.gnu-tools-for-stm32.9-2020-q2-update.win32_2.0.0.202105311346/tools/bin/../lib/gcc/arm-none-eabi/9.3.1/thumb/v7e-m+fp/hard/crti.o
                0x00000000080078e4                _init
 .init          0x00000000080078e8        0x8 c:/st/stm32cubeide_1.7.0/stm32cubeide/plugins/com.st.stm32cube.ide.mcu.externaltools.gnu-tools-for-stm32.9-2020-q2-update.win32_2.0.0.202105311346/tools/bin/../lib/gcc/arm-none-eabi/9.3.1/thumb/v7e-m+fp/hard/crtn.o
 *(.fini)
 .fini          0x00000000080078f0        0x4 c:/st/stm32cubeide_1.7.0/stm32cubeide/plugins/com.st.stm32cube.ide.mcu.externaltools.gnu-tools-for-stm32.9-2020-q2-update.win32_2.0.0.202105311346/tools/bin/../lib/gcc/arm-none-eabi/9.3.1/thumb/v7e-m+fp/hard/crti.o
                0x00000000080078f0                _fini
 .fini          0x00000000080078f4        0x8 c:/st/stm32cubeide_1.7.0/stm32cubeide/plugins/com.st.stm32cube.ide.mcu.externaltools.gnu-tools-for-stm32.9-2020-q2-update.win32_2.0.0.202105311346/tools/bin/../lib/gcc/arm-none-eabi/9.3.1/thumb/v7e-m+fp/hard/crtn.o
                0x00000000080078fc                . = ALIGN (0x4)
                0x00000000080078fc                _etext = .

.vfp11_veneer   0x00000000080078fc        0x0
 .vfp11_veneer  0x00000000080078fc        0x0 linker stubs

.v4_bx          0x00000000080078fc        0x0
 .v4_bx         0x00000000080078fc        0x0 linker stubs

.iplt           0x00000000080078fc        0x0
 .iplt          0x00000000080078fc        0x0 c:/st/stm32cubeide_1.7.0/stm32cubeide/plugins/com.st.stm32cube.ide.mcu.externaltools.gnu-tools-for-stm32.9-2020-q2-update.win32_2.0.0.202105311346/tools/bin/../lib/gcc/arm-none-eabi/9.3.1/thumb/v7e-m+fp/hard/crtbegin.o

.rodata         0x00000000080078fc     0x2fe0
                0x00000000080078fc                . = ALIGN (0x4)
 *(.rodata)
 .rodata        0x00000000080078fc       0x3d ./Core/Src/main.o
 *(.rodata*)
 *fill*         0x0000000008007939        0x3 
 .rodata.ascii_1608
                0x000000000800793c      0x5f0 ./Core/Src/lcd.o
                0x000000000800793c                ascii_1608
 .rodata.ascii_2412
                0x0000000008007f2c     0x11d0 ./Core/Src/lcd.o
                0x0000000008007f2c                ascii_2412
 .rodata.ascii_3216
                0x00000000080090fc     0x17c0 ./Core/Src/lcd.o
                0x00000000080090fc                ascii_3216
 .rodata.AHBPrescTable
                0x000000000800a8bc       0x10 ./Core/Src/system_stm32f4xx.o
                0x000000000800a8bc                AHBPrescTable
 .rodata.APBPrescTable
                0x000000000800a8cc        0x8 ./Core/Src/system_stm32f4xx.o
                0x000000000800a8cc                APBPrescTable
 .rodata.flagBitshiftOffset.9376
                0x000000000800a8d4        0x8 ./Drivers/STM32F4xx_HAL_Driver/Src/stm32f4xx_hal_dma.o
                0x000000000800a8dc                . = ALIGN (0x4)

.ARM.extab      0x000000000800a8dc        0x0
                0x000000000800a8dc                . = ALIGN (0x4)
 *(.ARM.extab* .gnu.linkonce.armextab.*)
                0x000000000800a8dc                . = ALIGN (0x4)

.ARM            0x000000000800a8dc        0x8
                0x000000000800a8dc                . = ALIGN (0x4)
                0x000000000800a8dc                __exidx_start = .
 *(.ARM.exidx*)
 .ARM.exidx     0x000000000800a8dc        0x8 c:/st/stm32cubeide_1.7.0/stm32cubeide/plugins/com.st.stm32cube.ide.mcu.externaltools.gnu-tools-for-stm32.9-2020-q2-update.win32_2.0.0.202105311346/tools/bin/../lib/gcc/arm-none-eabi/9.3.1/thumb/v7e-m+fp/hard\libgcc.a(_udivmoddi4.o)
                0x000000000800a8e4                __exidx_end = .
                0x000000000800a8e4                . = ALIGN (0x4)

.rel.dyn        0x000000000800a8e4        0x0
 .rel.iplt      0x000000000800a8e4        0x0 c:/st/stm32cubeide_1.7.0/stm32cubeide/plugins/com.st.stm32cube.ide.mcu.externaltools.gnu-tools-for-stm32.9-2020-q2-update.win32_2.0.0.202105311346/tools/bin/../lib/gcc/arm-none-eabi/9.3.1/thumb/v7e-m+fp/hard/crtbegin.o

.preinit_array  0x000000000800a8e4        0x0
                0x000000000800a8e4                . = ALIGN (0x4)
                0x000000000800a8e4                PROVIDE (__preinit_array_start = .)
 *(.preinit_array*)
                0x000000000800a8e4                PROVIDE (__preinit_array_end = .)
                0x000000000800a8e4                . = ALIGN (0x4)

.init_array     0x000000000800a8e4        0x4
                0x000000000800a8e4                . = ALIGN (0x4)
                0x000000000800a8e4                PROVIDE (__init_array_start = .)
 *(SORT_BY_NAME(.init_array.*))
 *(.init_array*)
 .init_array    0x000000000800a8e4        0x4 c:/st/stm32cubeide_1.7.0/stm32cubeide/plugins/com.st.stm32cube.ide.mcu.externaltools.gnu-tools-for-stm32.9-2020-q2-update.win32_2.0.0.202105311346/tools/bin/../lib/gcc/arm-none-eabi/9.3.1/thumb/v7e-m+fp/hard/crtbegin.o
                0x000000000800a8e8                PROVIDE (__init_array_end = .)
                0x000000000800a8e8                . = ALIGN (0x4)

.fini_array     0x000000000800a8e8        0x4
                0x000000000800a8e8                . = ALIGN (0x4)
                [!provide]                        PROVIDE (__fini_array_start = .)
 *(SORT_BY_NAME(.fini_array.*))
 *(.fini_array*)
 .fini_array    0x000000000800a8e8        0x4 c:/st/stm32cubeide_1.7.0/stm32cubeide/plugins/com.st.stm32cube.ide.mcu.externaltools.gnu-tools-for-stm32.9-2020-q2-update.win32_2.0.0.202105311346/tools/bin/../lib/gcc/arm-none-eabi/9.3.1/thumb/v7e-m+fp/hard/crtbegin.o
                [!provide]                        PROVIDE (__fini_array_end = .)
                0x000000000800a8ec                . = ALIGN (0x4)
                0x000000000800a8ec                _sidata = LOADADDR (.data)

.data           0x0000000020000000       0x14 load address 0x000000000800a8ec
                0x0000000020000000                . = ALIGN (0x4)
                0x0000000020000000                _sdata = .
 *(.data)
 *(.data*)
 .data.led7seg  0x0000000020000000        0x4 ./Core/Src/led_7seg.o
                0x0000000020000000                led7seg
 .data.spi_buffer
                0x0000000020000004        0x2 ./Core/Src/led_7seg.o
                0x0000000020000004                spi_buffer
 *fill*         0x0000000020000006        0x2 
 .data.SystemCoreClock
                0x0000000020000008        0x4 ./Core/Src/system_stm32f4xx.o
                0x0000000020000008                SystemCoreClock
 .data.uwTickPrio
                0x000000002000000c        0x4 ./Drivers/STM32F4xx_HAL_Driver/Src/stm32f4xx_hal.o
                0x000000002000000c                uwTickPrio
 .data.uwTickFreq
                0x0000000020000010        0x1 ./Drivers/STM32F4xx_HAL_Driver/Src/stm32f4xx_hal.o
                0x0000000020000010                uwTickFreq
 *(.RamFunc)
 *(.RamFunc*)
                0x0000000020000014                . = ALIGN (0x4)
 *fill*         0x0000000020000011        0x3 
                0x0000000020000014                _edata = .
                0x000000000800a900                _siccmram = LOADADDR (.ccmram)

.igot.plt       0x0000000020000014        0x0 load address 0x000000000800a900
 .igot.plt      0x0000000020000014        0x0 c:/st/stm32cubeide_1.7.0/stm32cubeide/plugins/com.st.stm32cube.ide.mcu.externaltools.gnu-tools-for-stm32.9-2020-q2-update.win32_2.0.0.202105311346/tools/bin/../lib/gcc/arm-none-eabi/9.3.1/thumb/v7e-m+fp/hard/crtbegin.o

.ccmram         0x0000000010000000        0x0 load address 0x000000000800a900
                0x0000000010000000                . = ALIGN (0x4)
                0x0000000010000000                _sccmram = .
 *(.ccmram)
 *(.ccmram*)
                0x0000000010000000                . = ALIGN (0x4)
                0x0000000010000000                _eccmram = .
                0x0000000010000000                . = ALIGN (0x4)

.bss            0x0000000020000014      0x314
                0x0000000020000014                _sbss = .
                0x0000000020000014                __bss_start__ = _sbss
 *(.bss)
 .bss           0x0000000020000014       0x1c c:/st/stm32cubeide_1.7.0/stm32cubeide/plugins/com.st.stm32cube.ide.mcu.externaltools.gnu-tools-for-stm32.9-2020-q2-update.win32_2.0.0.202105311346/tools/bin/../lib/gcc/arm-none-eabi/9.3.1/thumb/v7e-m+fp/hard/crtbegin.o
 *(.bss*)
 .bss.spi_button
                0x0000000020000030        0x2 ./Core/Src/button.o
                0x0000000020000030                spi_button
 .bss.duty_cycle
                0x0000000020000032        0x1 ./Core/Src/buzzer.o
                0x0000000020000032                duty_cycle
 *fill*         0x0000000020000033        0x1 
 .bss.FSMC_Initialized
                0x0000000020000034        0x4 ./Core/Src/fsmc.o
 .bss.led7_index
                0x0000000020000038        0x4 ./Core/Src/led_7seg.o
                0x0000000020000038                led7_index
 .bss.count_led_debug
                0x000000002000003c        0x1 ./Core/Src/main.o
                0x000000002000003c                count_led_debug
 .bss.count_adc
                0x000000002000003d        0x1 ./Core/Src/main.o
                0x000000002000003d                count_adc
 .bss.flag_timer2
                0x000000002000003e        0x2 ./Core/Src/software_timer.o
                0x000000002000003e                flag_timer2
 .bss.timer2_counter
                0x0000000020000040        0x2 ./Core/Src/software_timer.o
                0x0000000020000040                timer2_counter
 .bss.timer2_MUL
                0x0000000020000042        0x2 ./Core/Src/software_timer.o
                0x0000000020000042                timer2_MUL
 *(COMMON)
 COMMON         0x0000000020000044       0xa8 ./Core/Src/adc.o
                0x0000000020000044                hadc1
                0x000000002000008c                hdma_adc1
 COMMON         0x00000000200000ec       0x20 ./Core/Src/button.o
                0x00000000200000ec                button_count
 COMMON         0x000000002000010c       0x50 ./Core/Src/fsmc.o
                0x000000002000010c                hsram1
 COMMON         0x000000002000015c       0x54 ./Core/Src/i2c.o
                0x000000002000015c                hi2c1
 COMMON         0x00000000200001b0       0x3a ./Core/Src/lcd.o
                0x00000000200001b0                lcddev
                0x00000000200001b8                s
 *fill*         0x00000000200001ea        0x2 
 COMMON         0x00000000200001ec        0xa ./Core/Src/sensor.o
                0x00000000200001ec                adc_receive
 *fill*         0x00000000200001f6        0x2 
 COMMON         0x00000000200001f8       0x58 ./Core/Src/spi.o
                0x00000000200001f8                hspi1
 COMMON         0x0000000020000250       0x90 ./Core/Src/tim.o
                0x0000000020000250                htim13
                0x0000000020000298                htim2
 COMMON         0x00000000200002e0       0x44 ./Core/Src/usart.o
                0x00000000200002e0                huart1
 COMMON         0x0000000020000324        0x4 ./Drivers/STM32F4xx_HAL_Driver/Src/stm32f4xx_hal.o
                0x0000000020000324                uwTick
                0x0000000020000328                . = ALIGN (0x4)
                0x0000000020000328                _ebss = .
                0x0000000020000328                __bss_end__ = _ebss

._user_heap_stack
                0x0000000020000328      0x600
                0x0000000020000328                . = ALIGN (0x8)
                [!provide]                        PROVIDE (end = .)
                0x0000000020000328                PROVIDE (_end = .)
                0x0000000020000528                . = (. + _Min_Heap_Size)
 *fill*         0x0000000020000328      0x200 
                0x0000000020000928                . = (. + _Min_Stack_Size)
 *fill*         0x0000000020000528      0x400 
                0x0000000020000928                . = ALIGN (0x8)

/DISCARD/
 libc.a(*)
 libm.a(*)
 libgcc.a(*)

.ARM.attributes
                0x0000000000000000       0x30
 *(.ARM.attributes)
 .ARM.attributes
                0x0000000000000000       0x1e c:/st/stm32cubeide_1.7.0/stm32cubeide/plugins/com.st.stm32cube.ide.mcu.externaltools.gnu-tools-for-stm32.9-2020-q2-update.win32_2.0.0.202105311346/tools/bin/../lib/gcc/arm-none-eabi/9.3.1/thumb/v7e-m+fp/hard/crti.o
 .ARM.attributes
                0x000000000000001e       0x34 c:/st/stm32cubeide_1.7.0/stm32cubeide/plugins/com.st.stm32cube.ide.mcu.externaltools.gnu-tools-for-stm32.9-2020-q2-update.win32_2.0.0.202105311346/tools/bin/../lib/gcc/arm-none-eabi/9.3.1/thumb/v7e-m+fp/hard/crtbegin.o
 .ARM.attributes
                0x0000000000000052       0x34 ./Core/Src/adc.o
 .ARM.attributes
                0x0000000000000086       0x34 ./Core/Src/button.o
 .ARM.attributes
                0x00000000000000ba       0x34 ./Core/Src/buzzer.o
 .ARM.attributes
                0x00000000000000ee       0x34 ./Core/Src/dma.o
 .ARM.attributes
                0x0000000000000122       0x34 ./Core/Src/fsmc.o
 .ARM.attributes
                0x0000000000000156       0x34 ./Core/Src/gpio.o
 .ARM.attributes
                0x000000000000018a       0x34 ./Core/Src/i2c.o
 .ARM.attributes
                0x00000000000001be       0x34 ./Core/Src/lcd.o
 .ARM.attributes
                0x00000000000001f2       0x34 ./Core/Src/led_7seg.o
 .ARM.attributes
                0x0000000000000226       0x34 ./Core/Src/main.o
 .ARM.attributes
                0x000000000000025a       0x34 ./Core/Src/sensor.o
 .ARM.attributes
                0x000000000000028e       0x34 ./Core/Src/software_timer.o
 .ARM.attributes
                0x00000000000002c2       0x34 ./Core/Src/spi.o
 .ARM.attributes
                0x00000000000002f6       0x34 ./Core/Src/stm32f4xx_hal_msp.o
 .ARM.attributes
                0x000000000000032a       0x34 ./Core/Src/stm32f4xx_it.o
 .ARM.attributes
                0x000000000000035e       0x34 ./Core/Src/system_stm32f4xx.o
 .ARM.attributes
                0x0000000000000392       0x34 ./Core/Src/tim.o
 .ARM.attributes
                0x00000000000003c6       0x34 ./Core/Src/usart.o
 .ARM.attributes
                0x00000000000003fa       0x21 ./Core/Startup/startup_stm32f407zetx.o
 .ARM.attributes
                0x000000000000041b       0x34 ./Drivers/STM32F4xx_HAL_Driver/Src/stm32f4xx_hal.o
 .ARM.attributes
                0x000000000000044f       0x34 ./Drivers/STM32F4xx_HAL_Driver/Src/stm32f4xx_hal_adc.o
 .ARM.attributes
                0x0000000000000483       0x34 ./Drivers/STM32F4xx_HAL_Driver/Src/stm32f4xx_hal_cortex.o
 .ARM.attributes
                0x00000000000004b7       0x34 ./Drivers/STM32F4xx_HAL_Driver/Src/stm32f4xx_hal_dma.o
 .ARM.attributes
                0x00000000000004eb       0x34 ./Drivers/STM32F4xx_HAL_Driver/Src/stm32f4xx_hal_gpio.o
 .ARM.attributes
                0x000000000000051f       0x34 ./Drivers/STM32F4xx_HAL_Driver/Src/stm32f4xx_hal_i2c.o
 .ARM.attributes
                0x0000000000000553       0x34 ./Drivers/STM32F4xx_HAL_Driver/Src/stm32f4xx_hal_rcc.o
 .ARM.attributes
                0x0000000000000587       0x34 ./Drivers/STM32F4xx_HAL_Driver/Src/stm32f4xx_hal_spi.o
 .ARM.attributes
                0x00000000000005bb       0x34 ./Drivers/STM32F4xx_HAL_Driver/Src/stm32f4xx_hal_sram.o
 .ARM.attributes
                0x00000000000005ef       0x34 ./Drivers/STM32F4xx_HAL_Driver/Src/stm32f4xx_hal_tim.o
 .ARM.attributes
                0x0000000000000623       0x34 ./Drivers/STM32F4xx_HAL_Driver/Src/stm32f4xx_hal_tim_ex.o
 .ARM.attributes
                0x0000000000000657       0x34 ./Drivers/STM32F4xx_HAL_Driver/Src/stm32f4xx_hal_uart.o
 .ARM.attributes
                0x000000000000068b       0x34 ./Drivers/STM32F4xx_HAL_Driver/Src/stm32f4xx_ll_fsmc.o
 .ARM.attributes
                0x00000000000006bf       0x34 c:/st/stm32cubeide_1.7.0/stm32cubeide/plugins/com.st.stm32cube.ide.mcu.externaltools.gnu-tools-for-stm32.9-2020-q2-update.win32_2.0.0.202105311346/tools/bin/../lib/gcc/arm-none-eabi/9.3.1/../../../../arm-none-eabi/lib/thumb/v7e-m+fp/hard\libc_nano.a(lib_a-init.o)
 .ARM.attributes
                0x00000000000006f3       0x34 c:/st/stm32cubeide_1.7.0/stm32cubeide/plugins/com.st.stm32cube.ide.mcu.externaltools.gnu-tools-for-stm32.9-2020-q2-update.win32_2.0.0.202105311346/tools/bin/../lib/gcc/arm-none-eabi/9.3.1/../../../../arm-none-eabi/lib/thumb/v7e-m+fp/hard\libc_nano.a(lib_a-memset.o)
 .ARM.attributes
                0x0000000000000727       0x1e c:/st/stm32cubeide_1.7.0/stm32cubeide/plugins/com.st.stm32cube.ide.mcu.externaltools.gnu-tools-for-stm32.9-2020-q2-update.win32_2.0.0.202105311346/tools/bin/../lib/gcc/arm-none-eabi/9.3.1/thumb/v7e-m+fp/hard\libgcc.a(_arm_addsubdf3.o)
 .ARM.attributes
                0x0000000000000745       0x1e c:/st/stm32cubeide_1.7.0/stm32cubeide/plugins/com.st.stm32cube.ide.mcu.externaltools.gnu-tools-for-stm32.9-2020-q2-update.win32_2.0.0.202105311346/tools/bin/../lib/gcc/arm-none-eabi/9.3.1/thumb/v7e-m+fp/hard\libgcc.a(_arm_muldivdf3.o)
 .ARM.attributes
                0x0000000000000763       0x1e c:/st/stm32cubeide_1.7.0/stm32cubeide/plugins/com.st.stm32cube.ide.mcu.externaltools.gnu-tools-for-stm32.9-2020-q2-update.win32_2.0.0.202105311346/tools/bin/../lib/gcc/arm-none-eabi/9.3.1/thumb/v7e-m+fp/hard\libgcc.a(_arm_truncdfsf2.o)
 .ARM.attributes
                0x0000000000000781       0x1e c:/st/stm32cubeide_1.7.0/stm32cubeide/plugins/com.st.stm32cube.ide.mcu.externaltools.gnu-tools-for-stm32.9-2020-q2-update.win32_2.0.0.202105311346/tools/bin/../lib/gcc/arm-none-eabi/9.3.1/thumb/v7e-m+fp/hard\libgcc.a(_aeabi_uldivmod.o)
 .ARM.attributes
                0x000000000000079f       0x34 c:/st/stm32cubeide_1.7.0/stm32cubeide/plugins/com.st.stm32cube.ide.mcu.externaltools.gnu-tools-for-stm32.9-2020-q2-update.win32_2.0.0.202105311346/tools/bin/../lib/gcc/arm-none-eabi/9.3.1/thumb/v7e-m+fp/hard\libgcc.a(_udivmoddi4.o)
 .ARM.attributes
                0x00000000000007d3       0x1e c:/st/stm32cubeide_1.7.0/stm32cubeide/plugins/com.st.stm32cube.ide.mcu.externaltools.gnu-tools-for-stm32.9-2020-q2-update.win32_2.0.0.202105311346/tools/bin/../lib/gcc/arm-none-eabi/9.3.1/thumb/v7e-m+fp/hard\libgcc.a(_dvmd_tls.o)
 .ARM.attributes
                0x00000000000007f1       0x1e c:/st/stm32cubeide_1.7.0/stm32cubeide/plugins/com.st.stm32cube.ide.mcu.externaltools.gnu-tools-for-stm32.9-2020-q2-update.win32_2.0.0.202105311346/tools/bin/../lib/gcc/arm-none-eabi/9.3.1/thumb/v7e-m+fp/hard/crtn.o
OUTPUT(Lab678.elf elf32-littlearm)
LOAD linker stubs
LOAD c:/st/stm32cubeide_1.7.0/stm32cubeide/plugins/com.st.stm32cube.ide.mcu.externaltools.gnu-tools-for-stm32.9-2020-q2-update.win32_2.0.0.202105311346/tools/bin/../lib/gcc/arm-none-eabi/9.3.1/../../../../arm-none-eabi/lib/thumb/v7e-m+fp/hard\libc.a
LOAD c:/st/stm32cubeide_1.7.0/stm32cubeide/plugins/com.st.stm32cube.ide.mcu.externaltools.gnu-tools-for-stm32.9-2020-q2-update.win32_2.0.0.202105311346/tools/bin/../lib/gcc/arm-none-eabi/9.3.1/../../../../arm-none-eabi/lib/thumb/v7e-m+fp/hard\libm.a
LOAD c:/st/stm32cubeide_1.7.0/stm32cubeide/plugins/com.st.stm32cube.ide.mcu.externaltools.gnu-tools-for-stm32.9-2020-q2-update.win32_2.0.0.202105311346/tools/bin/../lib/gcc/arm-none-eabi/9.3.1/thumb/v7e-m+fp/hard\libgcc.a

.debug_info     0x0000000000000000    0x1d06a
 .debug_info    0x0000000000000000      0xabd ./Core/Src/adc.o
 .debug_info    0x0000000000000abd      0x7f4 ./Core/Src/button.o
 .debug_info    0x00000000000012b1      0x7a3 ./Core/Src/buzzer.o
 .debug_info    0x0000000000001a54      0x59c ./Core/Src/dma.o
 .debug_info    0x0000000000001ff0      0xa96 ./Core/Src/fsmc.o
 .debug_info    0x0000000000002a86      0x586 ./Core/Src/gpio.o
 .debug_info    0x000000000000300c      0xa7d ./Core/Src/i2c.o
 .debug_info    0x0000000000003a89     0x1759 ./Core/Src/lcd.o
 .debug_info    0x00000000000051e2      0x89c ./Core/Src/led_7seg.o
 .debug_info    0x0000000000005a7e     0x2299 ./Core/Src/main.o
 .debug_info    0x0000000000007d17      0x744 ./Core/Src/sensor.o
 .debug_info    0x000000000000845b      0x82a ./Core/Src/software_timer.o
 .debug_info    0x0000000000008c85      0xa5a ./Core/Src/spi.o
 .debug_info    0x00000000000096df      0x394 ./Core/Src/stm32f4xx_hal_msp.o
 .debug_info    0x0000000000009a73      0xa8d ./Core/Src/stm32f4xx_it.o
 .debug_info    0x000000000000a500      0x5a4 ./Core/Src/system_stm32f4xx.o
 .debug_info    0x000000000000aaa4      0xebe ./Core/Src/tim.o
 .debug_info    0x000000000000b962      0xc29 ./Core/Src/usart.o
 .debug_info    0x000000000000c58b       0x22 ./Core/Startup/startup_stm32f407zetx.o
 .debug_info    0x000000000000c5ad      0x9b2 ./Drivers/STM32F4xx_HAL_Driver/Src/stm32f4xx_hal.o
 .debug_info    0x000000000000cf5f      0xdbc ./Drivers/STM32F4xx_HAL_Driver/Src/stm32f4xx_hal_adc.o
 .debug_info    0x000000000000dd1b      0xed7 ./Drivers/STM32F4xx_HAL_Driver/Src/stm32f4xx_hal_cortex.o
 .debug_info    0x000000000000ebf2      0x9f1 ./Drivers/STM32F4xx_HAL_Driver/Src/stm32f4xx_hal_dma.o
 .debug_info    0x000000000000f5e3      0x83e ./Drivers/STM32F4xx_HAL_Driver/Src/stm32f4xx_hal_gpio.o
 .debug_info    0x000000000000fe21     0x264d ./Drivers/STM32F4xx_HAL_Driver/Src/stm32f4xx_hal_i2c.o
 .debug_info    0x000000000001246e      0x996 ./Drivers/STM32F4xx_HAL_Driver/Src/stm32f4xx_hal_rcc.o
 .debug_info    0x0000000000012e04     0x17c0 ./Drivers/STM32F4xx_HAL_Driver/Src/stm32f4xx_hal_spi.o
 .debug_info    0x00000000000145c4      0xbab ./Drivers/STM32F4xx_HAL_Driver/Src/stm32f4xx_hal_sram.o
 .debug_info    0x000000000001516f     0x2c22 ./Drivers/STM32F4xx_HAL_Driver/Src/stm32f4xx_hal_tim.o
 .debug_info    0x0000000000017d91     0x15a2 ./Drivers/STM32F4xx_HAL_Driver/Src/stm32f4xx_hal_tim_ex.o
 .debug_info    0x0000000000019333     0x31de ./Drivers/STM32F4xx_HAL_Driver/Src/stm32f4xx_hal_uart.o
 .debug_info    0x000000000001c511      0xb59 ./Drivers/STM32F4xx_HAL_Driver/Src/stm32f4xx_ll_fsmc.o

.debug_abbrev   0x0000000000000000     0x3e43
 .debug_abbrev  0x0000000000000000      0x1ce ./Core/Src/adc.o
 .debug_abbrev  0x00000000000001ce      0x1bf ./Core/Src/button.o
 .debug_abbrev  0x000000000000038d      0x19a ./Core/Src/buzzer.o
 .debug_abbrev  0x0000000000000527      0x11b ./Core/Src/dma.o
 .debug_abbrev  0x0000000000000642      0x1e2 ./Core/Src/fsmc.o
 .debug_abbrev  0x0000000000000824      0x14e ./Core/Src/gpio.o
 .debug_abbrev  0x0000000000000972      0x1bb ./Core/Src/i2c.o
 .debug_abbrev  0x0000000000000b2d      0x3aa ./Core/Src/lcd.o
 .debug_abbrev  0x0000000000000ed7      0x1a9 ./Core/Src/led_7seg.o
 .debug_abbrev  0x0000000000001080      0x2a8 ./Core/Src/main.o
 .debug_abbrev  0x0000000000001328      0x19f ./Core/Src/sensor.o
 .debug_abbrev  0x00000000000014c7      0x1e4 ./Core/Src/software_timer.o
 .debug_abbrev  0x00000000000016ab      0x1bb ./Core/Src/spi.o
 .debug_abbrev  0x0000000000001866      0x11d ./Core/Src/stm32f4xx_hal_msp.o
 .debug_abbrev  0x0000000000001983      0x176 ./Core/Src/stm32f4xx_it.o
 .debug_abbrev  0x0000000000001af9      0x145 ./Core/Src/system_stm32f4xx.o
 .debug_abbrev  0x0000000000001c3e      0x1d7 ./Core/Src/tim.o
 .debug_abbrev  0x0000000000001e15      0x1c4 ./Core/Src/usart.o
 .debug_abbrev  0x0000000000001fd9       0x12 ./Core/Startup/startup_stm32f407zetx.o
 .debug_abbrev  0x0000000000001feb      0x1ed ./Drivers/STM32F4xx_HAL_Driver/Src/stm32f4xx_hal.o
 .debug_abbrev  0x00000000000021d8      0x22f ./Drivers/STM32F4xx_HAL_Driver/Src/stm32f4xx_hal_adc.o
 .debug_abbrev  0x0000000000002407      0x33c ./Drivers/STM32F4xx_HAL_Driver/Src/stm32f4xx_hal_cortex.o
 .debug_abbrev  0x0000000000002743      0x259 ./Drivers/STM32F4xx_HAL_Driver/Src/stm32f4xx_hal_dma.o
 .debug_abbrev  0x000000000000299c      0x1f1 ./Drivers/STM32F4xx_HAL_Driver/Src/stm32f4xx_hal_gpio.o
 .debug_abbrev  0x0000000000002b8d      0x282 ./Drivers/STM32F4xx_HAL_Driver/Src/stm32f4xx_hal_i2c.o
 .debug_abbrev  0x0000000000002e0f      0x275 ./Drivers/STM32F4xx_HAL_Driver/Src/stm32f4xx_hal_rcc.o
 .debug_abbrev  0x0000000000003084      0x26e ./Drivers/STM32F4xx_HAL_Driver/Src/stm32f4xx_hal_spi.o
 .debug_abbrev  0x00000000000032f2      0x1f4 ./Drivers/STM32F4xx_HAL_Driver/Src/stm32f4xx_hal_sram.o
 .debug_abbrev  0x00000000000034e6      0x25e ./Drivers/STM32F4xx_HAL_Driver/Src/stm32f4xx_hal_tim.o
 .debug_abbrev  0x0000000000003744      0x266 ./Drivers/STM32F4xx_HAL_Driver/Src/stm32f4xx_hal_tim_ex.o
 .debug_abbrev  0x00000000000039aa      0x2eb ./Drivers/STM32F4xx_HAL_Driver/Src/stm32f4xx_hal_uart.o
 .debug_abbrev  0x0000000000003c95      0x1ae ./Drivers/STM32F4xx_HAL_Driver/Src/stm32f4xx_ll_fsmc.o

.debug_aranges  0x0000000000000000     0x1610
 .debug_aranges
                0x0000000000000000       0x30 ./Core/Src/adc.o
 .debug_aranges
                0x0000000000000030       0x28 ./Core/Src/button.o
 .debug_aranges
                0x0000000000000058       0x28 ./Core/Src/buzzer.o
 .debug_aranges
                0x0000000000000080       0x20 ./Core/Src/dma.o
 .debug_aranges
                0x00000000000000a0       0x40 ./Core/Src/fsmc.o
 .debug_aranges
                0x00000000000000e0       0x20 ./Core/Src/gpio.o
 .debug_aranges
                0x0000000000000100       0x30 ./Core/Src/i2c.o
 .debug_aranges
                0x0000000000000130       0xd8 ./Core/Src/lcd.o
 .debug_aranges
                0x0000000000000208       0x48 ./Core/Src/led_7seg.o
 .debug_aranges
                0x0000000000000250       0x68 ./Core/Src/main.o
 .debug_aranges
                0x00000000000002b8       0x50 ./Core/Src/sensor.o
 .debug_aranges
                0x0000000000000308       0x30 ./Core/Src/software_timer.o
 .debug_aranges
                0x0000000000000338       0x30 ./Core/Src/spi.o
 .debug_aranges
                0x0000000000000368       0x20 ./Core/Src/stm32f4xx_hal_msp.o
 .debug_aranges
                0x0000000000000388       0x78 ./Core/Src/stm32f4xx_it.o
 .debug_aranges
                0x0000000000000400       0x28 ./Core/Src/system_stm32f4xx.o
 .debug_aranges
                0x0000000000000428       0x40 ./Core/Src/tim.o
 .debug_aranges
                0x0000000000000468       0x30 ./Core/Src/usart.o
 .debug_aranges
                0x0000000000000498       0x28 ./Core/Startup/startup_stm32f407zetx.o
 .debug_aranges
                0x00000000000004c0       0xf0 ./Drivers/STM32F4xx_HAL_Driver/Src/stm32f4xx_hal.o
 .debug_aranges
                0x00000000000005b0       0xe8 ./Drivers/STM32F4xx_HAL_Driver/Src/stm32f4xx_hal_adc.o
 .debug_aranges
                0x0000000000000698      0x118 ./Drivers/STM32F4xx_HAL_Driver/Src/stm32f4xx_hal_cortex.o
 .debug_aranges
                0x00000000000007b0       0x90 ./Drivers/STM32F4xx_HAL_Driver/Src/stm32f4xx_hal_dma.o
 .debug_aranges
                0x0000000000000840       0x58 ./Drivers/STM32F4xx_HAL_Driver/Src/stm32f4xx_hal_gpio.o
 .debug_aranges
                0x0000000000000898      0x2a0 ./Drivers/STM32F4xx_HAL_Driver/Src/stm32f4xx_hal_i2c.o
 .debug_aranges
                0x0000000000000b38       0x88 ./Drivers/STM32F4xx_HAL_Driver/Src/stm32f4xx_hal_rcc.o
 .debug_aranges
                0x0000000000000bc0      0x1d0 ./Drivers/STM32F4xx_HAL_Driver/Src/stm32f4xx_hal_spi.o
 .debug_aranges
                0x0000000000000d90       0xa0 ./Drivers/STM32F4xx_HAL_Driver/Src/stm32f4xx_hal_sram.o
 .debug_aranges
                0x0000000000000e30      0x3d0 ./Drivers/STM32F4xx_HAL_Driver/Src/stm32f4xx_hal_tim.o
 .debug_aranges
                0x0000000000001200      0x168 ./Drivers/STM32F4xx_HAL_Driver/Src/stm32f4xx_hal_tim_ex.o
 .debug_aranges
                0x0000000000001368      0x200 ./Drivers/STM32F4xx_HAL_Driver/Src/stm32f4xx_hal_uart.o
 .debug_aranges
                0x0000000000001568       0xa8 ./Drivers/STM32F4xx_HAL_Driver/Src/stm32f4xx_ll_fsmc.o

.debug_ranges   0x0000000000000000     0x1470
 .debug_ranges  0x0000000000000000       0x20 ./Core/Src/adc.o
 .debug_ranges  0x0000000000000020       0x18 ./Core/Src/button.o
 .debug_ranges  0x0000000000000038       0x18 ./Core/Src/buzzer.o
 .debug_ranges  0x0000000000000050       0x10 ./Core/Src/dma.o
 .debug_ranges  0x0000000000000060       0x30 ./Core/Src/fsmc.o
 .debug_ranges  0x0000000000000090       0x10 ./Core/Src/gpio.o
 .debug_ranges  0x00000000000000a0       0x20 ./Core/Src/i2c.o
 .debug_ranges  0x00000000000000c0       0xc8 ./Core/Src/lcd.o
 .debug_ranges  0x0000000000000188       0x38 ./Core/Src/led_7seg.o
 .debug_ranges  0x00000000000001c0       0x58 ./Core/Src/main.o
 .debug_ranges  0x0000000000000218       0x40 ./Core/Src/sensor.o
 .debug_ranges  0x0000000000000258       0x20 ./Core/Src/software_timer.o
 .debug_ranges  0x0000000000000278       0x20 ./Core/Src/spi.o
 .debug_ranges  0x0000000000000298       0x10 ./Core/Src/stm32f4xx_hal_msp.o
 .debug_ranges  0x00000000000002a8       0x68 ./Core/Src/stm32f4xx_it.o
 .debug_ranges  0x0000000000000310       0x18 ./Core/Src/system_stm32f4xx.o
 .debug_ranges  0x0000000000000328       0x30 ./Core/Src/tim.o
 .debug_ranges  0x0000000000000358       0x20 ./Core/Src/usart.o
 .debug_ranges  0x0000000000000378       0x20 ./Core/Startup/startup_stm32f407zetx.o
 .debug_ranges  0x0000000000000398       0xe0 ./Drivers/STM32F4xx_HAL_Driver/Src/stm32f4xx_hal.o
 .debug_ranges  0x0000000000000478       0xd8 ./Drivers/STM32F4xx_HAL_Driver/Src/stm32f4xx_hal_adc.o
 .debug_ranges  0x0000000000000550      0x108 ./Drivers/STM32F4xx_HAL_Driver/Src/stm32f4xx_hal_cortex.o
 .debug_ranges  0x0000000000000658       0x80 ./Drivers/STM32F4xx_HAL_Driver/Src/stm32f4xx_hal_dma.o
 .debug_ranges  0x00000000000006d8       0x48 ./Drivers/STM32F4xx_HAL_Driver/Src/stm32f4xx_hal_gpio.o
 .debug_ranges  0x0000000000000720      0x2b8 ./Drivers/STM32F4xx_HAL_Driver/Src/stm32f4xx_hal_i2c.o
 .debug_ranges  0x00000000000009d8       0x78 ./Drivers/STM32F4xx_HAL_Driver/Src/stm32f4xx_hal_rcc.o
 .debug_ranges  0x0000000000000a50      0x1c0 ./Drivers/STM32F4xx_HAL_Driver/Src/stm32f4xx_hal_spi.o
 .debug_ranges  0x0000000000000c10       0x90 ./Drivers/STM32F4xx_HAL_Driver/Src/stm32f4xx_hal_sram.o
 .debug_ranges  0x0000000000000ca0      0x3c0 ./Drivers/STM32F4xx_HAL_Driver/Src/stm32f4xx_hal_tim.o
 .debug_ranges  0x0000000000001060      0x158 ./Drivers/STM32F4xx_HAL_Driver/Src/stm32f4xx_hal_tim_ex.o
 .debug_ranges  0x00000000000011b8      0x220 ./Drivers/STM32F4xx_HAL_Driver/Src/stm32f4xx_hal_uart.o
 .debug_ranges  0x00000000000013d8       0x98 ./Drivers/STM32F4xx_HAL_Driver/Src/stm32f4xx_ll_fsmc.o

.debug_macro    0x0000000000000000    0x258e9
 .debug_macro   0x0000000000000000      0x24e ./Core/Src/adc.o
 .debug_macro   0x000000000000024e      0xaa8 ./Core/Src/adc.o
 .debug_macro   0x0000000000000cf6      0x2b3 ./Core/Src/adc.o
 .debug_macro   0x0000000000000fa9       0x2e ./Core/Src/adc.o
 .debug_macro   0x0000000000000fd7       0x2f ./Core/Src/adc.o
 .debug_macro   0x0000000000001006       0x22 ./Core/Src/adc.o
 .debug_macro   0x0000000000001028       0x8e ./Core/Src/adc.o
 .debug_macro   0x00000000000010b6       0x51 ./Core/Src/adc.o
 .debug_macro   0x0000000000001107      0x103 ./Core/Src/adc.o
 .debug_macro   0x000000000000120a       0x6a ./Core/Src/adc.o
 .debug_macro   0x0000000000001274      0x1df ./Core/Src/adc.o
 .debug_macro   0x0000000000001453       0x1c ./Core/Src/adc.o
 .debug_macro   0x000000000000146f       0x22 ./Core/Src/adc.o
 .debug_macro   0x0000000000001491       0xdf ./Core/Src/adc.o
 .debug_macro   0x0000000000001570     0x102d ./Core/Src/adc.o
 .debug_macro   0x000000000000259d      0x11f ./Core/Src/adc.o
 .debug_macro   0x00000000000026bc    0x15e58 ./Core/Src/adc.o
 .debug_macro   0x0000000000018514       0x6d ./Core/Src/adc.o
 .debug_macro   0x0000000000018581     0x3666 ./Core/Src/adc.o
 .debug_macro   0x000000000001bbe7      0x174 ./Core/Src/adc.o
 .debug_macro   0x000000000001bd5b       0x5c ./Core/Src/adc.o
 .debug_macro   0x000000000001bdb7      0x96b ./Core/Src/adc.o
 .debug_macro   0x000000000001c722      0x9fe ./Core/Src/adc.o
 .debug_macro   0x000000000001d120      0x116 ./Core/Src/adc.o
 .debug_macro   0x000000000001d236      0x13e ./Core/Src/adc.o
 .debug_macro   0x000000000001d374       0xa5 ./Core/Src/adc.o
 .debug_macro   0x000000000001d419      0x174 ./Core/Src/adc.o
 .debug_macro   0x000000000001d58d      0x287 ./Core/Src/adc.o
 .debug_macro   0x000000000001d814       0x5f ./Core/Src/adc.o
 .debug_macro   0x000000000001d873      0x236 ./Core/Src/adc.o
 .debug_macro   0x000000000001daa9      0xb5b ./Core/Src/adc.o
 .debug_macro   0x000000000001e604      0x38b ./Core/Src/adc.o
 .debug_macro   0x000000000001e98f      0x176 ./Core/Src/adc.o
 .debug_macro   0x000000000001eb05       0xf9 ./Core/Src/adc.o
 .debug_macro   0x000000000001ebfe      0x12c ./Core/Src/adc.o
 .debug_macro   0x000000000001ed2a      0x21e ./Core/Src/adc.o
 .debug_macro   0x000000000001ef48       0x2e ./Core/Src/adc.o
 .debug_macro   0x000000000001ef76      0x543 ./Core/Src/adc.o
 .debug_macro   0x000000000001f4b9      0x1b5 ./Core/Src/adc.o
 .debug_macro   0x000000000001f66e       0xd6 ./Core/Src/adc.o
 .debug_macro   0x000000000001f744      0x11a ./Core/Src/adc.o
 .debug_macro   0x000000000001f85e       0x7e ./Core/Src/adc.o
 .debug_macro   0x000000000001f8dc       0x89 ./Core/Src/adc.o
 .debug_macro   0x000000000001f965      0x225 ./Core/Src/adc.o
 .debug_macro   0x000000000001fb8a      0x8d1 ./Core/Src/adc.o
 .debug_macro   0x000000000002045b       0x47 ./Core/Src/adc.o
 .debug_macro   0x00000000000204a2      0x295 ./Core/Src/adc.o
 .debug_macro   0x0000000000020737      0x12d ./Core/Src/adc.o
 .debug_macro   0x0000000000020864       0x88 ./Core/Src/adc.o
 .debug_macro   0x00000000000208ec      0x262 ./Core/Src/button.o
 .debug_macro   0x0000000000020b4e      0x258 ./Core/Src/buzzer.o
 .debug_macro   0x0000000000020da6      0x24e ./Core/Src/dma.o
 .debug_macro   0x0000000000020ff4      0x24e ./Core/Src/fsmc.o
 .debug_macro   0x0000000000021242      0x24e ./Core/Src/gpio.o
 .debug_macro   0x0000000000021490      0x24e ./Core/Src/i2c.o
 .debug_macro   0x00000000000216de      0x363 ./Core/Src/lcd.o
 .debug_macro   0x0000000000021a41       0x18 ./Core/Src/lcd.o
 .debug_macro   0x0000000000021a59       0x52 ./Core/Src/lcd.o
 .debug_macro   0x0000000000021aab       0x3c ./Core/Src/lcd.o
 .debug_macro   0x0000000000021ae7       0x34 ./Core/Src/lcd.o
 .debug_macro   0x0000000000021b1b       0x16 ./Core/Src/lcd.o
 .debug_macro   0x0000000000021b31       0x35 ./Core/Src/lcd.o
 .debug_macro   0x0000000000021b66       0x16 ./Core/Src/lcd.o
 .debug_macro   0x0000000000021b7c       0x43 ./Core/Src/lcd.o
 .debug_macro   0x0000000000021bbf       0x34 ./Core/Src/lcd.o
 .debug_macro   0x0000000000021bf3       0x10 ./Core/Src/lcd.o
 .debug_macro   0x0000000000021c03       0x58 ./Core/Src/lcd.o
 .debug_macro   0x0000000000021c5b       0x71 ./Core/Src/lcd.o
 .debug_macro   0x0000000000021ccc       0x1c ./Core/Src/lcd.o
 .debug_macro   0x0000000000021ce8      0x12a ./Core/Src/lcd.o
 .debug_macro   0x0000000000021e12      0x333 ./Core/Src/lcd.o
 .debug_macro   0x0000000000022145       0x16 ./Core/Src/lcd.o
 .debug_macro   0x000000000002215b       0x29 ./Core/Src/lcd.o
 .debug_macro   0x0000000000022184       0x16 ./Core/Src/lcd.o
 .debug_macro   0x000000000002219a       0x20 ./Core/Src/lcd.o
 .debug_macro   0x00000000000221ba       0xca ./Core/Src/lcd.o
 .debug_macro   0x0000000000022284      0x258 ./Core/Src/led_7seg.o
 .debug_macro   0x00000000000224dc      0x40c ./Core/Src/main.o
 .debug_macro   0x00000000000228e8      0x258 ./Core/Src/sensor.o
 .debug_macro   0x0000000000022b40      0x25e ./Core/Src/software_timer.o
 .debug_macro   0x0000000000022d9e      0x24e ./Core/Src/spi.o
 .debug_macro   0x0000000000022fec      0x244 ./Core/Src/stm32f4xx_hal_msp.o
 .debug_macro   0x0000000000023230      0x24e ./Core/Src/stm32f4xx_it.o
 .debug_macro   0x000000000002347e      0x235 ./Core/Src/system_stm32f4xx.o
 .debug_macro   0x00000000000236b3      0x24e ./Core/Src/tim.o
 .debug_macro   0x0000000000023901      0x24e ./Core/Src/usart.o
 .debug_macro   0x0000000000023b4f      0x295 ./Drivers/STM32F4xx_HAL_Driver/Src/stm32f4xx_hal.o
 .debug_macro   0x0000000000023de4      0x236 ./Drivers/STM32F4xx_HAL_Driver/Src/stm32f4xx_hal_adc.o
 .debug_macro   0x000000000002401a      0x235 ./Drivers/STM32F4xx_HAL_Driver/Src/stm32f4xx_hal_cortex.o
 .debug_macro   0x000000000002424f      0x23b ./Drivers/STM32F4xx_HAL_Driver/Src/stm32f4xx_hal_dma.o
 .debug_macro   0x000000000002448a      0x23b ./Drivers/STM32F4xx_HAL_Driver/Src/stm32f4xx_hal_gpio.o
 .debug_macro   0x00000000000246c5      0x27c ./Drivers/STM32F4xx_HAL_Driver/Src/stm32f4xx_hal_i2c.o
 .debug_macro   0x0000000000024941      0x259 ./Drivers/STM32F4xx_HAL_Driver/Src/stm32f4xx_hal_rcc.o
 .debug_macro   0x0000000000024b9a      0x244 ./Drivers/STM32F4xx_HAL_Driver/Src/stm32f4xx_hal_spi.o
 .debug_macro   0x0000000000024dde      0x235 ./Drivers/STM32F4xx_HAL_Driver/Src/stm32f4xx_hal_sram.o
 .debug_macro   0x0000000000025013      0x236 ./Drivers/STM32F4xx_HAL_Driver/Src/stm32f4xx_hal_tim.o
 .debug_macro   0x0000000000025249      0x235 ./Drivers/STM32F4xx_HAL_Driver/Src/stm32f4xx_hal_tim_ex.o
 .debug_macro   0x000000000002547e      0x236 ./Drivers/STM32F4xx_HAL_Driver/Src/stm32f4xx_hal_uart.o
 .debug_macro   0x00000000000256b4      0x235 ./Drivers/STM32F4xx_HAL_Driver/Src/stm32f4xx_ll_fsmc.o

.debug_line     0x0000000000000000    0x1dd49
 .debug_line    0x0000000000000000      0x874 ./Core/Src/adc.o
 .debug_line    0x0000000000000874      0x810 ./Core/Src/button.o
 .debug_line    0x0000000000001084      0x7a7 ./Core/Src/buzzer.o
 .debug_line    0x000000000000182b      0x780 ./Core/Src/dma.o
 .debug_line    0x0000000000001fab      0x885 ./Core/Src/fsmc.o
 .debug_line    0x0000000000002830      0x7e4 ./Core/Src/gpio.o
 .debug_line    0x0000000000003014      0x7ee ./Core/Src/i2c.o
 .debug_line    0x0000000000003802     0x1012 ./Core/Src/lcd.o
 .debug_line    0x0000000000004814      0x87d ./Core/Src/led_7seg.o
 .debug_line    0x0000000000005091      0xb60 ./Core/Src/main.o
 .debug_line    0x0000000000005bf1      0x841 ./Core/Src/sensor.o
 .debug_line    0x0000000000006432      0x7ec ./Core/Src/software_timer.o
 .debug_line    0x0000000000006c1e      0x7f6 ./Core/Src/spi.o
 .debug_line    0x0000000000007414      0x785 ./Core/Src/stm32f4xx_hal_msp.o
 .debug_line    0x0000000000007b99      0x88f ./Core/Src/stm32f4xx_it.o
 .debug_line    0x0000000000008428      0x806 ./Core/Src/system_stm32f4xx.o
 .debug_line    0x0000000000008c2e      0x893 ./Core/Src/tim.o
 .debug_line    0x00000000000094c1      0x7f1 ./Core/Src/usart.o
 .debug_line    0x0000000000009cb2       0x88 ./Core/Startup/startup_stm32f407zetx.o
 .debug_line    0x0000000000009d3a      0xa6c ./Drivers/STM32F4xx_HAL_Driver/Src/stm32f4xx_hal.o
 .debug_line    0x000000000000a7a6     0x12f6 ./Drivers/STM32F4xx_HAL_Driver/Src/stm32f4xx_hal_adc.o
 .debug_line    0x000000000000ba9c      0xd1b ./Drivers/STM32F4xx_HAL_Driver/Src/stm32f4xx_hal_cortex.o
 .debug_line    0x000000000000c7b7      0xfd1 ./Drivers/STM32F4xx_HAL_Driver/Src/stm32f4xx_hal_dma.o
 .debug_line    0x000000000000d788      0xbe2 ./Drivers/STM32F4xx_HAL_Driver/Src/stm32f4xx_hal_gpio.o
 .debug_line    0x000000000000e36a     0x3a18 ./Drivers/STM32F4xx_HAL_Driver/Src/stm32f4xx_hal_i2c.o
 .debug_line    0x0000000000011d82      0xde8 ./Drivers/STM32F4xx_HAL_Driver/Src/stm32f4xx_hal_rcc.o
 .debug_line    0x0000000000012b6a     0x1cf4 ./Drivers/STM32F4xx_HAL_Driver/Src/stm32f4xx_hal_spi.o
 .debug_line    0x000000000001485e      0xc0e ./Drivers/STM32F4xx_HAL_Driver/Src/stm32f4xx_hal_sram.o
 .debug_line    0x000000000001546c     0x3760 ./Drivers/STM32F4xx_HAL_Driver/Src/stm32f4xx_hal_tim.o
 .debug_line    0x0000000000018bcc     0x1a69 ./Drivers/STM32F4xx_HAL_Driver/Src/stm32f4xx_hal_tim_ex.o
 .debug_line    0x000000000001a635     0x2af3 ./Drivers/STM32F4xx_HAL_Driver/Src/stm32f4xx_hal_uart.o
 .debug_line    0x000000000001d128      0xc21 ./Drivers/STM32F4xx_HAL_Driver/Src/stm32f4xx_ll_fsmc.o

.debug_str      0x0000000000000000    0xdea56
 .debug_str     0x0000000000000000    0xd5be6 ./Core/Src/adc.o
                                      0xd5f1e (size before relaxing)
 .debug_str     0x00000000000d5be6      0x239 ./Core/Src/button.o
                                      0xd5dfa (size before relaxing)
 .debug_str     0x00000000000d5e1f      0x2ce ./Core/Src/buzzer.o
                                      0xd5e9a (size before relaxing)
 .debug_str     0x00000000000d60ed      0x4fa ./Core/Src/dma.o
                                      0xd5f23 (size before relaxing)
 .debug_str     0x00000000000d65e7      0x282 ./Core/Src/fsmc.o
                                      0xd5ff7 (size before relaxing)
 .debug_str     0x00000000000d6869       0x3c ./Core/Src/gpio.o
                                      0xd5ad5 (size before relaxing)
 .debug_str     0x00000000000d68a5      0x2ae ./Core/Src/i2c.o
                                      0xd5fd5 (size before relaxing)
 .debug_str     0x00000000000d6b53     0x3714 ./Core/Src/lcd.o
                                      0xd9129 (size before relaxing)
 .debug_str     0x00000000000da267       0x98 ./Core/Src/led_7seg.o
                                      0xd5e36 (size before relaxing)
 .debug_str     0x00000000000da2ff      0x492 ./Core/Src/main.o
                                      0xda19b (size before relaxing)
 .debug_str     0x00000000000da791       0x9b ./Core/Src/sensor.o
                                      0xd5db0 (size before relaxing)
 .debug_str     0x00000000000da82c       0x88 ./Core/Src/software_timer.o
                                      0xd5f0b (size before relaxing)
 .debug_str     0x00000000000da8b4       0x4b ./Core/Src/spi.o
                                      0xd5f32 (size before relaxing)
 .debug_str     0x00000000000da8ff       0x2c ./Core/Src/stm32f4xx_hal_msp.o
                                      0xd5a38 (size before relaxing)
 .debug_str     0x00000000000da92b       0xf7 ./Core/Src/stm32f4xx_it.o
                                      0xd6121 (size before relaxing)
 .debug_str     0x00000000000daa22       0xaf ./Core/Src/system_stm32f4xx.o
                                      0xd5888 (size before relaxing)
 .debug_str     0x00000000000daad1      0x179 ./Core/Src/tim.o
                                      0xd6669 (size before relaxing)
 .debug_str     0x00000000000dac4a       0x57 ./Core/Src/usart.o
                                      0xd6428 (size before relaxing)
 .debug_str     0x00000000000daca1       0x36 ./Core/Startup/startup_stm32f407zetx.o
                                         0x68 (size before relaxing)
 .debug_str     0x00000000000dacd7      0x583 ./Drivers/STM32F4xx_HAL_Driver/Src/stm32f4xx_hal.o
                                      0xd636a (size before relaxing)
 .debug_str     0x00000000000db25a      0x29a ./Drivers/STM32F4xx_HAL_Driver/Src/stm32f4xx_hal_adc.o
                                      0xd5e34 (size before relaxing)
 .debug_str     0x00000000000db4f4      0x392 ./Drivers/STM32F4xx_HAL_Driver/Src/stm32f4xx_hal_cortex.o
                                      0xd6159 (size before relaxing)
 .debug_str     0x00000000000db886      0x315 ./Drivers/STM32F4xx_HAL_Driver/Src/stm32f4xx_hal_dma.o
                                      0xd5cb2 (size before relaxing)
 .debug_str     0x00000000000dbb9b      0x15a ./Drivers/STM32F4xx_HAL_Driver/Src/stm32f4xx_hal_gpio.o
                                      0xd5a2f (size before relaxing)
 .debug_str     0x00000000000dbcf5      0xab3 ./Drivers/STM32F4xx_HAL_Driver/Src/stm32f4xx_hal_i2c.o
                                      0xd680a (size before relaxing)
 .debug_str     0x00000000000dc7a8      0x24e ./Drivers/STM32F4xx_HAL_Driver/Src/stm32f4xx_hal_rcc.o
                                      0xd5c8a (size before relaxing)
 .debug_str     0x00000000000dc9f6      0x564 ./Drivers/STM32F4xx_HAL_Driver/Src/stm32f4xx_hal_spi.o
                                      0xd612c (size before relaxing)
 .debug_str     0x00000000000dcf5a      0x1b4 ./Drivers/STM32F4xx_HAL_Driver/Src/stm32f4xx_hal_sram.o
                                      0xd5da2 (size before relaxing)
 .debug_str     0x00000000000dd10e      0xd5a ./Drivers/STM32F4xx_HAL_Driver/Src/stm32f4xx_hal_tim.o
                                      0xd6bb7 (size before relaxing)
 .debug_str     0x00000000000dde68      0x4ee ./Drivers/STM32F4xx_HAL_Driver/Src/stm32f4xx_hal_tim_ex.o
                                      0xd6368 (size before relaxing)
 .debug_str     0x00000000000de356      0x5fb ./Drivers/STM32F4xx_HAL_Driver/Src/stm32f4xx_hal_uart.o
                                      0xd6210 (size before relaxing)
 .debug_str     0x00000000000de951      0x105 ./Drivers/STM32F4xx_HAL_Driver/Src/stm32f4xx_ll_fsmc.o
                                      0xd5c69 (size before relaxing)

.comment        0x0000000000000000       0x53
 .comment       0x0000000000000000       0x53 ./Core/Src/adc.o
                                         0x54 (size before relaxing)
 .comment       0x0000000000000053       0x54 ./Core/Src/button.o
 .comment       0x0000000000000053       0x54 ./Core/Src/buzzer.o
 .comment       0x0000000000000053       0x54 ./Core/Src/dma.o
 .comment       0x0000000000000053       0x54 ./Core/Src/fsmc.o
 .comment       0x0000000000000053       0x54 ./Core/Src/gpio.o
 .comment       0x0000000000000053       0x54 ./Core/Src/i2c.o
 .comment       0x0000000000000053       0x54 ./Core/Src/lcd.o
 .comment       0x0000000000000053       0x54 ./Core/Src/led_7seg.o
 .comment       0x0000000000000053       0x54 ./Core/Src/main.o
 .comment       0x0000000000000053       0x54 ./Core/Src/sensor.o
 .comment       0x0000000000000053       0x54 ./Core/Src/software_timer.o
 .comment       0x0000000000000053       0x54 ./Core/Src/spi.o
 .comment       0x0000000000000053       0x54 ./Core/Src/stm32f4xx_hal_msp.o
 .comment       0x0000000000000053       0x54 ./Core/Src/stm32f4xx_it.o
 .comment       0x0000000000000053       0x54 ./Core/Src/system_stm32f4xx.o
 .comment       0x0000000000000053       0x54 ./Core/Src/tim.o
 .comment       0x0000000000000053       0x54 ./Core/Src/usart.o
 .comment       0x0000000000000053       0x54 ./Drivers/STM32F4xx_HAL_Driver/Src/stm32f4xx_hal.o
 .comment       0x0000000000000053       0x54 ./Drivers/STM32F4xx_HAL_Driver/Src/stm32f4xx_hal_adc.o
 .comment       0x0000000000000053       0x54 ./Drivers/STM32F4xx_HAL_Driver/Src/stm32f4xx_hal_cortex.o
 .comment       0x0000000000000053       0x54 ./Drivers/STM32F4xx_HAL_Driver/Src/stm32f4xx_hal_dma.o
 .comment       0x0000000000000053       0x54 ./Drivers/STM32F4xx_HAL_Driver/Src/stm32f4xx_hal_gpio.o
 .comment       0x0000000000000053       0x54 ./Drivers/STM32F4xx_HAL_Driver/Src/stm32f4xx_hal_i2c.o
 .comment       0x0000000000000053       0x54 ./Drivers/STM32F4xx_HAL_Driver/Src/stm32f4xx_hal_rcc.o
 .comment       0x0000000000000053       0x54 ./Drivers/STM32F4xx_HAL_Driver/Src/stm32f4xx_hal_spi.o
 .comment       0x0000000000000053       0x54 ./Drivers/STM32F4xx_HAL_Driver/Src/stm32f4xx_hal_sram.o
 .comment       0x0000000000000053       0x54 ./Drivers/STM32F4xx_HAL_Driver/Src/stm32f4xx_hal_tim.o
 .comment       0x0000000000000053       0x54 ./Drivers/STM32F4xx_HAL_Driver/Src/stm32f4xx_hal_tim_ex.o
 .comment       0x0000000000000053       0x54 ./Drivers/STM32F4xx_HAL_Driver/Src/stm32f4xx_hal_uart.o
 .comment       0x0000000000000053       0x54 ./Drivers/STM32F4xx_HAL_Driver/Src/stm32f4xx_ll_fsmc.o

.debug_frame    0x0000000000000000     0x5be4
 .debug_frame   0x0000000000000000       0x7c ./Core/Src/adc.o
 .debug_frame   0x000000000000007c       0x50 ./Core/Src/button.o
 .debug_frame   0x00000000000000cc       0x54 ./Core/Src/buzzer.o
 .debug_frame   0x0000000000000120       0x34 ./Core/Src/dma.o
 .debug_frame   0x0000000000000154       0xbc ./Core/Src/fsmc.o
 .debug_frame   0x0000000000000210       0x34 ./Core/Src/gpio.o
 .debug_frame   0x0000000000000244       0x74 ./Core/Src/i2c.o
 .debug_frame   0x00000000000002b8      0x394 ./Core/Src/lcd.o
 .debug_frame   0x000000000000064c       0xe8 ./Core/Src/led_7seg.o
 .debug_frame   0x0000000000000734      0x140 ./Core/Src/main.o
 .debug_frame   0x0000000000000874       0xe0 ./Core/Src/sensor.o
 .debug_frame   0x0000000000000954       0x78 ./Core/Src/software_timer.o
 .debug_frame   0x00000000000009cc       0x74 ./Core/Src/spi.o
 .debug_frame   0x0000000000000a40       0x38 ./Core/Src/stm32f4xx_hal_msp.o
 .debug_frame   0x0000000000000a78      0x158 ./Core/Src/stm32f4xx_it.o
 .debug_frame   0x0000000000000bd0       0x58 ./Core/Src/system_stm32f4xx.o
 .debug_frame   0x0000000000000c28       0xc4 ./Core/Src/tim.o
 .debug_frame   0x0000000000000cec       0x74 ./Core/Src/usart.o
 .debug_frame   0x0000000000000d60      0x374 ./Drivers/STM32F4xx_HAL_Driver/Src/stm32f4xx_hal.o
 .debug_frame   0x00000000000010d4      0x3fc ./Drivers/STM32F4xx_HAL_Driver/Src/stm32f4xx_hal_adc.o
 .debug_frame   0x00000000000014d0      0x498 ./Drivers/STM32F4xx_HAL_Driver/Src/stm32f4xx_hal_cortex.o
 .debug_frame   0x0000000000001968      0x250 ./Drivers/STM32F4xx_HAL_Driver/Src/stm32f4xx_hal_dma.o
 .debug_frame   0x0000000000001bb8      0x14c ./Drivers/STM32F4xx_HAL_Driver/Src/stm32f4xx_hal_gpio.o
 .debug_frame   0x0000000000001d04      0xc5c ./Drivers/STM32F4xx_HAL_Driver/Src/stm32f4xx_hal_i2c.o
 .debug_frame   0x0000000000002960      0x1f0 ./Drivers/STM32F4xx_HAL_Driver/Src/stm32f4xx_hal_rcc.o
 .debug_frame   0x0000000000002b50      0x824 ./Drivers/STM32F4xx_HAL_Driver/Src/stm32f4xx_hal_spi.o
 .debug_frame   0x0000000000003374      0x2a0 ./Drivers/STM32F4xx_HAL_Driver/Src/stm32f4xx_hal_sram.o
 .debug_frame   0x0000000000003614     0x11c4 ./Drivers/STM32F4xx_HAL_Driver/Src/stm32f4xx_hal_tim.o
 .debug_frame   0x00000000000047d8      0x638 ./Drivers/STM32F4xx_HAL_Driver/Src/stm32f4xx_hal_tim_ex.o
 .debug_frame   0x0000000000004e10      0x92c ./Drivers/STM32F4xx_HAL_Driver/Src/stm32f4xx_hal_uart.o
 .debug_frame   0x000000000000573c      0x2dc ./Drivers/STM32F4xx_HAL_Driver/Src/stm32f4xx_ll_fsmc.o
 .debug_frame   0x0000000000005a18       0x2c c:/st/stm32cubeide_1.7.0/stm32cubeide/plugins/com.st.stm32cube.ide.mcu.externaltools.gnu-tools-for-stm32.9-2020-q2-update.win32_2.0.0.202105311346/tools/bin/../lib/gcc/arm-none-eabi/9.3.1/../../../../arm-none-eabi/lib/thumb/v7e-m+fp/hard\libc_nano.a(lib_a-init.o)